Archive member included to satisfy reference by file (symbol)

/Applications/ArmGNUToolchain/13.2.Rel1/arm-none-eabi/bin/../lib/gcc/arm-none-eabi/13.2.1/thumb/v6-m/nofp/libgcc.a(_dvmd_tls.o)
                              CMakeFiles/project.dir/Users/nikhilnayak/Downloads/pico/pico-sdk/src/rp2_common/pico_divider/divider.S.obj (__aeabi_idiv0)
/Applications/ArmGNUToolchain/13.2.Rel1/arm-none-eabi/bin/../lib/gcc/arm-none-eabi/13.2.1/../../../../arm-none-eabi/lib/thumb/v6-m/nofp/libg.a(libc_a-atoi.o)
                              CMakeFiles/project.dir/main.c.obj (atoi)
/Applications/ArmGNUToolchain/13.2.Rel1/arm-none-eabi/bin/../lib/gcc/arm-none-eabi/13.2.1/../../../../arm-none-eabi/lib/thumb/v6-m/nofp/libg.a(libc_a-calloc.o)
                              CMakeFiles/project.dir/Users/nikhilnayak/Downloads/pico/pico-sdk/src/rp2_common/pico_malloc/pico_malloc.c.obj (calloc)
/Applications/ArmGNUToolchain/13.2.Rel1/arm-none-eabi/bin/../lib/gcc/arm-none-eabi/13.2.1/../../../../arm-none-eabi/lib/thumb/v6-m/nofp/libg.a(libc_a-callocr.o)
                              /Applications/ArmGNUToolchain/13.2.Rel1/arm-none-eabi/bin/../lib/gcc/arm-none-eabi/13.2.1/../../../../arm-none-eabi/lib/thumb/v6-m/nofp/libg.a(libc_a-calloc.o) (_calloc_r)
/Applications/ArmGNUToolchain/13.2.Rel1/arm-none-eabi/bin/../lib/gcc/arm-none-eabi/13.2.1/../../../../arm-none-eabi/lib/thumb/v6-m/nofp/libg.a(libc_a-malloc.o)
                              CMakeFiles/project.dir/Users/nikhilnayak/Downloads/pico/pico-sdk/src/rp2_common/pico_malloc/pico_malloc.c.obj (malloc)
/Applications/ArmGNUToolchain/13.2.Rel1/arm-none-eabi/bin/../lib/gcc/arm-none-eabi/13.2.1/../../../../arm-none-eabi/lib/thumb/v6-m/nofp/libg.a(libc_a-mallocr.o)
                              /Applications/ArmGNUToolchain/13.2.Rel1/arm-none-eabi/bin/../lib/gcc/arm-none-eabi/13.2.1/../../../../arm-none-eabi/lib/thumb/v6-m/nofp/libg.a(libc_a-callocr.o) (_malloc_r)
/Applications/ArmGNUToolchain/13.2.Rel1/arm-none-eabi/bin/../lib/gcc/arm-none-eabi/13.2.1/../../../../arm-none-eabi/lib/thumb/v6-m/nofp/libg.a(libc_a-mlock.o)
                              /Applications/ArmGNUToolchain/13.2.Rel1/arm-none-eabi/bin/../lib/gcc/arm-none-eabi/13.2.1/../../../../arm-none-eabi/lib/thumb/v6-m/nofp/libg.a(libc_a-mallocr.o) (__malloc_lock)
/Applications/ArmGNUToolchain/13.2.Rel1/arm-none-eabi/bin/../lib/gcc/arm-none-eabi/13.2.1/../../../../arm-none-eabi/lib/thumb/v6-m/nofp/libg.a(libc_a-realloc.o)
                              CMakeFiles/project.dir/Users/nikhilnayak/Downloads/pico/pico-sdk/src/rp2_common/pico_malloc/pico_malloc.c.obj (realloc)
/Applications/ArmGNUToolchain/13.2.Rel1/arm-none-eabi/bin/../lib/gcc/arm-none-eabi/13.2.1/../../../../arm-none-eabi/lib/thumb/v6-m/nofp/libg.a(libc_a-reallocr.o)
                              /Applications/ArmGNUToolchain/13.2.Rel1/arm-none-eabi/bin/../lib/gcc/arm-none-eabi/13.2.1/../../../../arm-none-eabi/lib/thumb/v6-m/nofp/libg.a(libc_a-realloc.o) (_realloc_r)
/Applications/ArmGNUToolchain/13.2.Rel1/arm-none-eabi/bin/../lib/gcc/arm-none-eabi/13.2.1/../../../../arm-none-eabi/lib/thumb/v6-m/nofp/libg.a(libc_a-strtol.o)
                              /Applications/ArmGNUToolchain/13.2.Rel1/arm-none-eabi/bin/../lib/gcc/arm-none-eabi/13.2.1/../../../../arm-none-eabi/lib/thumb/v6-m/nofp/libg.a(libc_a-atoi.o) (_strtol_r)
/Applications/ArmGNUToolchain/13.2.Rel1/arm-none-eabi/bin/../lib/gcc/arm-none-eabi/13.2.1/../../../../arm-none-eabi/lib/thumb/v6-m/nofp/libg.a(libc_a-memmove.o)
                              /Applications/ArmGNUToolchain/13.2.Rel1/arm-none-eabi/bin/../lib/gcc/arm-none-eabi/13.2.1/../../../../arm-none-eabi/lib/thumb/v6-m/nofp/libg.a(libc_a-reallocr.o) (memmove)
/Applications/ArmGNUToolchain/13.2.Rel1/arm-none-eabi/bin/../lib/gcc/arm-none-eabi/13.2.1/../../../../arm-none-eabi/lib/thumb/v6-m/nofp/libg.a(libc_a-impure.o)
                              /Applications/ArmGNUToolchain/13.2.Rel1/arm-none-eabi/bin/../lib/gcc/arm-none-eabi/13.2.1/../../../../arm-none-eabi/lib/thumb/v6-m/nofp/libg.a(libc_a-calloc.o) (_impure_ptr)
/Applications/ArmGNUToolchain/13.2.Rel1/arm-none-eabi/bin/../lib/gcc/arm-none-eabi/13.2.1/../../../../arm-none-eabi/lib/thumb/v6-m/nofp/libg.a(libc_a-sbrkr.o)
                              /Applications/ArmGNUToolchain/13.2.Rel1/arm-none-eabi/bin/../lib/gcc/arm-none-eabi/13.2.1/../../../../arm-none-eabi/lib/thumb/v6-m/nofp/libg.a(libc_a-mallocr.o) (_sbrk_r)
/Applications/ArmGNUToolchain/13.2.Rel1/arm-none-eabi/bin/../lib/gcc/arm-none-eabi/13.2.1/../../../../arm-none-eabi/lib/thumb/v6-m/nofp/libg.a(libc_a-errno.o)
                              /Applications/ArmGNUToolchain/13.2.Rel1/arm-none-eabi/bin/../lib/gcc/arm-none-eabi/13.2.1/../../../../arm-none-eabi/lib/thumb/v6-m/nofp/libg.a(libc_a-callocr.o) (__errno)
/Applications/ArmGNUToolchain/13.2.Rel1/arm-none-eabi/bin/../lib/gcc/arm-none-eabi/13.2.1/../../../../arm-none-eabi/lib/thumb/v6-m/nofp/libg.a(libc_a-sysconf.o)
[...]
Memory Configuration

Name             Origin             Length             Attributes
FLASH            0x10000000         0x00200000         xr
RAM              0x20000000         0x00040000         xrw
SCRATCH_X        0x20040000         0x00001000         xrw
SCRATCH_Y        0x20041000         0x00001000         xrw
*default*        0x00000000         0xffffffff

Linker script and memory map

LOAD /Applications/ArmGNUToolchain/13.2.Rel1/arm-none-eabi/bin/../lib/gcc/arm-none-eabi/13.2.1/thumb/v6-m/nofp/crti.o
LOAD /Applications/ArmGNUToolchain/13.2.Rel1/arm-none-eabi/bin/../lib/gcc/arm-none-eabi/13.2.1/thumb/v6-m/nofp/crtbegin.o
LOAD /Applications/ArmGNUToolchain/13.2.Rel1/arm-none-eabi/bin/../lib/gcc/arm-none-eabi/13.2.1/../../../../arm-none-eabi/lib/thumb/v6-m/nofp/crt0.o

.flash_begin    0x10000000        0x0
                0x10000000                        __flash_binary_start = .

.boot2          0x10000000      0x100
                0x10000000                        __boot2_start__ = .
 *(.boot2)
 .boot2         0x10000000      0x100 /var/folders/4r/v625fp2n1n13h38982r34bxc0000gn/T//ccTmm6sS.o
                0x10000100                        __boot2_end__ = .
                0x00000001                        ASSERT (((__boot2_end__ - __boot2_start__) == 0x100), ERROR: Pico second stage bootloader must be 256 bytes in size)

.text           0x10000100     0x7470
                0x10000100                        __logical_binary_start = .
 *(.vectors)
 .vectors       0x10000100       0xd4 CMakeFiles/project.dir/Users/nikhilnayak/Downloads/pico/pico-sdk/src/rp2_common/pico_standard_link/crt0.S.obj
                0x10000100                __VECTOR_TABLE
                0x10000100                __vectors
                0x100001c0                __default_isrs_start
                0x100001c0                isr_invalid
                0x100001c2                isr_nmi
                0x100001c4                isr_hardfault
                0x100001c6                isr_svcall
                0x100001c8                isr_pendsv
                0x100001ca                isr_systick
                0x100001cc                isr_irq28
                0x100001cc                isr_irq19
                0x100001cc                isr_irq0
                0x100001cc                isr_irq6
                0x100001cc                isr_irq22
                0x100001cc                isr_irq17
                0x100001cc                isr_irq14
                0x100001cc                isr_irq2
                0x100001cc                isr_irq10
                0x100001cc                isr_irq8
                0x100001cc                isr_irq24
                0x100001cc                isr_irq1
                0x100001cc                isr_irq7
                0x100001cc                isr_irq21
                0x100001cc                isr_irq20
                0x100001cc                isr_irq15
                0x100001cc                isr_irq25
                0x100001cc                isr_irq4
                0x100001cc                isr_irq16
                0x100001cc                isr_irq29
                0x100001cc                isr_irq26
                0x100001cc                __default_isrs_end
                0x100001cc                isr_irq3
                0x100001cc                isr_irq9
                0x100001cc                __unhandled_user_irq
                0x100001cc                isr_irq13
                0x100001cc                isr_irq27
                0x100001cc                isr_irq31
                0x100001cc                isr_irq5
                0x100001cc                isr_irq11
                0x100001cc                isr_irq23
                0x100001cc                isr_irq18
                0x100001cc                isr_irq30
                0x100001cc                isr_irq12
                0x100001d2                unhandled_user_irq_num_in_r0
 *(.binary_info_header)
 .binary_info_header
                0x100001d4       0x14 CMakeFiles/project.dir/Users/nikhilnayak/Downloads/pico/pico-sdk/src/rp2_common/pico_standard_link/crt0.S.obj
                0x100001e8                        __binary_info_header_end = .
 *(.reset)
 .reset         0x100001e8       0xa0 CMakeFiles/project.dir/Users/nikhilnayak/Downloads/pico/pico-sdk/src/rp2_common/pico_standard_link/crt0.S.obj
                0x100001e8                _entry_point
 .reset         0x10000288       0x30 CMakeFiles/project.dir/Users/nikhilnayak/Downloads/pico/pico-sdk/src/rp2_common/pico_standard_link/binary_info.c.obj
 *(.init)
 .init          0x100002b8        0x4 /Applications/ArmGNUToolchain/13.2.Rel1/arm-none-eabi/bin/../lib/gcc/arm-none-eabi/13.2.1/thumb/v6-m/nofp/crti.o
                0x100002b8                _init
 *(EXCLUDE_FILE(*libm.a: *libc.a:*lib_a-mem*.o *libgcc.a:) .text*)
 .text.register_tm_clones
                0x100002bc       0x28 /Applications/ArmGNUToolchain/13.2.Rel1/arm-none-eabi/bin/../lib/gcc/arm-none-eabi/13.2.1/thumb/v6-m/nofp/crtbegin.o
 .text.frame_dummy
                0x100002e4       0x24 /Applications/ArmGNUToolchain/13.2.Rel1/arm-none-eabi/bin/../lib/gcc/arm-none-eabi/13.2.1/thumb/v6-m/nofp/crtbegin.o
 .text.uart_putc
                0x10000308       0x60 CMakeFiles/project.dir/main.c.obj
 .text.uart_puts
                0x10000368       0x4a CMakeFiles/project.dir/main.c.obj
 .text.uart_getc
                0x100003b2       0x24 CMakeFiles/project.dir/main.c.obj
 *fill*         0x100003d6        0x2 
 .text.pwm_set_chan_level
                0x100003d8       0x40 CMakeFiles/project.dir/main.c.obj
 .text.on_uart_rx
                0x10000418       0x80 CMakeFiles/project.dir/main.c.obj
                0x10000418                on_uart_rx
 .text.initPWM  0x10000498       0x80 CMakeFiles/project.dir/main.c.obj
                0x10000498                initPWM
 .text.set_left_PWM
                0x10000518       0x2c CMakeFiles/project.dir/main.c.obj
                0x10000518                set_left_PWM
 .text.set_right_PWM
                0x10000544       0x2c CMakeFiles/project.dir/main.c.obj
                0x10000544                set_right_PWM
 .text.make_waveform_right
                0x10000570       0x64 CMakeFiles/project.dir/main.c.obj
                0x10000570                make_waveform_right
 .text.make_waveform_left
                0x100005d4       0x66 CMakeFiles/project.dir/main.c.obj
                0x100005d4                make_waveform_left
 *fill*         0x1000063a        0x2 
 .text.main     0x1000063c      0x12c CMakeFiles/project.dir/main.c.obj
                0x1000063c                main
 .text.gpio_set_function
                0x10000768       0x30 CMakeFiles/project.dir/Users/nikhilnayak/Downloads/pico/pico-sdk/src/rp2_common/hardware_gpio/gpio.c.obj
                0x10000768                gpio_set_function
 .text.gpio_init
                0x10000798       0x16 CMakeFiles/project.dir/Users/nikhilnayak/Downloads/pico/pico-sdk/src/rp2_common/hardware_gpio/gpio.c.obj
                0x10000798                gpio_init
 *fill*         0x100007ae        0x2 
 .text.running_on_fpga
                0x100007b0       0x14 CMakeFiles/project.dir/Users/nikhilnayak/Downloads/pico/pico-sdk/src/rp2_common/pico_platform/platform.c.obj
                0x100007b0                running_on_fpga
 .text.hw_claim_lock
                0x100007c4       0x18 CMakeFiles/project.dir/Users/nikhilnayak/Downloads/pico/pico-sdk/src/rp2_common/hardware_claim/claim.c.obj
                0x100007c4                hw_claim_lock
 .text.hw_claim_unlock
                0x100007dc       0x14 CMakeFiles/project.dir/Users/nikhilnayak/Downloads/pico/pico-sdk/src/rp2_common/hardware_claim/claim.c.obj
                0x100007dc                hw_claim_unlock
 .text.hw_claim_or_assert
                0x100007f0       0x32 CMakeFiles/project.dir/Users/nikhilnayak/Downloads/pico/pico-sdk/src/rp2_common/hardware_claim/claim.c.obj
                0x100007f0                hw_claim_or_assert
 .text.hw_claim_unused_from_range
                0x10000822       0x50 CMakeFiles/project.dir/Users/nikhilnayak/Downloads/pico/pico-sdk/src/rp2_common/hardware_claim/claim.c.obj
                0x10000822                hw_claim_unused_from_range
 *fill*         0x10000872        0x2 
 .text.spin_locks_reset
                0x10000874       0x20 CMakeFiles/project.dir/Users/nikhilnayak/Downloads/pico/pico-sdk/src/rp2_common/hardware_sync/sync.c.obj
                0x10000874                spin_locks_reset
 .text.next_striped_spin_lock_num
                0x10000894       0x1c CMakeFiles/project.dir/Users/nikhilnayak/Downloads/pico/pico-sdk/src/rp2_common/hardware_sync/sync.c.obj
                0x10000894                next_striped_spin_lock_num
 .text.spin_lock_claim_unused
                0x100008b0       0x24 CMakeFiles/project.dir/Users/nikhilnayak/Downloads/pico/pico-sdk/src/rp2_common/hardware_sync/sync.c.obj
                0x100008b0                spin_lock_claim_unused
 .text.set_raw_irq_handler_and_unlock
                0x100008d4       0x28 CMakeFiles/project.dir/Users/nikhilnayak/Downloads/pico/pico-sdk/src/rp2_common/hardware_irq/irq.c.obj
 .text.resolve_branch
                0x100008fc       0x30 CMakeFiles/project.dir/Users/nikhilnayak/Downloads/pico/pico-sdk/src/rp2_common/hardware_irq/irq.c.obj
 .text.make_branch
                0x1000092c       0x48 CMakeFiles/project.dir/Users/nikhilnayak/Downloads/pico/pico-sdk/src/rp2_common/hardware_irq/irq.c.obj
 .text.insert_branch_and_link
                0x10000974       0x40 CMakeFiles/project.dir/Users/nikhilnayak/Downloads/pico/pico-sdk/src/rp2_common/hardware_irq/irq.c.obj
 .text.irq_is_enabled
                0x100009b4       0x18 CMakeFiles/project.dir/Users/nikhilnayak/Downloads/pico/pico-sdk/src/rp2_common/hardware_irq/irq.c.obj
                0x100009b4                irq_is_enabled
 .text.irq_set_mask_enabled
                0x100009cc       0x20 CMakeFiles/project.dir/Users/nikhilnayak/Downloads/pico/pico-sdk/src/rp2_common/hardware_irq/irq.c.obj
                0x100009cc                irq_set_mask_enabled
 .text.irq_set_enabled
                0x100009ec        0xe CMakeFiles/project.dir/Users/nikhilnayak/Downloads/pico/pico-sdk/src/rp2_common/hardware_irq/irq.c.obj
                0x100009ec                irq_set_enabled
 *fill*         0x100009fa        0x2 
 .text.irq_set_pending
                0x100009fc       0x10 CMakeFiles/project.dir/Users/nikhilnayak/Downloads/pico/pico-sdk/src/rp2_common/hardware_irq/irq.c.obj
                0x100009fc                irq_set_pending
 .text.irq_get_vtable_handler
                0x10000a0c       0x10 CMakeFiles/project.dir/Users/nikhilnayak/Downloads/pico/pico-sdk/src/rp2_common/hardware_irq/irq.c.obj
                0x10000a0c                irq_get_vtable_handler
 .text.irq_has_shared_handler
                0x10000a1c       0x24 CMakeFiles/project.dir/Users/nikhilnayak/Downloads/pico/pico-sdk/src/rp2_common/hardware_irq/irq.c.obj
                0x10000a1c                irq_has_shared_handler
 .text.irq_set_exclusive_handler
                0x10000a40       0x54 CMakeFiles/project.dir/Users/nikhilnayak/Downloads/pico/pico-sdk/src/rp2_common/hardware_irq/irq.c.obj
                0x10000a40                irq_set_exclusive_handler
 .text.irq_add_shared_handler
                0x10000a94      0x210 CMakeFiles/project.dir/Users/nikhilnayak/Downloads/pico/pico-sdk/src/rp2_common/hardware_irq/irq.c.obj
                0x10000a94                irq_add_shared_handler
 .text.irq_remove_handler
                0x10000ca4      0x188 CMakeFiles/project.dir/Users/nikhilnayak/Downloads/pico/pico-sdk/src/rp2_common/hardware_irq/irq.c.obj
                0x10000ca4                irq_remove_handler
 .text.irq_add_tail_to_free_list
                0x10000e2c       0xf0 CMakeFiles/project.dir/Users/nikhilnayak/Downloads/pico/pico-sdk/src/rp2_common/hardware_irq/irq.c.obj
                0x10000e2c                irq_add_tail_to_free_list
 .text.irq_init_priorities
                0x10000f1c       0x1c CMakeFiles/project.dir/Users/nikhilnayak/Downloads/pico/pico-sdk/src/rp2_common/hardware_irq/irq.c.obj
                0x10000f1c                irq_init_priorities
 .text.user_irq_claim_unused
                0x10000f38       0x2c CMakeFiles/project.dir/Users/nikhilnayak/Downloads/pico/pico-sdk/src/rp2_common/hardware_irq/irq.c.obj
                0x10000f38                user_irq_claim_unused
 .text.lock_init
                0x10000f64       0x10 CMakeFiles/project.dir/Users/nikhilnayak/Downloads/pico/pico-sdk/src/common/pico_sync/lock_core.c.obj
                0x10000f64                lock_init
 .text.update_us_since_boot
                0x10000f74       0x24 CMakeFiles/project.dir/Users/nikhilnayak/Downloads/pico/pico-sdk/src/common/pico_sync/mutex.c.obj
 .text.delayed_by_ms
                0x10000f98       0x44 CMakeFiles/project.dir/Users/nikhilnayak/Downloads/pico/pico-sdk/src/common/pico_sync/mutex.c.obj
 .text.get_absolute_time
                0x10000fdc       0x22 CMakeFiles/project.dir/Users/nikhilnayak/Downloads/pico/pico-sdk/src/common/pico_sync/mutex.c.obj
 .text.make_timeout_time_ms
                0x10000ffe       0x20 CMakeFiles/project.dir/Users/nikhilnayak/Downloads/pico/pico-sdk/src/common/pico_sync/mutex.c.obj
 .text.mutex_init
                0x1000101e       0x1a CMakeFiles/project.dir/Users/nikhilnayak/Downloads/pico/pico-sdk/src/common/pico_sync/mutex.c.obj
                0x1000101e                mutex_init
 .text.recursive_mutex_init
                0x10001038       0x1e CMakeFiles/project.dir/Users/nikhilnayak/Downloads/pico/pico-sdk/src/common/pico_sync/mutex.c.obj
                0x10001038                recursive_mutex_init
 *fill*         0x10001056        0x2 
 .text.critical_section_init_with_lock_num
                0x10001058       0x14 CMakeFiles/project.dir/Users/nikhilnayak/Downloads/pico/pico-sdk/src/common/pico_sync/critical_section.c.obj
                0x10001058                critical_section_init_with_lock_num
 .text.critical_section_init
                0x1000106c       0x14 CMakeFiles/project.dir/Users/nikhilnayak/Downloads/pico/pico-sdk/src/common/pico_sync/critical_section.c.obj
                0x1000106c                critical_section_init
 .text.time_reached
                0x10001080       0x28 CMakeFiles/project.dir/Users/nikhilnayak/Downloads/pico/pico-sdk/src/common/pico_time/time.c.obj
 .text.get_entry
                0x100010a8       0x38 CMakeFiles/project.dir/Users/nikhilnayak/Downloads/pico/pico-sdk/src/common/pico_time/time.c.obj
 .text.timer_pool_entry_comparator
                0x100010e0       0x2e CMakeFiles/project.dir/Users/nikhilnayak/Downloads/pico/pico-sdk/src/common/pico_time/time.c.obj
                0x100010e0                timer_pool_entry_comparator
 *fill*         0x1000110e        0x2 
 .text.update_us_since_boot
                0x10001110       0x24 CMakeFiles/project.dir/Users/nikhilnayak/Downloads/pico/pico-sdk/src/common/pico_time/time.c.obj
 .text.delayed_by_us
                0x10001134       0x34 CMakeFiles/project.dir/Users/nikhilnayak/Downloads/pico/pico-sdk/src/common/pico_time/time.c.obj
 .text.ph_get_node
                0x10001168       0x30 CMakeFiles/project.dir/Users/nikhilnayak/Downloads/pico/pico-sdk/src/common/pico_time/time.c.obj
 .text.ph_contains_node
                0x10001198       0x1e CMakeFiles/project.dir/Users/nikhilnayak/Downloads/pico/pico-sdk/src/common/pico_time/time.c.obj
 .text.ph_new_node
                0x100011b6       0x28 CMakeFiles/project.dir/Users/nikhilnayak/Downloads/pico/pico-sdk/src/common/pico_time/time.c.obj
 *fill*         0x100011de        0x2 
 .text.ph_add_child_node
                0x100011e0       0x6c CMakeFiles/project.dir/Users/nikhilnayak/Downloads/pico/pico-sdk/src/common/pico_time/time.c.obj
 .text.ph_merge_nodes
                0x1000124c       0x3e CMakeFiles/project.dir/Users/nikhilnayak/Downloads/pico/pico-sdk/src/common/pico_time/time.c.obj
 *fill*         0x1000128a        0x2 
 .text.ph_insert_node
                0x1000128c       0x3c CMakeFiles/project.dir/Users/nikhilnayak/Downloads/pico/pico-sdk/src/common/pico_time/time.c.obj
 .text.ph_free_node
                0x100012c8       0x5c CMakeFiles/project.dir/Users/nikhilnayak/Downloads/pico/pico-sdk/src/common/pico_time/time.c.obj
 .text.get_entry_id_high
                0x10001324       0x30 CMakeFiles/project.dir/Users/nikhilnayak/Downloads/pico/pico-sdk/src/common/pico_time/time.c.obj
 .text.alarm_pool_post_alloc_init
                0x10001354       0x40 CMakeFiles/project.dir/Users/nikhilnayak/Downloads/pico/pico-sdk/src/common/pico_time/time.c.obj
 .text.sleep_until_callback
                0x10001394       0x30 CMakeFiles/project.dir/Users/nikhilnayak/Downloads/pico/pico-sdk/src/common/pico_time/time.c.obj
 .text.get_absolute_time
                0x100013c4       0x22 CMakeFiles/project.dir/Users/nikhilnayak/Downloads/pico/pico-sdk/src/common/pico_time/time.c.obj
 *fill*         0x100013e6        0x2 
 .text.add_alarm_under_lock
                0x100013e8       0x94 CMakeFiles/project.dir/Users/nikhilnayak/Downloads/pico/pico-sdk/src/common/pico_time/time.c.obj
 .text.alarm_pool_alarm_callback
                0x1000147c      0x210 CMakeFiles/project.dir/Users/nikhilnayak/Downloads/pico/pico-sdk/src/common/pico_time/time.c.obj
 .text.alarm_pool_init_default
                0x1000168c       0x40 CMakeFiles/project.dir/Users/nikhilnayak/Downloads/pico/pico-sdk/src/common/pico_time/time.c.obj
                0x1000168c                alarm_pool_init_default
 .text.alarm_pool_get_default
                0x100016cc       0x2c CMakeFiles/project.dir/Users/nikhilnayak/Downloads/pico/pico-sdk/src/common/pico_time/time.c.obj
                0x100016cc                alarm_pool_get_default
 .text.alarm_pool_add_alarm_at
                0x100016f8      0x10e CMakeFiles/project.dir/Users/nikhilnayak/Downloads/pico/pico-sdk/src/common/pico_time/time.c.obj
                0x100016f8                alarm_pool_add_alarm_at
 .text.add_alarm_at
                0x10001806       0x2e CMakeFiles/project.dir/Users/nikhilnayak/Downloads/pico/pico-sdk/src/common/pico_time/time.c.obj
 .text.alarm_pool_cancel_alarm
                0x10001834       0xa8 CMakeFiles/project.dir/Users/nikhilnayak/Downloads/pico/pico-sdk/src/common/pico_time/time.c.obj
                0x10001834                alarm_pool_cancel_alarm
 .text.cancel_alarm
                0x100018dc       0x10 CMakeFiles/project.dir/Users/nikhilnayak/Downloads/pico/pico-sdk/src/common/pico_time/time.c.obj
 .text.alarm_pool_core_num
                0x100018ec        0x4 CMakeFiles/project.dir/Users/nikhilnayak/Downloads/pico/pico-sdk/src/common/pico_time/time.c.obj
                0x100018ec                alarm_pool_core_num
 .text.best_effort_wfe_or_timeout
                0x100018f0       0x44 CMakeFiles/project.dir/Users/nikhilnayak/Downloads/pico/pico-sdk/src/common/pico_time/time.c.obj
                0x100018f0                best_effort_wfe_or_timeout
 .text.update_us_since_boot
                0x10001934       0x24 CMakeFiles/project.dir/Users/nikhilnayak/Downloads/pico/pico-sdk/src/rp2_common/hardware_timer/timer.c.obj
 .text.hardware_alarm_irq_handler
                0x10001958       0x8c CMakeFiles/project.dir/Users/nikhilnayak/Downloads/pico/pico-sdk/src/rp2_common/hardware_timer/timer.c.obj
 .text.hardware_alarm_claim
                0x100019e4       0x18 CMakeFiles/project.dir/Users/nikhilnayak/Downloads/pico/pico-sdk/src/rp2_common/hardware_timer/timer.c.obj
                0x100019e4                hardware_alarm_claim
 .text.time_us_64
                0x100019fc       0x18 CMakeFiles/project.dir/Users/nikhilnayak/Downloads/pico/pico-sdk/src/rp2_common/hardware_timer/timer.c.obj
                0x100019fc                time_us_64
 .text.busy_wait_until
                0x10001a14       0x28 CMakeFiles/project.dir/Users/nikhilnayak/Downloads/pico/pico-sdk/src/rp2_common/hardware_timer/timer.c.obj
                0x10001a14                busy_wait_until
 .text.busy_wait_us
                0x10001a3c       0x3a CMakeFiles/project.dir/Users/nikhilnayak/Downloads/pico/pico-sdk/src/rp2_common/hardware_timer/timer.c.obj
                0x10001a3c                busy_wait_us
 *fill*         0x10001a76        0x2 
 .text.hardware_alarm_set_callback
                0x10001a78       0x90 CMakeFiles/project.dir/Users/nikhilnayak/Downloads/pico/pico-sdk/src/rp2_common/hardware_timer/timer.c.obj
                0x10001a78                hardware_alarm_set_callback
 .text.hardware_alarm_set_target
                0x10001b08       0xe8 CMakeFiles/project.dir/Users/nikhilnayak/Downloads/pico/pico-sdk/src/rp2_common/hardware_timer/timer.c.obj
                0x10001b08                hardware_alarm_set_target
 .text.hardware_alarm_cancel
                0x10001bf0       0x40 CMakeFiles/project.dir/Users/nikhilnayak/Downloads/pico/pico-sdk/src/rp2_common/hardware_timer/timer.c.obj
                0x10001bf0                hardware_alarm_cancel
 .text.ph_get_node
                0x10001c30       0x30 CMakeFiles/project.dir/Users/nikhilnayak/Downloads/pico/pico-sdk/src/common/pico_util/pheap.c.obj
 .text.ph_add_child_node
                0x10001c60       0x6c CMakeFiles/project.dir/Users/nikhilnayak/Downloads/pico/pico-sdk/src/common/pico_util/pheap.c.obj
 .text.ph_merge_nodes
                0x10001ccc       0x3e CMakeFiles/project.dir/Users/nikhilnayak/Downloads/pico/pico-sdk/src/common/pico_util/pheap.c.obj
 .text.ph_clear
                0x10001d0a       0x34 CMakeFiles/project.dir/Users/nikhilnayak/Downloads/pico/pico-sdk/src/common/pico_util/pheap.c.obj
                0x10001d0a                ph_clear
 .text.ph_post_alloc_init
                0x10001d3e        0xe CMakeFiles/project.dir/Users/nikhilnayak/Downloads/pico/pico-sdk/src/common/pico_util/pheap.c.obj
                0x10001d3e                ph_post_alloc_init
 .text.ph_merge_two_pass
                0x10001d4c       0x5c CMakeFiles/project.dir/Users/nikhilnayak/Downloads/pico/pico-sdk/src/common/pico_util/pheap.c.obj
                0x10001d4c                ph_merge_two_pass
 .text.ph_remove_any_head
                0x10001da8       0xc0 CMakeFiles/project.dir/Users/nikhilnayak/Downloads/pico/pico-sdk/src/common/pico_util/pheap.c.obj
 .text.ph_remove_head
                0x10001e68       0x14 CMakeFiles/project.dir/Users/nikhilnayak/Downloads/pico/pico-sdk/src/common/pico_util/pheap.c.obj
                0x10001e68                ph_remove_head
 .text.ph_remove_and_free_node
                0x10001e7c       0xa0 CMakeFiles/project.dir/Users/nikhilnayak/Downloads/pico/pico-sdk/src/common/pico_util/pheap.c.obj
                0x10001e7c                ph_remove_and_free_node
 .text.uart_disable_before_lcr_write
                0x10001f1c       0x48 CMakeFiles/project.dir/Users/nikhilnayak/Downloads/pico/pico-sdk/src/rp2_common/hardware_uart/uart.c.obj
 .text.uart_write_lcr_bits_masked
                0x10001f64       0x22 CMakeFiles/project.dir/Users/nikhilnayak/Downloads/pico/pico-sdk/src/rp2_common/hardware_uart/uart.c.obj
 *fill*         0x10001f86        0x2 
 .text.uart_set_baudrate
                0x10001f88       0x5c CMakeFiles/project.dir/Users/nikhilnayak/Downloads/pico/pico-sdk/src/rp2_common/hardware_uart/uart.c.obj
                0x10001f88                uart_set_baudrate
 .text.uart_set_format
                0x10001fe4       0x2c CMakeFiles/project.dir/Users/nikhilnayak/Downloads/pico/pico-sdk/src/rp2_common/hardware_uart/uart.c.obj
                0x10001fe4                uart_set_format
 .text.uart_set_fifo_enabled
                0x10002010       0x10 CMakeFiles/project.dir/Users/nikhilnayak/Downloads/pico/pico-sdk/src/rp2_common/hardware_uart/uart.c.obj
                0x10002010                uart_set_fifo_enabled
 .text.uart_set_translate_crlf
                0x10002020       0x28 CMakeFiles/project.dir/Users/nikhilnayak/Downloads/pico/pico-sdk/src/rp2_common/hardware_uart/uart.c.obj
                0x10002020                uart_set_translate_crlf
 .text.uart_init
                0x10002048       0x80 CMakeFiles/project.dir/Users/nikhilnayak/Downloads/pico/pico-sdk/src/rp2_common/hardware_uart/uart.c.obj
                0x10002048                uart_init
 .text.clock_configure
                0x100020c8      0x108 CMakeFiles/project.dir/Users/nikhilnayak/Downloads/pico/pico-sdk/src/rp2_common/hardware_clocks/clocks.c.obj
                0x100020c8                clock_configure
 .text.clocks_init
                0x100021d0      0x100 CMakeFiles/project.dir/Users/nikhilnayak/Downloads/pico/pico-sdk/src/rp2_common/hardware_clocks/clocks.c.obj
                0x100021d0                clocks_init
 .text.clock_get_hz
                0x100022d0        0xc CMakeFiles/project.dir/Users/nikhilnayak/Downloads/pico/pico-sdk/src/rp2_common/hardware_clocks/clocks.c.obj
                0x100022d0                clock_get_hz
 .text.pll_init
                0x100022dc      0x120 CMakeFiles/project.dir/Users/nikhilnayak/Downloads/pico/pico-sdk/src/rp2_common/hardware_pll/pll.c.obj
                0x100022dc                pll_init
 .text.watchdog_start_tick
                0x100023fc       0x10 CMakeFiles/project.dir/Users/nikhilnayak/Downloads/pico/pico-sdk/src/rp2_common/hardware_watchdog/watchdog.c.obj
                0x100023fc                watchdog_start_tick
 .text.watchdog_update
                0x1000240c       0x14 CMakeFiles/project.dir/Users/nikhilnayak/Downloads/pico/pico-sdk/src/rp2_common/hardware_watchdog/watchdog.c.obj
                0x1000240c                watchdog_update
 .text._watchdog_enable
                0x10002420       0x78 CMakeFiles/project.dir/Users/nikhilnayak/Downloads/pico/pico-sdk/src/rp2_common/hardware_watchdog/watchdog.c.obj
                0x10002420                _watchdog_enable
 .text.watchdog_reboot
                0x10002498       0x48 CMakeFiles/project.dir/Users/nikhilnayak/Downloads/pico/pico-sdk/src/rp2_common/hardware_watchdog/watchdog.c.obj
                0x10002498                watchdog_reboot
 .text.xosc_init
                0x100024e0       0x28 CMakeFiles/project.dir/Users/nikhilnayak/Downloads/pico/pico-sdk/src/rp2_common/hardware_xosc/xosc.c.obj
                0x100024e0                xosc_init
 .text._exit    0x10002508        0x4 CMakeFiles/project.dir/Users/nikhilnayak/Downloads/pico/pico-sdk/src/rp2_common/pico_runtime/runtime.c.obj
                0x10002508                _exit
 .text.exit     0x1000250c        0x6 CMakeFiles/project.dir/Users/nikhilnayak/Downloads/pico/pico-sdk/src/rp2_common/pico_runtime/runtime.c.obj
                0x1000250c                exit
 *fill*         0x10002512        0x2 
 .text.__assert_func
                0x10002514       0x38 CMakeFiles/project.dir/Users/nikhilnayak/Downloads/pico/pico-sdk/src/rp2_common/pico_runtime/runtime.c.obj
                0x10002514                __assert_func
 .text.runtime_init
                0x1000254c       0xf8 CMakeFiles/project.dir/Users/nikhilnayak/Downloads/pico/pico-sdk/src/rp2_common/pico_runtime/runtime.c.obj
                0x1000254c                runtime_init
 .text.panic    0x10002644       0x30 CMakeFiles/project.dir/Users/nikhilnayak/Downloads/pico/pico-sdk/src/rp2_common/pico_runtime/runtime.c.obj
                0x10002644                panic
 .text._out_null
                0x10002674        0x2 CMakeFiles/project.dir/Users/nikhilnayak/Downloads/pico/pico-sdk/src/rp2_common/pico_printf/printf.c.obj
 .text._out_fct
                0x10002676        0xe CMakeFiles/project.dir/Users/nikhilnayak/Downloads/pico/pico-sdk/src/rp2_common/pico_printf/printf.c.obj
 .text._atoi    0x10002684       0x24 CMakeFiles/project.dir/Users/nikhilnayak/Downloads/pico/pico-sdk/src/rp2_common/pico_printf/printf.c.obj
 .text._out_rev
                0x100026a8       0xae CMakeFiles/project.dir/Users/nikhilnayak/Downloads/pico/pico-sdk/src/rp2_common/pico_printf/printf.c.obj
 .text._ntoa_format
                0x10002756      0x110 CMakeFiles/project.dir/Users/nikhilnayak/Downloads/pico/pico-sdk/src/rp2_common/pico_printf/printf.c.obj
 .text._ntoa_long
                0x10002866       0xbc CMakeFiles/project.dir/Users/nikhilnayak/Downloads/pico/pico-sdk/src/rp2_common/pico_printf/printf.c.obj
 .text._ntoa_long_long
                0x10002922      0x10e CMakeFiles/project.dir/Users/nikhilnayak/Downloads/pico/pico-sdk/src/rp2_common/pico_printf/printf.c.obj
 .text._etoa    0x10002a30      0x420 CMakeFiles/project.dir/Users/nikhilnayak/Downloads/pico/pico-sdk/src/rp2_common/pico_printf/printf.c.obj
 .text._ftoa    0x10002e50      0x354 CMakeFiles/project.dir/Users/nikhilnayak/Downloads/pico/pico-sdk/src/rp2_common/pico_printf/printf.c.obj
 .text._vsnprintf
                0x100031a4      0x668 CMakeFiles/project.dir/Users/nikhilnayak/Downloads/pico/pico-sdk/src/rp2_common/pico_printf/printf.c.obj
 .text.vfctprintf
                0x1000380c       0x20 CMakeFiles/project.dir/Users/nikhilnayak/Downloads/pico/pico-sdk/src/rp2_common/pico_printf/printf.c.obj
                0x1000380c                vfctprintf
 .text          0x1000382c       0x10 CMakeFiles/project.dir/Users/nikhilnayak/Downloads/pico/pico-sdk/src/rp2_common/pico_bit_ops/bit_ops_aeabi.S.obj
 .text.rom_func_lookup
                0x1000383c       0x10 CMakeFiles/project.dir/Users/nikhilnayak/Downloads/pico/pico-sdk/src/rp2_common/pico_bootrom/bootrom.c.obj
                0x1000383c                rom_func_lookup
 .text.rom_data_lookup
                0x1000384c       0x10 CMakeFiles/project.dir/Users/nikhilnayak/Downloads/pico/pico-sdk/src/rp2_common/pico_bootrom/bootrom.c.obj
                0x1000384c                rom_data_lookup
 .text.rom_funcs_lookup
                0x1000385c       0x36 CMakeFiles/project.dir/Users/nikhilnayak/Downloads/pico/pico-sdk/src/rp2_common/pico_bootrom/bootrom.c.obj
                0x1000385c                rom_funcs_lookup
 *fill*         0x10003892        0x2 
 .text.__wrap___aeabi_idiv
                0x10003894       0x50 CMakeFiles/project.dir/Users/nikhilnayak/Downloads/pico/pico-sdk/src/rp2_common/pico_divider/divider.S.obj
                0x10003894                __wrap___aeabi_idivmod
                0x10003894                divmod_s32s32
                0x10003894                div_s32s32
                0x10003894                __wrap___aeabi_idiv
                0x1000389c                divmod_s32s32_unsafe
                0x100038c8                divmod_s32s32_savestate
 .text.__wrap___aeabi_uidiv
                0x100038e4       0x4c CMakeFiles/project.dir/Users/nikhilnayak/Downloads/pico/pico-sdk/src/rp2_common/pico_divider/divider.S.obj
                0x100038e4                __wrap___aeabi_uidiv
                0x100038e4                __wrap___aeabi_uidivmod
                0x100038e4                div_u32u32
                0x100038e4                divmod_u32u32
                0x100038ec                divmod_u32u32_unsafe
                0x10003914                divmod_u32u32_savestate
 .text.__wrap___aeabi_ldiv
                0x10003930      0x424 CMakeFiles/project.dir/Users/nikhilnayak/Downloads/pico/pico-sdk/src/rp2_common/pico_divider/divider.S.obj
                0x10003930                __wrap___aeabi_ldivmod
                0x10003930                div_s64s64
                0x10003930                divmod_s64s64
                0x10003960                divmod_u64u64
                0x10003960                div_u64u64
                0x10003960                __wrap___aeabi_uldivmod
                0x10003970                divmod_u64u64_savestate
                0x10003990                divmod_s64s64_unsafe
                0x10003a18                divmod_u64u64_unsafe
 .text.__wrap___aeabi_darithmetic
                0x10003d54       0x80 CMakeFiles/project.dir/Users/nikhilnayak/Downloads/pico/pico-sdk/src/rp2_common/pico_double/double_aeabi.S.obj
                0x10003d54                __wrap___aeabi_drsub
                0x10003d5a                __wrap___aeabi_dsub
                0x10003d6c                __wrap___aeabi_dadd
                0x10003d7e                __wrap___aeabi_ddiv
                0x10003dba                __wrap___aeabi_dmul
 .text.__wrap___aeabi_cdcmple
                0x10003dd4       0x6c CMakeFiles/project.dir/Users/nikhilnayak/Downloads/pico/pico-sdk/src/rp2_common/pico_double/double_aeabi.S.obj
                0x10003dd4                __wrap___aeabi_cdrcmple
                0x10003de4                __wrap___aeabi_cdcmple
                0x10003de4                __wrap___aeabi_cdcmpeq
 .text.__wrap___aeabi_dcmplt
                0x10003e40        0xc CMakeFiles/project.dir/Users/nikhilnayak/Downloads/pico/pico-sdk/src/rp2_common/pico_double/double_aeabi.S.obj
                0x10003e40                __wrap___aeabi_dcmplt
 .text.__wrap___aeabi_dcmple
                0x10003e4c       0x10 CMakeFiles/project.dir/Users/nikhilnayak/Downloads/pico/pico-sdk/src/rp2_common/pico_double/double_aeabi.S.obj
                0x10003e4c                __wrap___aeabi_dcmple
 .text.__wrap___aeabi_dcmpge
                0x10003e5c       0x10 CMakeFiles/project.dir/Users/nikhilnayak/Downloads/pico/pico-sdk/src/rp2_common/pico_double/double_aeabi.S.obj
                0x10003e5c                __wrap___aeabi_dcmpge
 .text.__wrap___aeabi_dcmpgt
                0x10003e6c        0xa CMakeFiles/project.dir/Users/nikhilnayak/Downloads/pico/pico-sdk/src/rp2_common/pico_double/double_aeabi.S.obj
                0x10003e6c                __wrap___aeabi_dcmpgt
 .text.__wrap___aeabi_dcmpun
                0x10003e76       0x1c CMakeFiles/project.dir/Users/nikhilnayak/Downloads/pico/pico-sdk/src/rp2_common/pico_double/double_aeabi.S.obj
                0x10003e76                __wrap___aeabi_dcmpun
 *fill*         0x10003e92        0x2 
 .text.__wrap___aeabi_i2d
                0x10003e94       0x38 CMakeFiles/project.dir/Users/nikhilnayak/Downloads/pico/pico-sdk/src/rp2_common/pico_double/double_aeabi.S.obj
                0x10003e94                __wrap___aeabi_ui2d
                0x10003e9c                __wrap___aeabi_i2d
 .text.__wrap___aeabi_d2iz
                0x10003ecc       0x48 CMakeFiles/project.dir/Users/nikhilnayak/Downloads/pico/pico-sdk/src/rp2_common/pico_double/double_aeabi.S.obj
                0x10003ecc                __wrap___aeabi_d2iz
                0x10003ecc                double2int_z
 .text.__wrap___aeabi_d2uiz
                0x10003f14       0x18 CMakeFiles/project.dir/Users/nikhilnayak/Downloads/pico/pico-sdk/src/rp2_common/pico_double/double_aeabi.S.obj
                0x10003f14                double2uint
                0x10003f14                __wrap___aeabi_d2uiz
 .text.__aeabi_double_init
                0x10003f2c       0xcc CMakeFiles/project.dir/Users/nikhilnayak/Downloads/pico/pico-sdk/src/rp2_common/pico_double/double_init_rom.c.obj
                0x10003f2c                __aeabi_double_init
 .text.double_table_shim_on_use_helper
                0x10003ff8       0x34 CMakeFiles/project.dir/Users/nikhilnayak/Downloads/pico/pico-sdk/src/rp2_common/pico_double/double_v1_rom_shim.S.obj
                0x10003ff8                double_table_shim_on_use_helper
 .text.__wrap___aeabi_dsub
                0x1000402c       0x10 CMakeFiles/project.dir/Users/nikhilnayak/Downloads/pico/pico-sdk/src/rp2_common/pico_double/double_v1_rom_shim.S.obj
                0x1000402c                drsub_shim
                0x10004032                dsub_shim
 .text.dadd_shim
                0x1000403c      0x15c CMakeFiles/project.dir/Users/nikhilnayak/Downloads/pico/pico-sdk/src/rp2_common/pico_double/double_v1_rom_shim.S.obj
                0x1000403c                dadd_shim
 .text.dmul_shim
                0x10004198      0x15c CMakeFiles/project.dir/Users/nikhilnayak/Downloads/pico/pico-sdk/src/rp2_common/pico_double/double_v1_rom_shim.S.obj
                0x10004198                dmul_shim
 .text.ddiv_shim
                0x100042f4      0x1b0 CMakeFiles/project.dir/Users/nikhilnayak/Downloads/pico/pico-sdk/src/rp2_common/pico_double/double_v1_rom_shim.S.obj
                0x100042f4                ddiv_shim
 .text.double2uint_shim
                0x100044a4        0xe CMakeFiles/project.dir/Users/nikhilnayak/Downloads/pico/pico-sdk/src/rp2_common/pico_double/double_v1_rom_shim.S.obj
                0x100044a4                double2uint_shim
                0x100044a6                double2ufix_shim
 *fill*         0x100044b2        0x2 
 .text.double2uint64_shim
                0x100044b4       0x70 CMakeFiles/project.dir/Users/nikhilnayak/Downloads/pico/pico-sdk/src/rp2_common/pico_double/double_v1_rom_shim.S.obj
                0x100044b4                double2uint64_shim
                0x100044b6                double2ufix64_shim
                0x100044d6                d2fix_a
 .text.dunpacks
                0x10004524       0x3c CMakeFiles/project.dir/Users/nikhilnayak/Downloads/pico/pico-sdk/src/rp2_common/pico_double/double_v1_rom_shim.S.obj
                0x10004524                dunpacks
 .text.__aeabi_lmul
                0x10004560       0x32 CMakeFiles/project.dir/Users/nikhilnayak/Downloads/pico/pico-sdk/src/rp2_common/pico_int64_ops/pico_int64_ops_aeabi.S.obj
                0x10004560                __wrap___aeabi_lmul
 *fill*         0x10004592        0x2 
 .text.__wrap___aeabi_farithmetic
                0x10004594       0x58 CMakeFiles/project.dir/Users/nikhilnayak/Downloads/pico/pico-sdk/src/rp2_common/pico_float/float_aeabi.S.obj
                0x10004594                __wrap___aeabi_frsub
                0x1000459a                __wrap___aeabi_fsub
                0x100045a4                __wrap___aeabi_fadd
                0x100045ae                __wrap___aeabi_fdiv
                0x100045da                __wrap___aeabi_fmul
 .text.__wrap___aeabi_i2f
                0x100045ec       0x44 CMakeFiles/project.dir/Users/nikhilnayak/Downloads/pico/pico-sdk/src/rp2_common/pico_float/float_aeabi.S.obj
                0x100045ec                __wrap___aeabi_i2f
 .text.__wrap___aeabi_f2iz
                0x10004630       0x4e CMakeFiles/project.dir/Users/nikhilnayak/Downloads/pico/pico-sdk/src/rp2_common/pico_float/float_aeabi.S.obj
                0x10004630                __wrap___aeabi_f2iz
                0x10004630                float2int_z
 *fill*         0x1000467e        0x2 
 .text.float2int
                0x10004680       0x14 CMakeFiles/project.dir/Users/nikhilnayak/Downloads/pico/pico-sdk/src/rp2_common/pico_float/float_aeabi.S.obj
                0x10004680                float2int
 .text.__wrap___aeabi_f2uiz
                0x10004694       0x10 CMakeFiles/project.dir/Users/nikhilnayak/Downloads/pico/pico-sdk/src/rp2_common/pico_float/float_aeabi.S.obj
                0x10004694                __wrap___aeabi_f2uiz
 .text.__aeabi_float_init
                0x100046a4       0xfc CMakeFiles/project.dir/Users/nikhilnayak/Downloads/pico/pico-sdk/src/rp2_common/pico_float/float_init_rom.c.obj
                0x100046a4                __aeabi_float_init
 .text.float_table_shim_on_use_helper
                0x100047a0       0x34 CMakeFiles/project.dir/Users/nikhilnayak/Downloads/pico/pico-sdk/src/rp2_common/pico_float/float_v1_rom_shim.S.obj
                0x100047a0                float_table_shim_on_use_helper
 .text.float232_shims
                0x100047d4       0x18 CMakeFiles/project.dir/Users/nikhilnayak/Downloads/pico/pico-sdk/src/rp2_common/pico_float/float_v1_rom_shim.S.obj
                0x100047d4                float2int_shim
                0x100047d6                float2fix_shim
 .text          0x100047ec       0x10 CMakeFiles/project.dir/Users/nikhilnayak/Downloads/pico/pico-sdk/src/rp2_common/pico_mem_ops/mem_ops_aeabi.S.obj
                0x100047ec                __aeabi_mem_init
 .text.memset   0x100047fc        0xc CMakeFiles/project.dir/Users/nikhilnayak/Downloads/pico/pico-sdk/src/rp2_common/pico_mem_ops/mem_ops_aeabi.S.obj
                0x100047fc                __wrap_memset
 .text.memcpy   0x10004808        0xc CMakeFiles/project.dir/Users/nikhilnayak/Downloads/pico/pico-sdk/src/rp2_common/pico_mem_ops/mem_ops_aeabi.S.obj
                0x10004808                __wrap___aeabi_memcpy
                0x10004808                __wrap_memcpy
 .text.stdio_out_chars_no_crlf
                0x10004814        0xe CMakeFiles/project.dir/Users/nikhilnayak/Downloads/pico/pico-sdk/src/rp2_common/pico_stdio/stdio.c.obj
 *fill*         0x10004822        0x2 
 .text.stdio_out_chars_crlf
                0x10004824       0x80 CMakeFiles/project.dir/Users/nikhilnayak/Downloads/pico/pico-sdk/src/rp2_common/pico_stdio/stdio.c.obj
 .text.stdio_stack_buffer_flush
                0x100048a4       0x44 CMakeFiles/project.dir/Users/nikhilnayak/Downloads/pico/pico-sdk/src/rp2_common/pico_stdio/stdio.c.obj
 .text.stdio_buffered_printer
                0x100048e8       0x20 CMakeFiles/project.dir/Users/nikhilnayak/Downloads/pico/pico-sdk/src/rp2_common/pico_stdio/stdio.c.obj
 .text.update_us_since_boot
                0x10004908       0x24 CMakeFiles/project.dir/Users/nikhilnayak/Downloads/pico/pico-sdk/src/rp2_common/pico_stdio/stdio.c.obj
 .text.get_absolute_time
                0x1000492c       0x22 CMakeFiles/project.dir/Users/nikhilnayak/Downloads/pico/pico-sdk/src/rp2_common/pico_stdio/stdio.c.obj
 *fill*         0x1000494e        0x2 
 .text.delayed_by_ms
                0x10004950       0x44 CMakeFiles/project.dir/Users/nikhilnayak/Downloads/pico/pico-sdk/src/rp2_common/pico_stdio/stdio.c.obj
 .text.make_timeout_time_ms
                0x10004994       0x20 CMakeFiles/project.dir/Users/nikhilnayak/Downloads/pico/pico-sdk/src/rp2_common/pico_stdio/stdio.c.obj
 .text.stdout_serialize_begin
                0x100049b4       0x20 CMakeFiles/project.dir/Users/nikhilnayak/Downloads/pico/pico-sdk/src/rp2_common/pico_stdio/stdio.c.obj
                0x100049b4                stdout_serialize_begin
 .text.stdout_serialize_end
                0x100049d4       0x10 CMakeFiles/project.dir/Users/nikhilnayak/Downloads/pico/pico-sdk/src/rp2_common/pico_stdio/stdio.c.obj
                0x100049d4                stdout_serialize_end
 .text.stdio_put_string
                0x100049e4       0x98 CMakeFiles/project.dir/Users/nikhilnayak/Downloads/pico/pico-sdk/src/rp2_common/pico_stdio/stdio.c.obj
 .text.stdio_set_driver_enabled
                0x10004a7c       0x2c CMakeFiles/project.dir/Users/nikhilnayak/Downloads/pico/pico-sdk/src/rp2_common/pico_stdio/stdio.c.obj
                0x10004a7c                stdio_set_driver_enabled
 .text.stdio_flush
                0x10004aa8       0x20 CMakeFiles/project.dir/Users/nikhilnayak/Downloads/pico/pico-sdk/src/rp2_common/pico_stdio/stdio.c.obj
                0x10004aa8                stdio_flush
 .text.__wrap_puts
                0x10004ac8       0x1e CMakeFiles/project.dir/Users/nikhilnayak/Downloads/pico/pico-sdk/src/rp2_common/pico_stdio/stdio.c.obj
                0x10004ac8                __wrap_puts
 *fill*         0x10004ae6        0x2 
 .text.__wrap_vprintf
                0x10004ae8       0x40 CMakeFiles/project.dir/Users/nikhilnayak/Downloads/pico/pico-sdk/src/rp2_common/pico_stdio/stdio.c.obj
                0x10004ae8                __wrap_vprintf
 .text.__wrap_printf
                0x10004b28       0x18 CMakeFiles/project.dir/Users/nikhilnayak/Downloads/pico/pico-sdk/src/rp2_common/pico_stdio/stdio.c.obj
                0x10004b28                __wrap_printf
 .text.stdio_init_all
                0x10004b40        0x8 CMakeFiles/project.dir/Users/nikhilnayak/Downloads/pico/pico-sdk/src/rp2_common/pico_stdio/stdio.c.obj
                0x10004b40                stdio_init_all
 .text.resetd_init
                0x10004b48        0x2 CMakeFiles/project.dir/Users/nikhilnayak/Downloads/pico/pico-sdk/src/rp2_common/pico_stdio_usb/reset_interface.c.obj
 *fill*         0x10004b4a        0x2 
 .text.resetd_reset
                0x10004b4c        0xc CMakeFiles/project.dir/Users/nikhilnayak/Downloads/pico/pico-sdk/src/rp2_common/pico_stdio_usb/reset_interface.c.obj
 .text.resetd_open
                0x10004b58       0x34 CMakeFiles/project.dir/Users/nikhilnayak/Downloads/pico/pico-sdk/src/rp2_common/pico_stdio_usb/reset_interface.c.obj
 .text.resetd_xfer_cb
                0x10004b8c        0x4 CMakeFiles/project.dir/Users/nikhilnayak/Downloads/pico/pico-sdk/src/rp2_common/pico_stdio_usb/reset_interface.c.obj
 .text.reset_usb_boot
                0x10004b90       0x18 CMakeFiles/project.dir/Users/nikhilnayak/Downloads/pico/pico-sdk/src/rp2_common/pico_stdio_usb/reset_interface.c.obj
 .text.resetd_control_xfer_cb
                0x10004ba8       0x5c CMakeFiles/project.dir/Users/nikhilnayak/Downloads/pico/pico-sdk/src/rp2_common/pico_stdio_usb/reset_interface.c.obj
 .text.usbd_app_driver_get_cb
                0x10004c04        0xc CMakeFiles/project.dir/Users/nikhilnayak/Downloads/pico/pico-sdk/src/rp2_common/pico_stdio_usb/reset_interface.c.obj
                0x10004c04                usbd_app_driver_get_cb
 .text.tud_cdc_line_coding_cb
                0x10004c10       0x28 CMakeFiles/project.dir/Users/nikhilnayak/Downloads/pico/pico-sdk/src/rp2_common/pico_stdio_usb/reset_interface.c.obj
                0x10004c10                tud_cdc_line_coding_cb
 .text.stdio_usb_set_chars_available_callback
                0x10004c38       0x14 CMakeFiles/project.dir/Users/nikhilnayak/Downloads/pico/pico-sdk/src/rp2_common/pico_stdio_usb/stdio_usb.c.obj
                0x10004c38                stdio_usb_set_chars_available_callback
 .text.update_us_since_boot
                0x10004c4c       0x24 CMakeFiles/project.dir/Users/nikhilnayak/Downloads/pico/pico-sdk/src/rp2_common/pico_stdio_usb/stdio_usb.c.obj
 .text.get_absolute_time
                0x10004c70       0x22 CMakeFiles/project.dir/Users/nikhilnayak/Downloads/pico/pico-sdk/src/rp2_common/pico_stdio_usb/stdio_usb.c.obj
 *fill*         0x10004c92        0x2 
 .text.delayed_by_ms
                0x10004c94       0x44 CMakeFiles/project.dir/Users/nikhilnayak/Downloads/pico/pico-sdk/src/rp2_common/pico_stdio_usb/stdio_usb.c.obj
 .text.make_timeout_time_ms
                0x10004cd8       0x20 CMakeFiles/project.dir/Users/nikhilnayak/Downloads/pico/pico-sdk/src/rp2_common/pico_stdio_usb/stdio_usb.c.obj
 .text.delayed_by_us
                0x10004cf8       0x34 CMakeFiles/project.dir/Users/nikhilnayak/Downloads/pico/pico-sdk/src/rp2_common/pico_stdio_usb/stdio_usb.c.obj
 .text.usb_irq  0x10004d2c       0x10 CMakeFiles/project.dir/Users/nikhilnayak/Downloads/pico/pico-sdk/src/rp2_common/pico_stdio_usb/stdio_usb.c.obj
 .text.critical_section_enter_blocking
                0x10004d3c       0x16 CMakeFiles/project.dir/Users/nikhilnayak/Downloads/pico/pico-sdk/src/rp2_common/pico_stdio_usb/stdio_usb.c.obj
 *fill*         0x10004d52        0x2 
 .text.timer_task
                0x10004d54       0x4c CMakeFiles/project.dir/Users/nikhilnayak/Downloads/pico/pico-sdk/src/rp2_common/pico_stdio_usb/stdio_usb.c.obj
 .text.alarm_pool_add_alarm_in_us
                0x10004da0       0x3a CMakeFiles/project.dir/Users/nikhilnayak/Downloads/pico/pico-sdk/src/rp2_common/pico_stdio_usb/stdio_usb.c.obj
 .text.add_alarm_in_us
                0x10004dda       0x2e CMakeFiles/project.dir/Users/nikhilnayak/Downloads/pico/pico-sdk/src/rp2_common/pico_stdio_usb/stdio_usb.c.obj
 .text.low_priority_worker_irq
                0x10004e08       0x7c CMakeFiles/project.dir/Users/nikhilnayak/Downloads/pico/pico-sdk/src/rp2_common/pico_stdio_usb/stdio_usb.c.obj
 .text.tud_cdc_rx_cb
                0x10004e84       0x20 CMakeFiles/project.dir/Users/nikhilnayak/Downloads/pico/pico-sdk/src/rp2_common/pico_stdio_usb/stdio_usb.c.obj
                0x10004e84                tud_cdc_rx_cb
 .text.stdio_usb_init
                0x10004ea4       0xd0 CMakeFiles/project.dir/Users/nikhilnayak/Downloads/pico/pico-sdk/src/rp2_common/pico_stdio_usb/stdio_usb.c.obj
                0x10004ea4                stdio_usb_init
 .text.stdio_usb_connected
                0x10004f74        0xa CMakeFiles/project.dir/Users/nikhilnayak/Downloads/pico/pico-sdk/src/rp2_common/pico_stdio_usb/stdio_usb.c.obj
                0x10004f74                stdio_usb_connected
 *fill*         0x10004f7e        0x2 
 .text.stdio_usb_in_chars
                0x10004f80       0x88 CMakeFiles/project.dir/Users/nikhilnayak/Downloads/pico/pico-sdk/src/rp2_common/pico_stdio_usb/stdio_usb.c.obj
                0x10004f80                stdio_usb_in_chars
 .text.stdio_usb_out_chars
                0x10005008       0xd8 CMakeFiles/project.dir/Users/nikhilnayak/Downloads/pico/pico-sdk/src/rp2_common/pico_stdio_usb/stdio_usb.c.obj
 .text.tud_descriptor_device_cb
                0x100050e0        0x8 CMakeFiles/project.dir/Users/nikhilnayak/Downloads/pico/pico-sdk/src/rp2_common/pico_stdio_usb/stdio_usb_descriptors.c.obj
                0x100050e0                tud_descriptor_device_cb
 .text.tud_descriptor_configuration_cb
                0x100050e8        0x8 CMakeFiles/project.dir/Users/nikhilnayak/Downloads/pico/pico-sdk/src/rp2_common/pico_stdio_usb/stdio_usb_descriptors.c.obj
                0x100050e8                tud_descriptor_configuration_cb
 .text.tud_descriptor_string_cb
                0x100050f0       0x6c CMakeFiles/project.dir/Users/nikhilnayak/Downloads/pico/pico-sdk/src/rp2_common/pico_stdio_usb/stdio_usb_descriptors.c.obj
                0x100050f0                tud_descriptor_string_cb
 .text._retrieve_unique_id_on_boot
                0x1000515c       0x10 CMakeFiles/project.dir/Users/nikhilnayak/Downloads/pico/pico-sdk/src/rp2_common/pico_unique_id/unique_id.c.obj
 .text.pico_get_unique_board_id_string
                0x1000516c       0x5c CMakeFiles/project.dir/Users/nikhilnayak/Downloads/pico/pico-sdk/src/rp2_common/pico_unique_id/unique_id.c.obj
                0x1000516c                pico_get_unique_board_id_string
 .text.flash_get_unique_id
                0x100051c8       0x40 CMakeFiles/project.dir/Users/nikhilnayak/Downloads/pico/pico-sdk/src/rp2_common/hardware_flash/flash.c.obj
                0x100051c8                flash_get_unique_id
 .text.hw_endpoint_get_by_addr
                0x10005208       0x18 CMakeFiles/project.dir/Users/nikhilnayak/Downloads/pico/pico-sdk/lib/tinyusb/src/portable/raspberrypi/rp2040/dcd_rp2040.c.obj
 .text._hw_endpoint_alloc
                0x10005220       0x70 CMakeFiles/project.dir/Users/nikhilnayak/Downloads/pico/pico-sdk/lib/tinyusb/src/portable/raspberrypi/rp2040/dcd_rp2040.c.obj
 .text.hw_endpoint_init
                0x10005290       0x88 CMakeFiles/project.dir/Users/nikhilnayak/Downloads/pico/pico-sdk/lib/tinyusb/src/portable/raspberrypi/rp2040/dcd_rp2040.c.obj
 .text.dcd_event_sof
                0x10005318       0x2c CMakeFiles/project.dir/Users/nikhilnayak/Downloads/pico/pico-sdk/lib/tinyusb/src/portable/raspberrypi/rp2040/dcd_rp2040.c.obj
 .text.hw_endpoint_xfer
                0x10005344       0x14 CMakeFiles/project.dir/Users/nikhilnayak/Downloads/pico/pico-sdk/lib/tinyusb/src/portable/raspberrypi/rp2040/dcd_rp2040.c.obj
 .text.dcd_int_enable
                0x10005358       0x2c CMakeFiles/project.dir/Users/nikhilnayak/Downloads/pico/pico-sdk/lib/tinyusb/src/portable/raspberrypi/rp2040/dcd_rp2040.c.obj
                0x10005358                dcd_int_enable
 .text.dcd_set_address
                0x10005384       0x2c CMakeFiles/project.dir/Users/nikhilnayak/Downloads/pico/pico-sdk/lib/tinyusb/src/portable/raspberrypi/rp2040/dcd_rp2040.c.obj
                0x10005384                dcd_set_address
 .text.dcd_connect
                0x100053b0       0x10 CMakeFiles/project.dir/Users/nikhilnayak/Downloads/pico/pico-sdk/lib/tinyusb/src/portable/raspberrypi/rp2040/dcd_rp2040.c.obj
                0x100053b0                dcd_connect
 .text.dcd_init
                0x100053c0       0x80 CMakeFiles/project.dir/Users/nikhilnayak/Downloads/pico/pico-sdk/lib/tinyusb/src/portable/raspberrypi/rp2040/dcd_rp2040.c.obj
                0x100053c0                dcd_init
 .text.dcd_edpt0_status_complete
                0x10005440       0x1c CMakeFiles/project.dir/Users/nikhilnayak/Downloads/pico/pico-sdk/lib/tinyusb/src/portable/raspberrypi/rp2040/dcd_rp2040.c.obj
                0x10005440                dcd_edpt0_status_complete
 .text.dcd_edpt_open
                0x1000545c       0x40 CMakeFiles/project.dir/Users/nikhilnayak/Downloads/pico/pico-sdk/lib/tinyusb/src/portable/raspberrypi/rp2040/dcd_rp2040.c.obj
                0x1000545c                dcd_edpt_open
 .text.dcd_edpt_close_all
                0x1000549c        0x8 CMakeFiles/project.dir/Users/nikhilnayak/Downloads/pico/pico-sdk/lib/tinyusb/src/portable/raspberrypi/rp2040/dcd_rp2040.c.obj
                0x1000549c                dcd_edpt_close_all
 .text.dcd_edpt_xfer
                0x100054a4       0x34 CMakeFiles/project.dir/Users/nikhilnayak/Downloads/pico/pico-sdk/lib/tinyusb/src/portable/raspberrypi/rp2040/dcd_rp2040.c.obj
                0x100054a4                dcd_edpt_xfer
 .text.dcd_edpt_stall
                0x100054d8       0x2c CMakeFiles/project.dir/Users/nikhilnayak/Downloads/pico/pico-sdk/lib/tinyusb/src/portable/raspberrypi/rp2040/dcd_rp2040.c.obj
                0x100054d8                dcd_edpt_stall
 .text.dcd_edpt_clear_stall
                0x10005504       0x20 CMakeFiles/project.dir/Users/nikhilnayak/Downloads/pico/pico-sdk/lib/tinyusb/src/portable/raspberrypi/rp2040/dcd_rp2040.c.obj
                0x10005504                dcd_edpt_clear_stall
 .text.rp2040_usb_init
                0x10005524       0x4c CMakeFiles/project.dir/Users/nikhilnayak/Downloads/pico/pico-sdk/lib/tinyusb/src/portable/raspberrypi/rp2040/rp2040_usb.c.obj
                0x10005524                rp2040_usb_init
 .text.hw_endpoint_xfer_start
                0x10005570       0x50 CMakeFiles/project.dir/Users/nikhilnayak/Downloads/pico/pico-sdk/lib/tinyusb/src/portable/raspberrypi/rp2040/rp2040_usb.c.obj
                0x10005570                hw_endpoint_xfer_start
 .text.configuration_reset
                0x100055c0       0x84 CMakeFiles/project.dir/Users/nikhilnayak/Downloads/pico/pico-sdk/lib/tinyusb/src/device/usbd.c.obj
 .text.critical_section_enter_blocking
                0x10005644       0x16 CMakeFiles/project.dir/Users/nikhilnayak/Downloads/pico/pico-sdk/lib/tinyusb/src/device/usbd.c.obj
 .text.usbd_reset
                0x1000565a        0xc CMakeFiles/project.dir/Users/nikhilnayak/Downloads/pico/pico-sdk/lib/tinyusb/src/device/usbd.c.obj
 .text.invoke_class_control
                0x10005666       0x1a CMakeFiles/project.dir/Users/nikhilnayak/Downloads/pico/pico-sdk/lib/tinyusb/src/device/usbd.c.obj
 .text.process_set_config
                0x10005680      0x178 CMakeFiles/project.dir/Users/nikhilnayak/Downloads/pico/pico-sdk/lib/tinyusb/src/device/usbd.c.obj
 .text.process_get_descriptor
                0x100057f8       0xdc CMakeFiles/project.dir/Users/nikhilnayak/Downloads/pico/pico-sdk/lib/tinyusb/src/device/usbd.c.obj
 .text.tud_mounted
                0x100058d4       0x10 CMakeFiles/project.dir/Users/nikhilnayak/Downloads/pico/pico-sdk/lib/tinyusb/src/device/usbd.c.obj
                0x100058d4                tud_mounted
 .text.tud_suspended
                0x100058e4       0x10 CMakeFiles/project.dir/Users/nikhilnayak/Downloads/pico/pico-sdk/lib/tinyusb/src/device/usbd.c.obj
                0x100058e4                tud_suspended
 .text.tud_inited
                0x100058f4       0x14 CMakeFiles/project.dir/Users/nikhilnayak/Downloads/pico/pico-sdk/lib/tinyusb/src/device/usbd.c.obj
                0x100058f4                tud_inited
 .text.tud_init
                0x10005908       0xcc CMakeFiles/project.dir/Users/nikhilnayak/Downloads/pico/pico-sdk/lib/tinyusb/src/device/usbd.c.obj
                0x10005908                tud_init
 .text.usbd_defer_func
                0x100059d4       0x2a CMakeFiles/project.dir/Users/nikhilnayak/Downloads/pico/pico-sdk/lib/tinyusb/src/device/usbd.c.obj
                0x100059d4                usbd_defer_func
 *fill*         0x100059fe        0x2 
 .text.usbd_edpt_open
                0x10005a00       0x34 CMakeFiles/project.dir/Users/nikhilnayak/Downloads/pico/pico-sdk/lib/tinyusb/src/device/usbd.c.obj
                0x10005a00                usbd_edpt_open
 .text.usbd_open_edpt_pair
                0x10005a34       0x62 CMakeFiles/project.dir/Users/nikhilnayak/Downloads/pico/pico-sdk/lib/tinyusb/src/device/usbd.c.obj
                0x10005a34                usbd_open_edpt_pair
 *fill*         0x10005a96        0x2 
 .text.usbd_edpt_claim
                0x10005a98       0x28 CMakeFiles/project.dir/Users/nikhilnayak/Downloads/pico/pico-sdk/lib/tinyusb/src/device/usbd.c.obj
                0x10005a98                usbd_edpt_claim
 .text.usbd_edpt_release
                0x10005ac0       0x28 CMakeFiles/project.dir/Users/nikhilnayak/Downloads/pico/pico-sdk/lib/tinyusb/src/device/usbd.c.obj
                0x10005ac0                usbd_edpt_release
 .text.usbd_edpt_xfer
                0x10005ae8       0x78 CMakeFiles/project.dir/Users/nikhilnayak/Downloads/pico/pico-sdk/lib/tinyusb/src/device/usbd.c.obj
                0x10005ae8                usbd_edpt_xfer
 .text.usbd_edpt_stall
                0x10005b60       0x48 CMakeFiles/project.dir/Users/nikhilnayak/Downloads/pico/pico-sdk/lib/tinyusb/src/device/usbd.c.obj
                0x10005b60                usbd_edpt_stall
 .text.usbd_edpt_clear_stall
                0x10005ba8       0x48 CMakeFiles/project.dir/Users/nikhilnayak/Downloads/pico/pico-sdk/lib/tinyusb/src/device/usbd.c.obj
                0x10005ba8                usbd_edpt_clear_stall
 .text.usbd_edpt_stalled
                0x10005bf0       0x1c CMakeFiles/project.dir/Users/nikhilnayak/Downloads/pico/pico-sdk/lib/tinyusb/src/device/usbd.c.obj
                0x10005bf0                usbd_edpt_stalled
 .text.process_control_request
                0x10005c0c      0x374 CMakeFiles/project.dir/Users/nikhilnayak/Downloads/pico/pico-sdk/lib/tinyusb/src/device/usbd.c.obj
 .text.tud_task_ext
                0x10005f80      0x1a8 CMakeFiles/project.dir/Users/nikhilnayak/Downloads/pico/pico-sdk/lib/tinyusb/src/device/usbd.c.obj
                0x10005f80                tud_task_ext
 .text._status_stage_xact
                0x10006128       0x1a CMakeFiles/project.dir/Users/nikhilnayak/Downloads/pico/pico-sdk/lib/tinyusb/src/device/usbd_control.c.obj
 *fill*         0x10006142        0x2 
 .text._data_stage_xact
                0x10006144       0x58 CMakeFiles/project.dir/Users/nikhilnayak/Downloads/pico/pico-sdk/lib/tinyusb/src/device/usbd_control.c.obj
 .text.tud_control_status
                0x1000619c       0x28 CMakeFiles/project.dir/Users/nikhilnayak/Downloads/pico/pico-sdk/lib/tinyusb/src/device/usbd_control.c.obj
                0x1000619c                tud_control_status
 .text.tud_control_xfer
                0x100061c4       0x68 CMakeFiles/project.dir/Users/nikhilnayak/Downloads/pico/pico-sdk/lib/tinyusb/src/device/usbd_control.c.obj
                0x100061c4                tud_control_xfer
 .text.usbd_control_reset
                0x1000622c       0x14 CMakeFiles/project.dir/Users/nikhilnayak/Downloads/pico/pico-sdk/lib/tinyusb/src/device/usbd_control.c.obj
                0x1000622c                usbd_control_reset
 .text.usbd_control_set_complete_callback
                0x10006240        0xc CMakeFiles/project.dir/Users/nikhilnayak/Downloads/pico/pico-sdk/lib/tinyusb/src/device/usbd_control.c.obj
                0x10006240                usbd_control_set_complete_callback
 .text.usbd_control_set_request
                0x1000624c       0x1c CMakeFiles/project.dir/Users/nikhilnayak/Downloads/pico/pico-sdk/lib/tinyusb/src/device/usbd_control.c.obj
                0x1000624c                usbd_control_set_request
 .text.usbd_control_xfer_cb
                0x10006268       0xbc CMakeFiles/project.dir/Users/nikhilnayak/Downloads/pico/pico-sdk/lib/tinyusb/src/device/usbd_control.c.obj
                0x10006268                usbd_control_xfer_cb
 .text._prep_out_transaction
                0x10006324       0x4a CMakeFiles/project.dir/Users/nikhilnayak/Downloads/pico/pico-sdk/lib/tinyusb/src/class/cdc/cdc_device.c.obj
 *fill*         0x1000636e        0x2 
 .text.tud_cdc_n_connected
                0x10006370       0x38 CMakeFiles/project.dir/Users/nikhilnayak/Downloads/pico/pico-sdk/lib/tinyusb/src/class/cdc/cdc_device.c.obj
                0x10006370                tud_cdc_n_connected
 .text.tud_cdc_n_available
                0x100063a8       0x18 CMakeFiles/project.dir/Users/nikhilnayak/Downloads/pico/pico-sdk/lib/tinyusb/src/class/cdc/cdc_device.c.obj
                0x100063a8                tud_cdc_n_available
 .text.tud_cdc_n_read
                0x100063c0       0x28 CMakeFiles/project.dir/Users/nikhilnayak/Downloads/pico/pico-sdk/lib/tinyusb/src/class/cdc/cdc_device.c.obj
                0x100063c0                tud_cdc_n_read
 .text.tud_cdc_n_write_flush
                0x100063e8       0xb8 CMakeFiles/project.dir/Users/nikhilnayak/Downloads/pico/pico-sdk/lib/tinyusb/src/class/cdc/cdc_device.c.obj
                0x100063e8                tud_cdc_n_write_flush
 .text.tud_cdc_n_write
                0x100064a0       0x38 CMakeFiles/project.dir/Users/nikhilnayak/Downloads/pico/pico-sdk/lib/tinyusb/src/class/cdc/cdc_device.c.obj
                0x100064a0                tud_cdc_n_write
 .text.tud_cdc_n_write_available
                0x100064d8       0x1c CMakeFiles/project.dir/Users/nikhilnayak/Downloads/pico/pico-sdk/lib/tinyusb/src/class/cdc/cdc_device.c.obj
                0x100064d8                tud_cdc_n_write_available
 .text.cdcd_init
                0x100064f4       0xbc CMakeFiles/project.dir/Users/nikhilnayak/Downloads/pico/pico-sdk/lib/tinyusb/src/class/cdc/cdc_device.c.obj
                0x100064f4                cdcd_init
 .text.cdcd_reset
                0x100065b0       0x44 CMakeFiles/project.dir/Users/nikhilnayak/Downloads/pico/pico-sdk/lib/tinyusb/src/class/cdc/cdc_device.c.obj
                0x100065b0                cdcd_reset
 .text.cdcd_open
                0x100065f4       0xc4 CMakeFiles/project.dir/Users/nikhilnayak/Downloads/pico/pico-sdk/lib/tinyusb/src/class/cdc/cdc_device.c.obj
                0x100065f4                cdcd_open
 .text.cdcd_control_xfer_cb
                0x100066b8      0x134 CMakeFiles/project.dir/Users/nikhilnayak/Downloads/pico/pico-sdk/lib/tinyusb/src/class/cdc/cdc_device.c.obj
                0x100066b8                cdcd_control_xfer_cb
 .text.cdcd_xfer_cb
                0x100067ec      0x130 CMakeFiles/project.dir/Users/nikhilnayak/Downloads/pico/pico-sdk/lib/tinyusb/src/class/cdc/cdc_device.c.obj
                0x100067ec                cdcd_xfer_cb
 .text.tusb_init
                0x1000691c        0xa CMakeFiles/project.dir/Users/nikhilnayak/Downloads/pico/pico-sdk/lib/tinyusb/src/tusb.c.obj
                0x1000691c                tusb_init
 .text.tusb_inited
                0x10006926        0xe CMakeFiles/project.dir/Users/nikhilnayak/Downloads/pico/pico-sdk/lib/tinyusb/src/tusb.c.obj
                0x10006926                tusb_inited
 .text.tu_edpt_claim
                0x10006934       0x50 CMakeFiles/project.dir/Users/nikhilnayak/Downloads/pico/pico-sdk/lib/tinyusb/src/tusb.c.obj
                0x10006934                tu_edpt_claim
 .text.tu_edpt_release
                0x10006984       0x38 CMakeFiles/project.dir/Users/nikhilnayak/Downloads/pico/pico-sdk/lib/tinyusb/src/tusb.c.obj
                0x10006984                tu_edpt_release
 .text.tu_edpt_validate
                0x100069bc       0x78 CMakeFiles/project.dir/Users/nikhilnayak/Downloads/pico/pico-sdk/lib/tinyusb/src/tusb.c.obj
                0x100069bc                tu_edpt_validate
 .text.tu_edpt_bind_driver
                0x10006a34       0x26 CMakeFiles/project.dir/Users/nikhilnayak/Downloads/pico/pico-sdk/lib/tinyusb/src/tusb.c.obj
                0x10006a34                tu_edpt_bind_driver
 .text.advance_index
                0x10006a5a       0x1a CMakeFiles/project.dir/Users/nikhilnayak/Downloads/pico/pico-sdk/lib/tinyusb/src/common/tusb_fifo.c.obj
 .text._tu_fifo_peek
                0x10006a74       0x56 CMakeFiles/project.dir/Users/nikhilnayak/Downloads/pico/pico-sdk/lib/tinyusb/src/common/tusb_fifo.c.obj
 .text._ff_pull_const_addr
                0x10006aca       0x4c CMakeFiles/project.dir/Users/nikhilnayak/Downloads/pico/pico-sdk/lib/tinyusb/src/common/tusb_fifo.c.obj
 .text._ff_pull_n
                0x10006b16      0x110 CMakeFiles/project.dir/Users/nikhilnayak/Downloads/pico/pico-sdk/lib/tinyusb/src/common/tusb_fifo.c.obj
 .text._tu_fifo_peek_n
                0x10006c26       0x6a CMakeFiles/project.dir/Users/nikhilnayak/Downloads/pico/pico-sdk/lib/tinyusb/src/common/tusb_fifo.c.obj
 .text._tu_fifo_read_n
                0x10006c90       0x4e CMakeFiles/project.dir/Users/nikhilnayak/Downloads/pico/pico-sdk/lib/tinyusb/src/common/tusb_fifo.c.obj
 .text._ff_push_const_addr
                0x10006cde       0x40 CMakeFiles/project.dir/Users/nikhilnayak/Downloads/pico/pico-sdk/lib/tinyusb/src/common/tusb_fifo.c.obj
 .text._ff_push_n
                0x10006d1e      0x10c CMakeFiles/project.dir/Users/nikhilnayak/Downloads/pico/pico-sdk/lib/tinyusb/src/common/tusb_fifo.c.obj
 .text._tu_fifo_write_n
                0x10006e2a       0xf0 CMakeFiles/project.dir/Users/nikhilnayak/Downloads/pico/pico-sdk/lib/tinyusb/src/common/tusb_fifo.c.obj
 .text.tu_fifo_config
                0x10006f1a       0x7c CMakeFiles/project.dir/Users/nikhilnayak/Downloads/pico/pico-sdk/lib/tinyusb/src/common/tusb_fifo.c.obj
                0x10006f1a                tu_fifo_config
 .text.tu_fifo_count
                0x10006f96       0x2a CMakeFiles/project.dir/Users/nikhilnayak/Downloads/pico/pico-sdk/lib/tinyusb/src/common/tusb_fifo.c.obj
                0x10006f96                tu_fifo_count
 .text.tu_fifo_empty
                0x10006fc0        0xe CMakeFiles/project.dir/Users/nikhilnayak/Downloads/pico/pico-sdk/lib/tinyusb/src/common/tusb_fifo.c.obj
                0x10006fc0                tu_fifo_empty
 .text.tu_fifo_full
                0x10006fce       0x28 CMakeFiles/project.dir/Users/nikhilnayak/Downloads/pico/pico-sdk/lib/tinyusb/src/common/tusb_fifo.c.obj
                0x10006fce                tu_fifo_full
 .text.tu_fifo_remaining
                0x10006ff6       0x2c CMakeFiles/project.dir/Users/nikhilnayak/Downloads/pico/pico-sdk/lib/tinyusb/src/common/tusb_fifo.c.obj
                0x10006ff6                tu_fifo_remaining
 .text.tu_fifo_read
                0x10007022       0x42 CMakeFiles/project.dir/Users/nikhilnayak/Downloads/pico/pico-sdk/lib/tinyusb/src/common/tusb_fifo.c.obj
                0x10007022                tu_fifo_read
 .text.tu_fifo_read_n
                0x10007064        0xa CMakeFiles/project.dir/Users/nikhilnayak/Downloads/pico/pico-sdk/lib/tinyusb/src/common/tusb_fifo.c.obj
                0x10007064                tu_fifo_read_n
 .text.tu_fifo_write
                0x1000706e       0x64 CMakeFiles/project.dir/Users/nikhilnayak/Downloads/pico/pico-sdk/lib/tinyusb/src/common/tusb_fifo.c.obj
                0x1000706e                tu_fifo_write
 .text.tu_fifo_write_n
                0x100070d2        0xa CMakeFiles/project.dir/Users/nikhilnayak/Downloads/pico/pico-sdk/lib/tinyusb/src/common/tusb_fifo.c.obj
                0x100070d2                tu_fifo_write_n
 .text.tu_fifo_clear
                0x100070dc       0x3e CMakeFiles/project.dir/Users/nikhilnayak/Downloads/pico/pico-sdk/lib/tinyusb/src/common/tusb_fifo.c.obj
                0x100070dc                tu_fifo_clear
 .text.tu_fifo_set_overwritable
                0x1000711a       0x46 CMakeFiles/project.dir/Users/nikhilnayak/Downloads/pico/pico-sdk/lib/tinyusb/src/common/tusb_fifo.c.obj
                0x1000711a                tu_fifo_set_overwritable
 .text.i2c_set_baudrate
                0x10007160       0xf0 CMakeFiles/project.dir/Users/nikhilnayak/Downloads/pico/pico-sdk/src/rp2_common/hardware_i2c/i2c.c.obj
                0x10007160                i2c_set_baudrate
 .text.i2c_init
                0x10007250       0x58 CMakeFiles/project.dir/Users/nikhilnayak/Downloads/pico/pico-sdk/src/rp2_common/hardware_i2c/i2c.c.obj
                0x10007250                i2c_init
 .text.atoi     0x100072a8        0xc /Applications/ArmGNUToolchain/13.2.Rel1/arm-none-eabi/bin/../lib/gcc/arm-none-eabi/13.2.1/../../../../arm-none-eabi/lib/thumb/v6-m/nofp/libg.a(libc_a-atoi.o)
                0x100072a8                atoi
 .text._strtol_l.isra.0
                0x100072b4      0x158 /Applications/ArmGNUToolchain/13.2.Rel1/arm-none-eabi/bin/../lib/gcc/arm-none-eabi/13.2.1/../../../../arm-none-eabi/lib/thumb/v6-m/nofp/libg.a(libc_a-strtol.o)
 .text.strtol   0x1000740c       0x18 /Applications/ArmGNUToolchain/13.2.Rel1/arm-none-eabi/bin/../lib/gcc/arm-none-eabi/13.2.1/../../../../arm-none-eabi/lib/thumb/v6-m/nofp/libg.a(libc_a-strtol.o)
                0x1000740c                strtol
 .text.__errno  0x10007424        0xc /Applications/ArmGNUToolchain/13.2.Rel1/arm-none-eabi/bin/../lib/gcc/arm-none-eabi/13.2.1/../../../../arm-none-eabi/lib/thumb/v6-m/nofp/libg.a(libc_a-errno.o)
                0x10007424                __errno
 .text.strlen   0x10007430       0x5c /Applications/ArmGNUToolchain/13.2.Rel1/arm-none-eabi/bin/../lib/gcc/arm-none-eabi/13.2.1/../../../../arm-none-eabi/lib/thumb/v6-m/nofp/libg.a(libc_a-strlen-stub.o)
                0x10007430                strlen
 *(.fini)
 .fini          0x1000748c        0x4 /Applications/ArmGNUToolchain/13.2.Rel1/arm-none-eabi/bin/../lib/gcc/arm-none-eabi/13.2.1/thumb/v6-m/nofp/crti.o
                0x1000748c                _fini
 .fini.__stub   0x10007490       0xe0 linker stubs
 *crtbegin.o(.ctors)
 *crtbegin?.o(.ctors)
 *(EXCLUDE_FILE(*crtend.o *crtend?.o) .ctors)
 *(SORT_BY_NAME(.ctors.*))
 *(.ctors)
 *crtbegin.o(.dtors)
 *crtbegin?.o(.dtors)
 *(EXCLUDE_FILE(*crtend.o *crtend?.o) .dtors)
 *(SORT_BY_NAME(.dtors.*))
 *(.dtors)
 *(.eh_frame*)
 .eh_frame      0x10007570        0x0 /Applications/ArmGNUToolchain/13.2.Rel1/arm-none-eabi/bin/../lib/gcc/arm-none-eabi/13.2.1/thumb/v6-m/nofp/crtbegin.o
                0x10007570                        . = ALIGN (0x4)

.glue_7         0x10007570        0x0
 .glue_7        0x10007570        0x0 linker stubs

.glue_7t        0x10007570        0x0
 .glue_7t       0x10007570        0x0 linker stubs

.vfp11_veneer   0x10007570        0x0
 .vfp11_veneer  0x10007570        0x0 linker stubs

.v4_bx          0x10007570        0x0
 .v4_bx         0x10007570        0x0 linker stubs

.iplt           0x10007570        0x0
 .iplt          0x10007570        0x0 /Applications/ArmGNUToolchain/13.2.Rel1/arm-none-eabi/bin/../lib/gcc/arm-none-eabi/13.2.1/thumb/v6-m/nofp/crtbegin.o

.rodata         0x10007570     0x17c8
 *(EXCLUDE_FILE(*libm.a: *libc.a:*lib_a-mem*.o *libgcc.a:) .rodata*)
 .rodata.on_uart_rx.str1.4
                0x10007570      0xfe9 CMakeFiles/project.dir/main.c.obj
                                 0x15 (size before relaxing)
 .rodata.main.str1.4
                0x10008559       0x53 CMakeFiles/project.dir/main.c.obj
 .rodata.spin_lock_claim_unused.str1.4
                0x10008559       0x1b CMakeFiles/project.dir/Users/nikhilnayak/Downloads/pico/pico-sdk/src/rp2_common/hardware_sync/sync.c.obj
 .rodata.resolve_branch.str1.4
                0x10008559       0x65 CMakeFiles/project.dir/Users/nikhilnayak/Downloads/pico/pico-sdk/src/rp2_common/hardware_irq/irq.c.obj
 .rodata.make_branch.str1.4
                0x10008559       0x30 CMakeFiles/project.dir/Users/nikhilnayak/Downloads/pico/pico-sdk/src/rp2_common/hardware_irq/irq.c.obj
 .rodata.insert_branch_and_link.str1.4
                0x10008559       0x10 CMakeFiles/project.dir/Users/nikhilnayak/Downloads/pico/pico-sdk/src/rp2_common/hardware_irq/irq.c.obj
 .rodata.irq_set_exclusive_handler.str1.4
                0x10008559       0x36 CMakeFiles/project.dir/Users/nikhilnayak/Downloads/pico/pico-sdk/src/rp2_common/hardware_irq/irq.c.obj
 .rodata.irq_add_shared_handler.str1.4
                0x10008559       0xc2 CMakeFiles/project.dir/Users/nikhilnayak/Downloads/pico/pico-sdk/src/rp2_common/hardware_irq/irq.c.obj
 .rodata.irq_remove_handler.str1.4
                0x10008559       0x3a CMakeFiles/project.dir/Users/nikhilnayak/Downloads/pico/pico-sdk/src/rp2_common/hardware_irq/irq.c.obj
 .rodata.irq_add_tail_to_free_list.str1.4
                0x10008559       0x3a CMakeFiles/project.dir/Users/nikhilnayak/Downloads/pico/pico-sdk/src/rp2_common/hardware_irq/irq.c.obj
 .rodata.user_irq_claim_unused.str1.4
                0x10008559       0x1b CMakeFiles/project.dir/Users/nikhilnayak/Downloads/pico/pico-sdk/src/rp2_common/hardware_irq/irq.c.obj
 *fill*         0x10008559        0x3 
 .rodata.__func__.0
                0x1000855c       0x1a CMakeFiles/project.dir/Users/nikhilnayak/Downloads/pico/pico-sdk/src/rp2_common/hardware_irq/irq.c.obj
 *fill*         0x10008576        0x2 
 .rodata.__func__.1
                0x10008578       0x17 CMakeFiles/project.dir/Users/nikhilnayak/Downloads/pico/pico-sdk/src/rp2_common/hardware_irq/irq.c.obj
 *fill*         0x1000858f        0x1 
 .rodata.__func__.2
                0x10008590       0x13 CMakeFiles/project.dir/Users/nikhilnayak/Downloads/pico/pico-sdk/src/rp2_common/hardware_irq/irq.c.obj
 *fill*         0x100085a3        0x1 
 .rodata.__func__.3
                0x100085a4        0xc CMakeFiles/project.dir/Users/nikhilnayak/Downloads/pico/pico-sdk/src/rp2_common/hardware_irq/irq.c.obj
 .rodata.__func__.4
                0x100085b0        0xf CMakeFiles/project.dir/Users/nikhilnayak/Downloads/pico/pico-sdk/src/rp2_common/hardware_irq/irq.c.obj
 *fill*         0x100085bf        0x1 
 .rodata.__func__.5
                0x100085c0       0x17 CMakeFiles/project.dir/Users/nikhilnayak/Downloads/pico/pico-sdk/src/rp2_common/hardware_irq/irq.c.obj
 *fill*         0x100085d7        0x1 
 .rodata.__func__.6
                0x100085d8       0x1a CMakeFiles/project.dir/Users/nikhilnayak/Downloads/pico/pico-sdk/src/rp2_common/hardware_irq/irq.c.obj
 .rodata.update_us_since_boot.str1.4
                0x100085f2       0x71 CMakeFiles/project.dir/Users/nikhilnayak/Downloads/pico/pico-sdk/src/common/pico_sync/mutex.c.obj
 .rodata.str1.4
                0x100085f2       0x99 CMakeFiles/project.dir/Users/nikhilnayak/Downloads/pico/pico-sdk/src/common/pico_sync/mutex.c.obj
 *fill*         0x100085f2        0x2 
 .rodata.__func__.1
                0x100085f4        0xb CMakeFiles/project.dir/Users/nikhilnayak/Downloads/pico/pico-sdk/src/common/pico_sync/mutex.c.obj
 *fill*         0x100085ff        0x1 
 .rodata.__func__.3
                0x10008600       0x18 CMakeFiles/project.dir/Users/nikhilnayak/Downloads/pico/pico-sdk/src/common/pico_sync/mutex.c.obj
 .rodata.__func__.4
                0x10008618       0x15 CMakeFiles/project.dir/Users/nikhilnayak/Downloads/pico/pico-sdk/src/common/pico_sync/mutex.c.obj
 .rodata.get_entry.str1.4
                0x1000862d       0x6b CMakeFiles/project.dir/Users/nikhilnayak/Downloads/pico/pico-sdk/src/common/pico_time/time.c.obj
 .rodata.update_us_since_boot.str1.4
                0x1000862d       0x71 CMakeFiles/project.dir/Users/nikhilnayak/Downloads/pico/pico-sdk/src/common/pico_time/time.c.obj
 .rodata.ph_get_node.str1.4
                0x1000862d       0x76 CMakeFiles/project.dir/Users/nikhilnayak/Downloads/pico/pico-sdk/src/common/pico_time/time.c.obj
 .rodata.ph_add_child_node.str1.4
                0x1000862d       0x2e CMakeFiles/project.dir/Users/nikhilnayak/Downloads/pico/pico-sdk/src/common/pico_time/time.c.obj
 .rodata.ph_insert_node.str1.4
                0x1000862d        0x3 CMakeFiles/project.dir/Users/nikhilnayak/Downloads/pico/pico-sdk/src/common/pico_time/time.c.obj
 .rodata.ph_free_node.str1.4
                0x1000862d       0x38 CMakeFiles/project.dir/Users/nikhilnayak/Downloads/pico/pico-sdk/src/common/pico_time/time.c.obj
 .rodata.add_alarm_under_lock.str1.4
                0x1000862d       0x28 CMakeFiles/project.dir/Users/nikhilnayak/Downloads/pico/pico-sdk/src/common/pico_time/time.c.obj
 .rodata.alarm_pool_alarm_callback.str1.4
                0x1000862d       0x60 CMakeFiles/project.dir/Users/nikhilnayak/Downloads/pico/pico-sdk/src/common/pico_time/time.c.obj
 .rodata.alarm_pool_get_default.str1.4
                0x1000862d       0x21 CMakeFiles/project.dir/Users/nikhilnayak/Downloads/pico/pico-sdk/src/common/pico_time/time.c.obj
 .rodata.alarm_pool_cancel_alarm.str1.4
                0x1000862d       0x27 CMakeFiles/project.dir/Users/nikhilnayak/Downloads/pico/pico-sdk/src/common/pico_time/time.c.obj
 *fill*         0x1000862d        0x3 
 .rodata.__func__.1
                0x10008630       0x18 CMakeFiles/project.dir/Users/nikhilnayak/Downloads/pico/pico-sdk/src/common/pico_time/time.c.obj
 .rodata.__func__.3
                0x10008648       0x17 CMakeFiles/project.dir/Users/nikhilnayak/Downloads/pico/pico-sdk/src/common/pico_time/time.c.obj
 *fill*         0x1000865f        0x1 
 .rodata.__func__.4
                0x10008660       0x12 CMakeFiles/project.dir/Users/nikhilnayak/Downloads/pico/pico-sdk/src/common/pico_time/time.c.obj
 *fill*         0x10008672        0x2 
 .rodata.__func__.5
                0x10008674        0xd CMakeFiles/project.dir/Users/nikhilnayak/Downloads/pico/pico-sdk/src/common/pico_time/time.c.obj
 *fill*         0x10008681        0x3 
 .rodata.__func__.6
                0x10008684       0x12 CMakeFiles/project.dir/Users/nikhilnayak/Downloads/pico/pico-sdk/src/common/pico_time/time.c.obj
 *fill*         0x10008696        0x2 
 .rodata.__func__.7
                0x10008698        0xf CMakeFiles/project.dir/Users/nikhilnayak/Downloads/pico/pico-sdk/src/common/pico_time/time.c.obj
 *fill*         0x100086a7        0x1 
 .rodata.__func__.8
                0x100086a8        0xc CMakeFiles/project.dir/Users/nikhilnayak/Downloads/pico/pico-sdk/src/common/pico_time/time.c.obj
 .rodata.__func__.9
                0x100086b4       0x15 CMakeFiles/project.dir/Users/nikhilnayak/Downloads/pico/pico-sdk/src/common/pico_time/time.c.obj
 *fill*         0x100086c9        0x3 
 .rodata.__func__.10
                0x100086cc       0x15 CMakeFiles/project.dir/Users/nikhilnayak/Downloads/pico/pico-sdk/src/common/pico_time/time.c.obj
 *fill*         0x100086e1        0x3 
 .rodata.__func__.11
                0x100086e4       0x1a CMakeFiles/project.dir/Users/nikhilnayak/Downloads/pico/pico-sdk/src/common/pico_time/time.c.obj
 *fill*         0x100086fe        0x2 
 .rodata.__func__.12
                0x10008700        0xa CMakeFiles/project.dir/Users/nikhilnayak/Downloads/pico/pico-sdk/src/common/pico_time/time.c.obj
 .rodata.update_us_since_boot.str1.4
                0x1000870a       0x71 CMakeFiles/project.dir/Users/nikhilnayak/Downloads/pico/pico-sdk/src/rp2_common/hardware_timer/timer.c.obj
 .rodata.hardware_alarm_claim.str1.4
                0x1000870a       0x22 CMakeFiles/project.dir/Users/nikhilnayak/Downloads/pico/pico-sdk/src/rp2_common/hardware_timer/timer.c.obj
 .rodata.hardware_alarm_set_target.str1.4
                0x1000870a       0x75 CMakeFiles/project.dir/Users/nikhilnayak/Downloads/pico/pico-sdk/src/rp2_common/hardware_timer/timer.c.obj
 *fill*         0x1000870a        0x2 
 .rodata.__func__.0
                0x1000870c       0x1a CMakeFiles/project.dir/Users/nikhilnayak/Downloads/pico/pico-sdk/src/rp2_common/hardware_timer/timer.c.obj
 *fill*         0x10008726        0x2 
 .rodata.__func__.1
                0x10008728       0x15 CMakeFiles/project.dir/Users/nikhilnayak/Downloads/pico/pico-sdk/src/rp2_common/hardware_timer/timer.c.obj
 .rodata.ph_get_node.str1.4
                0x1000873d       0x76 CMakeFiles/project.dir/Users/nikhilnayak/Downloads/pico/pico-sdk/src/common/pico_util/pheap.c.obj
 .rodata.ph_add_child_node.str1.4
                0x1000873d       0x2e CMakeFiles/project.dir/Users/nikhilnayak/Downloads/pico/pico-sdk/src/common/pico_util/pheap.c.obj
 .rodata.ph_remove_any_head.str1.4
                0x1000873d       0xb0 CMakeFiles/project.dir/Users/nikhilnayak/Downloads/pico/pico-sdk/src/common/pico_util/pheap.c.obj
 .rodata.ph_remove_and_free_node.str1.4
                0x1000873d       0x26 CMakeFiles/project.dir/Users/nikhilnayak/Downloads/pico/pico-sdk/src/common/pico_util/pheap.c.obj
 *fill*         0x1000873d        0x3 
 .rodata.__func__.0
                0x10008740       0x18 CMakeFiles/project.dir/Users/nikhilnayak/Downloads/pico/pico-sdk/src/common/pico_util/pheap.c.obj
 .rodata.__func__.1
                0x10008758       0x13 CMakeFiles/project.dir/Users/nikhilnayak/Downloads/pico/pico-sdk/src/common/pico_util/pheap.c.obj
 *fill*         0x1000876b        0x1 
 .rodata.__func__.2
                0x1000876c       0x12 CMakeFiles/project.dir/Users/nikhilnayak/Downloads/pico/pico-sdk/src/common/pico_util/pheap.c.obj
 *fill*         0x1000877e        0x2 
 .rodata.__func__.3
                0x10008780        0xc CMakeFiles/project.dir/Users/nikhilnayak/Downloads/pico/pico-sdk/src/common/pico_util/pheap.c.obj
 .rodata.clock_configure.str1.4
                0x1000878c       0x67 CMakeFiles/project.dir/Users/nikhilnayak/Downloads/pico/pico-sdk/src/rp2_common/hardware_clocks/clocks.c.obj
 .rodata.__func__.1
                0x1000878c       0x10 CMakeFiles/project.dir/Users/nikhilnayak/Downloads/pico/pico-sdk/src/rp2_common/hardware_clocks/clocks.c.obj
 .rodata.pll_init.str1.4
                0x1000879c      0x134 CMakeFiles/project.dir/Users/nikhilnayak/Downloads/pico/pico-sdk/src/rp2_common/hardware_pll/pll.c.obj
 .rodata.__func__.0
                0x1000879c        0x9 CMakeFiles/project.dir/Users/nikhilnayak/Downloads/pico/pico-sdk/src/rp2_common/hardware_pll/pll.c.obj
 .rodata.__assert_func.str1.4
                0x100087a5       0x43 CMakeFiles/project.dir/Users/nikhilnayak/Downloads/pico/pico-sdk/src/rp2_common/pico_runtime/runtime.c.obj
 .rodata.runtime_init.str1.4
                0x100087a5       0x71 CMakeFiles/project.dir/Users/nikhilnayak/Downloads/pico/pico-sdk/src/rp2_common/pico_runtime/runtime.c.obj
 .rodata.panic.str1.4
                0x100087a5       0x12 CMakeFiles/project.dir/Users/nikhilnayak/Downloads/pico/pico-sdk/src/rp2_common/pico_runtime/runtime.c.obj
 *fill*         0x100087a5        0x3 
 .rodata.__func__.2
                0x100087a8        0xd CMakeFiles/project.dir/Users/nikhilnayak/Downloads/pico/pico-sdk/src/rp2_common/pico_runtime/runtime.c.obj
 .rodata._ftoa.str1.4
                0x100087b5       0x15 CMakeFiles/project.dir/Users/nikhilnayak/Downloads/pico/pico-sdk/src/rp2_common/pico_printf/printf.c.obj
 *fill*         0x100087b5        0x3 
 .rodata._vsnprintf
                0x100087b8      0x19c CMakeFiles/project.dir/Users/nikhilnayak/Downloads/pico/pico-sdk/src/rp2_common/pico_printf/printf.c.obj
 *fill*         0x10008954        0x4 
 .rodata.pow10.0
                0x10008958       0x50 CMakeFiles/project.dir/Users/nikhilnayak/Downloads/pico/pico-sdk/src/rp2_common/pico_printf/printf.c.obj
 .rodata.__aeabi_double_init.str1.4
                0x100089a8       0xac CMakeFiles/project.dir/Users/nikhilnayak/Downloads/pico/pico-sdk/src/rp2_common/pico_double/double_init_rom.c.obj
 .rodata.__func__.0
                0x100089a8       0x14 CMakeFiles/project.dir/Users/nikhilnayak/Downloads/pico/pico-sdk/src/rp2_common/pico_double/double_init_rom.c.obj
 .rodata.__aeabi_float_init.str1.4
                0x100089bc       0x8e CMakeFiles/project.dir/Users/nikhilnayak/Downloads/pico/pico-sdk/src/rp2_common/pico_float/float_init_rom.c.obj
 .rodata.__func__.0
                0x100089bc       0x13 CMakeFiles/project.dir/Users/nikhilnayak/Downloads/pico/pico-sdk/src/rp2_common/pico_float/float_init_rom.c.obj
 .rodata.str1.4
                0x100089cf       0x3c CMakeFiles/project.dir/Users/nikhilnayak/Downloads/pico/pico-sdk/src/rp2_common/pico_standard_link/binary_info.c.obj
 *fill*         0x100089cf        0x1 
 .rodata.__bi_81
                0x100089d0        0xc CMakeFiles/project.dir/Users/nikhilnayak/Downloads/pico/pico-sdk/src/rp2_common/pico_standard_link/binary_info.c.obj
 .rodata.__bi_75
                0x100089dc        0xc CMakeFiles/project.dir/Users/nikhilnayak/Downloads/pico/pico-sdk/src/rp2_common/pico_standard_link/binary_info.c.obj
 .rodata.__bi_44
                0x100089e8        0xc CMakeFiles/project.dir/Users/nikhilnayak/Downloads/pico/pico-sdk/src/rp2_common/pico_standard_link/binary_info.c.obj
 .rodata.update_us_since_boot.str1.4
                0x100089f4       0x71 CMakeFiles/project.dir/Users/nikhilnayak/Downloads/pico/pico-sdk/src/rp2_common/pico_stdio/stdio.c.obj
 .rodata.crlf_str.2
                0x100089f4        0x2 CMakeFiles/project.dir/Users/nikhilnayak/Downloads/pico/pico-sdk/src/rp2_common/pico_stdio/stdio.c.obj
 *fill*         0x100089f6        0x2 
 .rodata.__func__.3
                0x100089f8       0x15 CMakeFiles/project.dir/Users/nikhilnayak/Downloads/pico/pico-sdk/src/rp2_common/pico_stdio/stdio.c.obj
 *fill*         0x10008a0d        0x3 
 .rodata._resetd_driver
                0x10008a10       0x18 CMakeFiles/project.dir/Users/nikhilnayak/Downloads/pico/pico-sdk/src/rp2_common/pico_stdio_usb/reset_interface.c.obj
 .rodata.update_us_since_boot.str1.4
                0x10008a28       0x71 CMakeFiles/project.dir/Users/nikhilnayak/Downloads/pico/pico-sdk/src/rp2_common/pico_stdio_usb/stdio_usb.c.obj
 .rodata.stdio_usb_init.str1.4
                0x10008a28       0x5d CMakeFiles/project.dir/Users/nikhilnayak/Downloads/pico/pico-sdk/src/rp2_common/pico_stdio_usb/stdio_usb.c.obj
 .rodata.str1.4
                0x10008a28       0x13 CMakeFiles/project.dir/Users/nikhilnayak/Downloads/pico/pico-sdk/src/rp2_common/pico_stdio_usb/stdio_usb.c.obj
 .rodata.__bi_182.0
                0x10008a28        0xc CMakeFiles/project.dir/Users/nikhilnayak/Downloads/pico/pico-sdk/src/rp2_common/pico_stdio_usb/stdio_usb.c.obj
 .rodata.__func__.1
                0x10008a34        0xf CMakeFiles/project.dir/Users/nikhilnayak/Downloads/pico/pico-sdk/src/rp2_common/pico_stdio_usb/stdio_usb.c.obj
 *fill*         0x10008a43        0x1 
 .rodata.__func__.3
                0x10008a44       0x15 CMakeFiles/project.dir/Users/nikhilnayak/Downloads/pico/pico-sdk/src/rp2_common/pico_stdio_usb/stdio_usb.c.obj
 .rodata.str1.4
                0x10008a59       0x2a CMakeFiles/project.dir/Users/nikhilnayak/Downloads/pico/pico-sdk/src/rp2_common/pico_stdio_usb/stdio_usb_descriptors.c.obj
 *fill*         0x10008a59        0x3 
 .rodata.usbd_desc_str
                0x10008a5c       0x18 CMakeFiles/project.dir/Users/nikhilnayak/Downloads/pico/pico-sdk/src/rp2_common/pico_stdio_usb/stdio_usb_descriptors.c.obj
 .rodata.usbd_desc_cfg
                0x10008a74       0x54 CMakeFiles/project.dir/Users/nikhilnayak/Downloads/pico/pico-sdk/src/rp2_common/pico_stdio_usb/stdio_usb_descriptors.c.obj
 .rodata.usbd_desc_device
                0x10008ac8       0x12 CMakeFiles/project.dir/Users/nikhilnayak/Downloads/pico/pico-sdk/src/rp2_common/pico_stdio_usb/stdio_usb_descriptors.c.obj
 .rodata.pico_get_unique_board_id_string.str1.4
                0x10008ada       0x5d CMakeFiles/project.dir/Users/nikhilnayak/Downloads/pico/pico-sdk/src/rp2_common/pico_unique_id/unique_id.c.obj
 *fill*         0x10008ada        0x2 
 .rodata.__func__.0
                0x10008adc       0x20 CMakeFiles/project.dir/Users/nikhilnayak/Downloads/pico/pico-sdk/src/rp2_common/pico_unique_id/unique_id.c.obj
 .rodata.str1.4
                0x10008afc      0x16a CMakeFiles/project.dir/Users/nikhilnayak/Downloads/pico/pico-sdk/src/rp2_common/hardware_flash/flash.c.obj
 .rodata.__func__.0
                0x10008afc        0xd CMakeFiles/project.dir/Users/nikhilnayak/Downloads/pico/pico-sdk/src/rp2_common/hardware_flash/flash.c.obj
 .rodata._hw_endpoint_alloc.str1.4
                0x10008b09       0xc5 CMakeFiles/project.dir/Users/nikhilnayak/Downloads/pico/pico-sdk/lib/tinyusb/src/portable/raspberrypi/rp2040/dcd_rp2040.c.obj
 .rodata.str1.4
                0x10008b09       0x14 CMakeFiles/project.dir/Users/nikhilnayak/Downloads/pico/pico-sdk/lib/tinyusb/src/portable/raspberrypi/rp2040/dcd_rp2040.c.obj
 .rodata.dcd_int_enable.str1.4
                0x10008b09        0xc CMakeFiles/project.dir/Users/nikhilnayak/Downloads/pico/pico-sdk/lib/tinyusb/src/portable/raspberrypi/rp2040/dcd_rp2040.c.obj
 *fill*         0x10008b09        0x3 
 .rodata.__func__.0
                0x10008b0c        0xe CMakeFiles/project.dir/Users/nikhilnayak/Downloads/pico/pico-sdk/lib/tinyusb/src/portable/raspberrypi/rp2040/dcd_rp2040.c.obj
 *fill*         0x10008b1a        0x2 
 .rodata.__func__.1
                0x10008b1c        0xe CMakeFiles/project.dir/Users/nikhilnayak/Downloads/pico/pico-sdk/lib/tinyusb/src/portable/raspberrypi/rp2040/dcd_rp2040.c.obj
 *fill*         0x10008b2a        0x2 
 .rodata.__func__.3
                0x10008b2c       0x10 CMakeFiles/project.dir/Users/nikhilnayak/Downloads/pico/pico-sdk/lib/tinyusb/src/portable/raspberrypi/rp2040/dcd_rp2040.c.obj
 .rodata.__func__.5
                0x10008b3c        0xf CMakeFiles/project.dir/Users/nikhilnayak/Downloads/pico/pico-sdk/lib/tinyusb/src/portable/raspberrypi/rp2040/dcd_rp2040.c.obj
 *fill*         0x10008b4b        0x1 
 .rodata.__func__.6
                0x10008b4c       0x13 CMakeFiles/project.dir/Users/nikhilnayak/Downloads/pico/pico-sdk/lib/tinyusb/src/portable/raspberrypi/rp2040/dcd_rp2040.c.obj
 *fill*         0x10008b5f        0x1 
 .rodata.__func__.7
                0x10008b60        0x9 CMakeFiles/project.dir/Users/nikhilnayak/Downloads/pico/pico-sdk/lib/tinyusb/src/portable/raspberrypi/rp2040/dcd_rp2040.c.obj
 .rodata.str1.4
                0x10008b69       0xf7 CMakeFiles/project.dir/Users/nikhilnayak/Downloads/pico/pico-sdk/lib/tinyusb/src/portable/raspberrypi/rp2040/rp2040_usb.c.obj
 *fill*         0x10008b69        0x3 
 .rodata.__func__.0
                0x10008b6c        0xf CMakeFiles/project.dir/Users/nikhilnayak/Downloads/pico/pico-sdk/lib/tinyusb/src/portable/raspberrypi/rp2040/rp2040_usb.c.obj
 *fill*         0x10008b7b        0x1 
 .rodata.process_get_descriptor
                0x10008b7c       0x40 CMakeFiles/project.dir/Users/nikhilnayak/Downloads/pico/pico-sdk/lib/tinyusb/src/device/usbd.c.obj
 .rodata.process_control_request
                0x10008bbc       0x28 CMakeFiles/project.dir/Users/nikhilnayak/Downloads/pico/pico-sdk/lib/tinyusb/src/device/usbd.c.obj
 .rodata.tud_task_ext
                0x10008be4       0x24 CMakeFiles/project.dir/Users/nikhilnayak/Downloads/pico/pico-sdk/lib/tinyusb/src/device/usbd.c.obj
 .rodata._usbd_driver
                0x10008c08       0x18 CMakeFiles/project.dir/Users/nikhilnayak/Downloads/pico/pico-sdk/lib/tinyusb/src/device/usbd.c.obj
 .rodata.i2c_set_baudrate.str1.4
                0x10008c20       0x6d CMakeFiles/project.dir/Users/nikhilnayak/Downloads/pico/pico-sdk/src/rp2_common/hardware_i2c/i2c.c.obj
 .rodata.__func__.0
                0x10008c20       0x11 CMakeFiles/project.dir/Users/nikhilnayak/Downloads/pico/pico-sdk/src/rp2_common/hardware_i2c/i2c.c.obj
 *fill*         0x10008c31        0x3 
 .rodata._ctype_
                0x10008c34      0x101 /Applications/ArmGNUToolchain/13.2.Rel1/arm-none-eabi/bin/../lib/gcc/arm-none-eabi/13.2.1/../../../../arm-none-eabi/lib/thumb/v6-m/nofp/libg.a(libc_a-ctype_.o)
                0x10008c34                _ctype_
                0x10008d38                        . = ALIGN (0x4)
 *fill*         0x10008d35        0x3 
 *(SORT_BY_ALIGNMENT(SORT_BY_NAME(.flashdata*)))
                0x10008d38                        . = ALIGN (0x4)

.ARM.extab
 *(.ARM.extab* .gnu.linkonce.armextab.*)
                0x10008d38                        __exidx_start = .

.ARM.exidx
 *(.ARM.exidx* .gnu.linkonce.armexidx.*)
                0x10008d38                        __exidx_end = .
                0x10008d38                        . = ALIGN (0x4)
                0x10008d38                        __binary_info_start = .

.binary_info    0x10008d38       0x20
 *(.binary_info.keep.*)
 .binary_info.keep.__bi_ptr81
                0x10008d38        0x4 CMakeFiles/project.dir/Users/nikhilnayak/Downloads/pico/pico-sdk/src/rp2_common/pico_standard_link/binary_info.c.obj
 .binary_info.keep.__bi_ptr75
                0x10008d3c        0x4 CMakeFiles/project.dir/Users/nikhilnayak/Downloads/pico/pico-sdk/src/rp2_common/pico_standard_link/binary_info.c.obj
 .binary_info.keep.__bi_ptr50
                0x10008d40        0x4 CMakeFiles/project.dir/Users/nikhilnayak/Downloads/pico/pico-sdk/src/rp2_common/pico_standard_link/binary_info.c.obj
 .binary_info.keep.__bi_ptr44
                0x10008d44        0x4 CMakeFiles/project.dir/Users/nikhilnayak/Downloads/pico/pico-sdk/src/rp2_common/pico_standard_link/binary_info.c.obj
 .binary_info.keep.__bi_ptr38
                0x10008d48        0x4 CMakeFiles/project.dir/Users/nikhilnayak/Downloads/pico/pico-sdk/src/rp2_common/pico_standard_link/binary_info.c.obj
 .binary_info.keep.__bi_ptr30
                0x10008d4c        0x4 CMakeFiles/project.dir/Users/nikhilnayak/Downloads/pico/pico-sdk/src/rp2_common/pico_standard_link/binary_info.c.obj
 .binary_info.keep.__bi_ptr22
                0x10008d50        0x4 CMakeFiles/project.dir/Users/nikhilnayak/Downloads/pico/pico-sdk/src/rp2_common/pico_standard_link/binary_info.c.obj
 *(.binary_info.*)
 .binary_info.__bi_ptr182
                0x10008d54        0x4 CMakeFiles/project.dir/Users/nikhilnayak/Downloads/pico/pico-sdk/src/rp2_common/pico_stdio_usb/stdio_usb.c.obj
                0x10008d58                        __binary_info_end = .

.rel.dyn        0x10008d58        0x0
 .rel.iplt      0x10008d58        0x0 /Applications/ArmGNUToolchain/13.2.Rel1/arm-none-eabi/bin/../lib/gcc/arm-none-eabi/13.2.1/thumb/v6-m/nofp/crtbegin.o
                0x10008d58                        . = ALIGN (0x4)

.ram_vector_table
                0x20000000       0xc0
 *(.ram_vector_table)
 .ram_vector_table
                0x20000000       0xc0 CMakeFiles/project.dir/Users/nikhilnayak/Downloads/pico/pico-sdk/src/rp2_common/pico_runtime/runtime.c.obj
                0x20000000                ram_vector_table

.data           0x200000c0      0xc70 load address 0x10008d58
                0x200000c0                        __data_start__ = .