Archive member included to satisfy reference by file (symbol)

/Applications/ArmGNUToolchain/13.2.Rel1/arm-none-eabi/bin/../lib/gcc/arm-none-eabi/13.2.1/thumb/v6-m/nofp/libgcc.a(_dvmd_tls.o)
                              CMakeFiles/dev_hid_composite.dir/Users/nikhilnayak/Downloads/pico/pico-sdk/src/rp2_common/pico_divider/divider.S.obj (__aeabi_idiv0)
/Applications/ArmGNUToolchain/13.2.Rel1/arm-none-eabi/bin/../lib/gcc/arm-none-eabi/13.2.1/../../../../arm-none-eabi/lib/thumb/v6-m/nofp/libg.a(libc_a-calloc.o)
                              CMakeFiles/dev_hid_composite.dir/Users/nikhilnayak/Downloads/pico/pico-sdk/src/rp2_common/pico_malloc/pico_malloc.c.obj (calloc)
/Applications/ArmGNUToolchain/13.2.Rel1/arm-none-eabi/bin/../lib/gcc/arm-none-eabi/13.2.1/../../../../arm-none-eabi/lib/thumb/v6-m/nofp/libg.a(libc_a-callocr.o)
                              /Applications/ArmGNUToolchain/13.2.Rel1/arm-none-eabi/bin/../lib/gcc/arm-none-eabi/13.2.1/../../../../arm-none-eabi/lib/thumb/v6-m/nofp/libg.a(libc_a-calloc.o) (_calloc_r)
/Applications/ArmGNUToolchain/13.2.Rel1/arm-none-eabi/bin/../lib/gcc/arm-none-eabi/13.2.1/../../../../arm-none-eabi/lib/thumb/v6-m/nofp/libg.a(libc_a-malloc.o)
                              CMakeFiles/dev_hid_composite.dir/Users/nikhilnayak/Downloads/pico/pico-sdk/src/rp2_common/pico_malloc/pico_malloc.c.obj (malloc)
/Applications/ArmGNUToolchain/13.2.Rel1/arm-none-eabi/bin/../lib/gcc/arm-none-eabi/13.2.1/../../../../arm-none-eabi/lib/thumb/v6-m/nofp/libg.a(libc_a-mallocr.o)
                              /Applications/ArmGNUToolchain/13.2.Rel1/arm-none-eabi/bin/../lib/gcc/arm-none-eabi/13.2.1/../../../../arm-none-eabi/lib/thumb/v6-m/nofp/libg.a(libc_a-callocr.o) (_malloc_r)
/Applications/ArmGNUToolchain/13.2.Rel1/arm-none-eabi/bin/../lib/gcc/arm-none-eabi/13.2.1/../../../../arm-none-eabi/lib/thumb/v6-m/nofp/libg.a(libc_a-mlock.o)
                              /Applications/ArmGNUToolchain/13.2.Rel1/arm-none-eabi/bin/../lib/gcc/arm-none-eabi/13.2.1/../../../../arm-none-eabi/lib/thumb/v6-m/nofp/libg.a(libc_a-mallocr.o) (__malloc_lock)
/Applications/ArmGNUToolchain/13.2.Rel1/arm-none-eabi/bin/../lib/gcc/arm-none-eabi/13.2.1/../../../../arm-none-eabi/lib/thumb/v6-m/nofp/libg.a(libc_a-realloc.o)
                              CMakeFiles/dev_hid_composite.dir/Users/nikhilnayak/Downloads/pico/pico-sdk/src/rp2_common/pico_malloc/pico_malloc.c.obj (realloc)
/Applications/ArmGNUToolchain/13.2.Rel1/arm-none-eabi/bin/../lib/gcc/arm-none-eabi/13.2.1/../../../../arm-none-eabi/lib/thumb/v6-m/nofp/libg.a(libc_a-reallocr.o)
                              /Applications/ArmGNUToolchain/13.2.Rel1/arm-none-eabi/bin/../lib/gcc/arm-none-eabi/13.2.1/../../../../arm-none-eabi/lib/thumb/v6-m/nofp/libg.a(libc_a-realloc.o) (_realloc_r)
/Applications/ArmGNUToolchain/13.2.Rel1/arm-none-eabi/bin/../lib/gcc/arm-none-eabi/13.2.1/../../../../arm-none-eabi/lib/thumb/v6-m/nofp/libg.a(libc_a-memmove.o)
                              /Applications/ArmGNUToolchain/13.2.Rel1/arm-none-eabi/bin/../lib/gcc/arm-none-eabi/13.2.1/../../../../arm-none-eabi/lib/thumb/v6-m/nofp/libg.a(libc_a-reallocr.o) (memmove)
/Applications/ArmGNUToolchain/13.2.Rel1/arm-none-eabi/bin/../lib/gcc/arm-none-eabi/13.2.1/../../../../arm-none-eabi/lib/thumb/v6-m/nofp/libg.a(libc_a-impure.o)
                              /Applications/ArmGNUToolchain/13.2.Rel1/arm-none-eabi/bin/../lib/gcc/arm-none-eabi/13.2.1/../../../../arm-none-eabi/lib/thumb/v6-m/nofp/libg.a(libc_a-calloc.o) (_impure_ptr)
/Applications/ArmGNUToolchain/13.2.Rel1/arm-none-eabi/bin/../lib/gcc/arm-none-eabi/13.2.1/../../../../arm-none-eabi/lib/thumb/v6-m/nofp/libg.a(libc_a-sbrkr.o)
                              /Applications/ArmGNUToolchain/13.2.Rel1/arm-none-eabi/bin/../lib/gcc/arm-none-eabi/13.2.1/../../../../arm-none-eabi/lib/thumb/v6-m/nofp/libg.a(libc_a-mallocr.o) (_sbrk_r)
/Applications/ArmGNUToolchain/13.2.Rel1/arm-none-eabi/bin/../lib/gcc/arm-none-eabi/13.2.1/../../../../arm-none-eabi/lib/thumb/v6-m/nofp/libg.a(libc_a-errno.o)
                              /Applications/ArmGNUToolchain/13.2.Rel1/arm-none-eabi/bin/../lib/gcc/arm-none-eabi/13.2.1/../../../../arm-none-eabi/lib/thumb/v6-m/nofp/libg.a(libc_a-callocr.o) (__errno)
/Applications/ArmGNUToolchain/13.2.Rel1/arm-none-eabi/bin/../lib/gcc/arm-none-eabi/13.2.1/../../../../arm-none-eabi/lib/thumb/v6-m/nofp/libg.a(libc_a-sysconf.o)
                              /Applications/ArmGNUToolchain/13.2.Rel1/arm-none-eabi/bin/../lib/gcc/arm-none-eabi/13.2.1/../../../../arm-none-eabi/lib/thumb/v6-m/nofp/libg.a(libc_a-mallocr.o) (sysconf)
/Applications/ArmGNUToolchain/13.2.Rel1/arm-none-eabi/bin/../lib/gcc/arm-none-eabi/13.2.1/../../../../arm-none-eabi/lib/thumb/v6-m/nofp/libg.a(libc_a-init.o)
                              /Applications/ArmGNUToolchain/13.2.Rel1/arm-none-eabi/bin/../lib/gcc/arm-none-eabi/13.2.1/../../../../arm-none-eabi/lib/thumb/v6-m/nofp/crt0.o (__libc_init_array)
[...]
Memory Configuration

Name             Origin             Length             Attributes
FLASH            0x10000000         0x00200000         xr
RAM              0x20000000         0x00040000         xrw
SCRATCH_X        0x20040000         0x00001000         xrw
SCRATCH_Y        0x20041000         0x00001000         xrw
*default*        0x00000000         0xffffffff

Linker script and memory map

LOAD /Applications/ArmGNUToolchain/13.2.Rel1/arm-none-eabi/bin/../lib/gcc/arm-none-eabi/13.2.1/thumb/v6-m/nofp/crti.o
LOAD /Applications/ArmGNUToolchain/13.2.Rel1/arm-none-eabi/bin/../lib/gcc/arm-none-eabi/13.2.1/thumb/v6-m/nofp/crtbegin.o
LOAD /Applications/ArmGNUToolchain/13.2.Rel1/arm-none-eabi/bin/../lib/gcc/arm-none-eabi/13.2.1/../../../../arm-none-eabi/lib/thumb/v6-m/nofp/crt0.o

.flash_begin    0x10000000        0x0
                0x10000000                        __flash_binary_start = .

.boot2          0x10000000      0x100
                0x10000000                        __boot2_start__ = .
 *(.boot2)
 .boot2         0x10000000      0x100 /var/folders/4r/v625fp2n1n13h38982r34bxc0000gn/T//cc5yKdx1.o
                0x10000100                        __boot2_end__ = .
                0x00000001                        ASSERT (((__boot2_end__ - __boot2_start__) == 0x100), ERROR: Pico second stage bootloader must be 256 bytes in size)

.text           0x10000100     0x63d8
                0x10000100                        __logical_binary_start = .
 *(.vectors)
 .vectors       0x10000100       0xd4 CMakeFiles/dev_hid_composite.dir/Users/nikhilnayak/Downloads/pico/pico-sdk/src/rp2_common/pico_standard_link/crt0.S.obj
                0x10000100                __VECTOR_TABLE
                0x10000100                __vectors
                0x100001c0                __default_isrs_start
                0x100001c0                isr_invalid
                0x100001c2                isr_nmi
                0x100001c4                isr_hardfault
                0x100001c6                isr_svcall
                0x100001c8                isr_pendsv
                0x100001ca                isr_systick
                0x100001cc                isr_irq28
                0x100001cc                isr_irq19
                0x100001cc                isr_irq0
                0x100001cc                isr_irq6
                0x100001cc                isr_irq22
                0x100001cc                isr_irq17
                0x100001cc                isr_irq14
                0x100001cc                isr_irq2
                0x100001cc                isr_irq10
                0x100001cc                isr_irq8
                0x100001cc                isr_irq24
                0x100001cc                isr_irq1
                0x100001cc                isr_irq7
                0x100001cc                isr_irq21
                0x100001cc                isr_irq20
                0x100001cc                isr_irq15
                0x100001cc                isr_irq25
                0x100001cc                isr_irq4
                0x100001cc                isr_irq16
                0x100001cc                isr_irq29
                0x100001cc                isr_irq26
                0x100001cc                __default_isrs_end
                0x100001cc                isr_irq3
                0x100001cc                isr_irq9
                0x100001cc                __unhandled_user_irq
                0x100001cc                isr_irq13
                0x100001cc                isr_irq27
                0x100001cc                isr_irq31
                0x100001cc                isr_irq5
                0x100001cc                isr_irq11
                0x100001cc                isr_irq23
                0x100001cc                isr_irq18
                0x100001cc                isr_irq30
                0x100001cc                isr_irq12
                0x100001d2                unhandled_user_irq_num_in_r0
 *(.binary_info_header)
 .binary_info_header
                0x100001d4       0x14 CMakeFiles/dev_hid_composite.dir/Users/nikhilnayak/Downloads/pico/pico-sdk/src/rp2_common/pico_standard_link/crt0.S.obj
                0x100001e8                        __binary_info_header_end = .
 *(.reset)
 .reset         0x100001e8       0xa0 CMakeFiles/dev_hid_composite.dir/Users/nikhilnayak/Downloads/pico/pico-sdk/src/rp2_common/pico_standard_link/crt0.S.obj
                0x100001e8                _entry_point
 .reset         0x10000288       0x30 CMakeFiles/dev_hid_composite.dir/Users/nikhilnayak/Downloads/pico/pico-sdk/src/rp2_common/pico_standard_link/binary_info.c.obj
 *(.init)
 .init          0x100002b8        0x4 /Applications/ArmGNUToolchain/13.2.Rel1/arm-none-eabi/bin/../lib/gcc/arm-none-eabi/13.2.1/thumb/v6-m/nofp/crti.o
                0x100002b8                _init
 *(EXCLUDE_FILE(*libm.a: *libc.a:*lib_a-mem*.o *libgcc.a:) .text*)
 .text.register_tm_clones
                0x100002bc       0x28 /Applications/ArmGNUToolchain/13.2.Rel1/arm-none-eabi/bin/../lib/gcc/arm-none-eabi/13.2.1/thumb/v6-m/nofp/crtbegin.o
 .text.frame_dummy
                0x100002e4       0x24 /Applications/ArmGNUToolchain/13.2.Rel1/arm-none-eabi/bin/../lib/gcc/arm-none-eabi/13.2.1/thumb/v6-m/nofp/crtbegin.o
 .text.to_ms_since_boot
                0x10000308       0x1c CMakeFiles/dev_hid_composite.dir/main.c.obj
 .text.update_us_since_boot
                0x10000324       0x24 CMakeFiles/dev_hid_composite.dir/main.c.obj
 .text.get_absolute_time
                0x10000348       0x22 CMakeFiles/dev_hid_composite.dir/main.c.obj
 .text.board_millis
                0x1000036a       0x16 CMakeFiles/dev_hid_composite.dir/main.c.obj
 .text.send_hid_report
                0x10000380      0x120 CMakeFiles/dev_hid_composite.dir/main.c.obj
 .text.tud_mount_cb
                0x100004a0       0x10 CMakeFiles/dev_hid_composite.dir/main.c.obj
                0x100004a0                tud_mount_cb
 .text.tud_umount_cb
                0x100004b0        0xc CMakeFiles/dev_hid_composite.dir/main.c.obj
                0x100004b0                tud_umount_cb
 .text.tud_suspend_cb
                0x100004bc       0x10 CMakeFiles/dev_hid_composite.dir/main.c.obj
                0x100004bc                tud_suspend_cb
 .text.tud_resume_cb
                0x100004cc       0x10 CMakeFiles/dev_hid_composite.dir/main.c.obj
                0x100004cc                tud_resume_cb
 .text.hid_task
                0x100004dc       0x40 CMakeFiles/dev_hid_composite.dir/main.c.obj
                0x100004dc                hid_task
 .text.tud_hid_report_complete_cb
                0x1000051c       0x1c CMakeFiles/dev_hid_composite.dir/main.c.obj
                0x1000051c                tud_hid_report_complete_cb
 .text.tud_hid_get_report_cb
                0x10000538        0x4 CMakeFiles/dev_hid_composite.dir/main.c.obj
                0x10000538                tud_hid_get_report_cb
 .text.tud_hid_set_report_cb
                0x1000053c       0x3c CMakeFiles/dev_hid_composite.dir/main.c.obj
                0x1000053c                tud_hid_set_report_cb
 .text.led_blinking_task
                0x10000578       0x44 CMakeFiles/dev_hid_composite.dir/main.c.obj
                0x10000578                led_blinking_task
 .text.main     0x100005bc       0x1e CMakeFiles/dev_hid_composite.dir/main.c.obj
                0x100005bc                main
 *fill*         0x100005da        0x2 
 .text.tud_descriptor_device_cb
                0x100005dc        0x8 CMakeFiles/dev_hid_composite.dir/usb_descriptors.c.obj
                0x100005dc                tud_descriptor_device_cb
 .text.tud_hid_descriptor_report_cb
                0x100005e4        0x8 CMakeFiles/dev_hid_composite.dir/usb_descriptors.c.obj
                0x100005e4                tud_hid_descriptor_report_cb
 .text.tud_descriptor_configuration_cb
                0x100005ec        0x8 CMakeFiles/dev_hid_composite.dir/usb_descriptors.c.obj
                0x100005ec                tud_descriptor_configuration_cb
 .text.tud_descriptor_string_cb
                0x100005f4       0x78 CMakeFiles/dev_hid_composite.dir/usb_descriptors.c.obj
                0x100005f4                tud_descriptor_string_cb
 .text.gpio_set_function
                0x1000066c       0x30 CMakeFiles/dev_hid_composite.dir/Users/nikhilnayak/Downloads/pico/pico-sdk/src/rp2_common/hardware_gpio/gpio.c.obj
                0x1000066c                gpio_set_function
 .text.gpio_init
                0x1000069c       0x16 CMakeFiles/dev_hid_composite.dir/Users/nikhilnayak/Downloads/pico/pico-sdk/src/rp2_common/hardware_gpio/gpio.c.obj
                0x1000069c                gpio_init
 *fill*         0x100006b2        0x2 
 .text.running_on_fpga
                0x100006b4       0x14 CMakeFiles/dev_hid_composite.dir/Users/nikhilnayak/Downloads/pico/pico-sdk/src/rp2_common/pico_platform/platform.c.obj
                0x100006b4                running_on_fpga
 .text.hw_claim_lock
                0x100006c8       0x18 CMakeFiles/dev_hid_composite.dir/Users/nikhilnayak/Downloads/pico/pico-sdk/src/rp2_common/hardware_claim/claim.c.obj
                0x100006c8                hw_claim_lock
 .text.hw_claim_unlock
                0x100006e0       0x14 CMakeFiles/dev_hid_composite.dir/Users/nikhilnayak/Downloads/pico/pico-sdk/src/rp2_common/hardware_claim/claim.c.obj
                0x100006e0                hw_claim_unlock
 .text.hw_claim_or_assert
                0x100006f4       0x32 CMakeFiles/dev_hid_composite.dir/Users/nikhilnayak/Downloads/pico/pico-sdk/src/rp2_common/hardware_claim/claim.c.obj
                0x100006f4                hw_claim_or_assert
 .text.hw_claim_unused_from_range
                0x10000726       0x50 CMakeFiles/dev_hid_composite.dir/Users/nikhilnayak/Downloads/pico/pico-sdk/src/rp2_common/hardware_claim/claim.c.obj
                0x10000726                hw_claim_unused_from_range
 *fill*         0x10000776        0x2 
 .text.spin_locks_reset
                0x10000778       0x20 CMakeFiles/dev_hid_composite.dir/Users/nikhilnayak/Downloads/pico/pico-sdk/src/rp2_common/hardware_sync/sync.c.obj
                0x10000778                spin_locks_reset
 .text.next_striped_spin_lock_num
                0x10000798       0x1c CMakeFiles/dev_hid_composite.dir/Users/nikhilnayak/Downloads/pico/pico-sdk/src/rp2_common/hardware_sync/sync.c.obj
                0x10000798                next_striped_spin_lock_num
 .text.spin_lock_claim_unused
                0x100007b4       0x24 CMakeFiles/dev_hid_composite.dir/Users/nikhilnayak/Downloads/pico/pico-sdk/src/rp2_common/hardware_sync/sync.c.obj
                0x100007b4                spin_lock_claim_unused
 .text.set_raw_irq_handler_and_unlock
                0x100007d8       0x28 CMakeFiles/dev_hid_composite.dir/Users/nikhilnayak/Downloads/pico/pico-sdk/src/rp2_common/hardware_irq/irq.c.obj
 .text.resolve_branch
                0x10000800       0x30 CMakeFiles/dev_hid_composite.dir/Users/nikhilnayak/Downloads/pico/pico-sdk/src/rp2_common/hardware_irq/irq.c.obj
 .text.make_branch
                0x10000830       0x48 CMakeFiles/dev_hid_composite.dir/Users/nikhilnayak/Downloads/pico/pico-sdk/src/rp2_common/hardware_irq/irq.c.obj
 .text.insert_branch_and_link
                0x10000878       0x40 CMakeFiles/dev_hid_composite.dir/Users/nikhilnayak/Downloads/pico/pico-sdk/src/rp2_common/hardware_irq/irq.c.obj
 .text.irq_is_enabled
                0x100008b8       0x18 CMakeFiles/dev_hid_composite.dir/Users/nikhilnayak/Downloads/pico/pico-sdk/src/rp2_common/hardware_irq/irq.c.obj
                0x100008b8                irq_is_enabled
 .text.irq_set_mask_enabled
                0x100008d0       0x20 CMakeFiles/dev_hid_composite.dir/Users/nikhilnayak/Downloads/pico/pico-sdk/src/rp2_common/hardware_irq/irq.c.obj
                0x100008d0                irq_set_mask_enabled
 .text.irq_set_enabled
                0x100008f0        0xe CMakeFiles/dev_hid_composite.dir/Users/nikhilnayak/Downloads/pico/pico-sdk/src/rp2_common/hardware_irq/irq.c.obj
                0x100008f0                irq_set_enabled
 *fill*         0x100008fe        0x2 
 .text.irq_get_vtable_handler
                0x10000900       0x10 CMakeFiles/dev_hid_composite.dir/Users/nikhilnayak/Downloads/pico/pico-sdk/src/rp2_common/hardware_irq/irq.c.obj
                0x10000900                irq_get_vtable_handler
 .text.irq_set_exclusive_handler
                0x10000910       0x54 CMakeFiles/dev_hid_composite.dir/Users/nikhilnayak/Downloads/pico/pico-sdk/src/rp2_common/hardware_irq/irq.c.obj
                0x10000910                irq_set_exclusive_handler
 .text.irq_add_shared_handler
                0x10000964      0x210 CMakeFiles/dev_hid_composite.dir/Users/nikhilnayak/Downloads/pico/pico-sdk/src/rp2_common/hardware_irq/irq.c.obj
                0x10000964                irq_add_shared_handler
 .text.irq_remove_handler
                0x10000b74      0x188 CMakeFiles/dev_hid_composite.dir/Users/nikhilnayak/Downloads/pico/pico-sdk/src/rp2_common/hardware_irq/irq.c.obj
                0x10000b74                irq_remove_handler
 .text.irq_add_tail_to_free_list
                0x10000cfc       0xf0 CMakeFiles/dev_hid_composite.dir/Users/nikhilnayak/Downloads/pico/pico-sdk/src/rp2_common/hardware_irq/irq.c.obj
                0x10000cfc                irq_add_tail_to_free_list
 .text.irq_init_priorities
                0x10000dec       0x1c CMakeFiles/dev_hid_composite.dir/Users/nikhilnayak/Downloads/pico/pico-sdk/src/rp2_common/hardware_irq/irq.c.obj
                0x10000dec                irq_init_priorities
 .text.lock_init
                0x10000e08       0x10 CMakeFiles/dev_hid_composite.dir/Users/nikhilnayak/Downloads/pico/pico-sdk/src/common/pico_sync/lock_core.c.obj
                0x10000e08                lock_init
 .text.update_us_since_boot
                0x10000e18       0x24 CMakeFiles/dev_hid_composite.dir/Users/nikhilnayak/Downloads/pico/pico-sdk/src/common/pico_sync/mutex.c.obj
 .text.delayed_by_ms
                0x10000e3c       0x44 CMakeFiles/dev_hid_composite.dir/Users/nikhilnayak/Downloads/pico/pico-sdk/src/common/pico_sync/mutex.c.obj
 .text.get_absolute_time
                0x10000e80       0x22 CMakeFiles/dev_hid_composite.dir/Users/nikhilnayak/Downloads/pico/pico-sdk/src/common/pico_sync/mutex.c.obj
 .text.make_timeout_time_ms
                0x10000ea2       0x20 CMakeFiles/dev_hid_composite.dir/Users/nikhilnayak/Downloads/pico/pico-sdk/src/common/pico_sync/mutex.c.obj
 .text.mutex_init
                0x10000ec2       0x1a CMakeFiles/dev_hid_composite.dir/Users/nikhilnayak/Downloads/pico/pico-sdk/src/common/pico_sync/mutex.c.obj
                0x10000ec2                mutex_init
 .text.recursive_mutex_init
                0x10000edc       0x1e CMakeFiles/dev_hid_composite.dir/Users/nikhilnayak/Downloads/pico/pico-sdk/src/common/pico_sync/mutex.c.obj
                0x10000edc                recursive_mutex_init
 *fill*         0x10000efa        0x2 
 .text.critical_section_init_with_lock_num
                0x10000efc       0x14 CMakeFiles/dev_hid_composite.dir/Users/nikhilnayak/Downloads/pico/pico-sdk/src/common/pico_sync/critical_section.c.obj
                0x10000efc                critical_section_init_with_lock_num
 .text.critical_section_init
                0x10000f10       0x14 CMakeFiles/dev_hid_composite.dir/Users/nikhilnayak/Downloads/pico/pico-sdk/src/common/pico_sync/critical_section.c.obj
                0x10000f10                critical_section_init
 .text.time_reached
                0x10000f24       0x28 CMakeFiles/dev_hid_composite.dir/Users/nikhilnayak/Downloads/pico/pico-sdk/src/common/pico_time/time.c.obj
 .text.get_entry
                0x10000f4c       0x38 CMakeFiles/dev_hid_composite.dir/Users/nikhilnayak/Downloads/pico/pico-sdk/src/common/pico_time/time.c.obj
 .text.timer_pool_entry_comparator
                0x10000f84       0x2e CMakeFiles/dev_hid_composite.dir/Users/nikhilnayak/Downloads/pico/pico-sdk/src/common/pico_time/time.c.obj
                0x10000f84                timer_pool_entry_comparator
 *fill*         0x10000fb2        0x2 
 .text.update_us_since_boot
                0x10000fb4       0x24 CMakeFiles/dev_hid_composite.dir/Users/nikhilnayak/Downloads/pico/pico-sdk/src/common/pico_time/time.c.obj
 .text.delayed_by_us
                0x10000fd8       0x34 CMakeFiles/dev_hid_composite.dir/Users/nikhilnayak/Downloads/pico/pico-sdk/src/common/pico_time/time.c.obj
 .text.ph_get_node
                0x1000100c       0x30 CMakeFiles/dev_hid_composite.dir/Users/nikhilnayak/Downloads/pico/pico-sdk/src/common/pico_time/time.c.obj
 .text.ph_contains_node
                0x1000103c       0x1e CMakeFiles/dev_hid_composite.dir/Users/nikhilnayak/Downloads/pico/pico-sdk/src/common/pico_time/time.c.obj
 .text.ph_new_node
                0x1000105a       0x28 CMakeFiles/dev_hid_composite.dir/Users/nikhilnayak/Downloads/pico/pico-sdk/src/common/pico_time/time.c.obj
 *fill*         0x10001082        0x2 
 .text.ph_add_child_node
                0x10001084       0x6c CMakeFiles/dev_hid_composite.dir/Users/nikhilnayak/Downloads/pico/pico-sdk/src/common/pico_time/time.c.obj
 .text.ph_merge_nodes
                0x100010f0       0x3e CMakeFiles/dev_hid_composite.dir/Users/nikhilnayak/Downloads/pico/pico-sdk/src/common/pico_time/time.c.obj
 *fill*         0x1000112e        0x2 
 .text.ph_insert_node
                0x10001130       0x3c CMakeFiles/dev_hid_composite.dir/Users/nikhilnayak/Downloads/pico/pico-sdk/src/common/pico_time/time.c.obj
 .text.ph_free_node
                0x1000116c       0x5c CMakeFiles/dev_hid_composite.dir/Users/nikhilnayak/Downloads/pico/pico-sdk/src/common/pico_time/time.c.obj
 .text.get_entry_id_high
                0x100011c8       0x30 CMakeFiles/dev_hid_composite.dir/Users/nikhilnayak/Downloads/pico/pico-sdk/src/common/pico_time/time.c.obj
 .text.alarm_pool_post_alloc_init
                0x100011f8       0x40 CMakeFiles/dev_hid_composite.dir/Users/nikhilnayak/Downloads/pico/pico-sdk/src/common/pico_time/time.c.obj
 .text.sleep_until_callback
                0x10001238       0x30 CMakeFiles/dev_hid_composite.dir/Users/nikhilnayak/Downloads/pico/pico-sdk/src/common/pico_time/time.c.obj
 .text.get_absolute_time
                0x10001268       0x22 CMakeFiles/dev_hid_composite.dir/Users/nikhilnayak/Downloads/pico/pico-sdk/src/common/pico_time/time.c.obj
 *fill*         0x1000128a        0x2 
 .text.add_alarm_under_lock
                0x1000128c       0x94 CMakeFiles/dev_hid_composite.dir/Users/nikhilnayak/Downloads/pico/pico-sdk/src/common/pico_time/time.c.obj
 .text.alarm_pool_alarm_callback
                0x10001320      0x210 CMakeFiles/dev_hid_composite.dir/Users/nikhilnayak/Downloads/pico/pico-sdk/src/common/pico_time/time.c.obj
 .text.alarm_pool_init_default
                0x10001530       0x40 CMakeFiles/dev_hid_composite.dir/Users/nikhilnayak/Downloads/pico/pico-sdk/src/common/pico_time/time.c.obj
                0x10001530                alarm_pool_init_default
 .text.alarm_pool_get_default
                0x10001570       0x2c CMakeFiles/dev_hid_composite.dir/Users/nikhilnayak/Downloads/pico/pico-sdk/src/common/pico_time/time.c.obj
                0x10001570                alarm_pool_get_default
 .text.alarm_pool_add_alarm_at
                0x1000159c      0x10e CMakeFiles/dev_hid_composite.dir/Users/nikhilnayak/Downloads/pico/pico-sdk/src/common/pico_time/time.c.obj
                0x1000159c                alarm_pool_add_alarm_at
 .text.add_alarm_at
                0x100016aa       0x2e CMakeFiles/dev_hid_composite.dir/Users/nikhilnayak/Downloads/pico/pico-sdk/src/common/pico_time/time.c.obj
 .text.alarm_pool_cancel_alarm
                0x100016d8       0xa8 CMakeFiles/dev_hid_composite.dir/Users/nikhilnayak/Downloads/pico/pico-sdk/src/common/pico_time/time.c.obj
                0x100016d8                alarm_pool_cancel_alarm
 .text.cancel_alarm
                0x10001780       0x10 CMakeFiles/dev_hid_composite.dir/Users/nikhilnayak/Downloads/pico/pico-sdk/src/common/pico_time/time.c.obj
 .text.best_effort_wfe_or_timeout
                0x10001790       0x44 CMakeFiles/dev_hid_composite.dir/Users/nikhilnayak/Downloads/pico/pico-sdk/src/common/pico_time/time.c.obj
                0x10001790                best_effort_wfe_or_timeout
 .text.update_us_since_boot
                0x100017d4       0x24 CMakeFiles/dev_hid_composite.dir/Users/nikhilnayak/Downloads/pico/pico-sdk/src/rp2_common/hardware_timer/timer.c.obj
 .text.hardware_alarm_irq_handler
                0x100017f8       0x8c CMakeFiles/dev_hid_composite.dir/Users/nikhilnayak/Downloads/pico/pico-sdk/src/rp2_common/hardware_timer/timer.c.obj
 .text.hardware_alarm_claim
                0x10001884       0x18 CMakeFiles/dev_hid_composite.dir/Users/nikhilnayak/Downloads/pico/pico-sdk/src/rp2_common/hardware_timer/timer.c.obj
                0x10001884                hardware_alarm_claim
 .text.time_us_64
                0x1000189c       0x18 CMakeFiles/dev_hid_composite.dir/Users/nikhilnayak/Downloads/pico/pico-sdk/src/rp2_common/hardware_timer/timer.c.obj
                0x1000189c                time_us_64
 .text.busy_wait_until
                0x100018b4       0x28 CMakeFiles/dev_hid_composite.dir/Users/nikhilnayak/Downloads/pico/pico-sdk/src/rp2_common/hardware_timer/timer.c.obj
                0x100018b4                busy_wait_until
 .text.busy_wait_us
                0x100018dc       0x3a CMakeFiles/dev_hid_composite.dir/Users/nikhilnayak/Downloads/pico/pico-sdk/src/rp2_common/hardware_timer/timer.c.obj
                0x100018dc                busy_wait_us
 *fill*         0x10001916        0x2 
 .text.hardware_alarm_set_callback
                0x10001918       0x90 CMakeFiles/dev_hid_composite.dir/Users/nikhilnayak/Downloads/pico/pico-sdk/src/rp2_common/hardware_timer/timer.c.obj
                0x10001918                hardware_alarm_set_callback
 .text.hardware_alarm_set_target
                0x100019a8       0xe8 CMakeFiles/dev_hid_composite.dir/Users/nikhilnayak/Downloads/pico/pico-sdk/src/rp2_common/hardware_timer/timer.c.obj
                0x100019a8                hardware_alarm_set_target
 .text.hardware_alarm_cancel
                0x10001a90       0x40 CMakeFiles/dev_hid_composite.dir/Users/nikhilnayak/Downloads/pico/pico-sdk/src/rp2_common/hardware_timer/timer.c.obj
                0x10001a90                hardware_alarm_cancel
 .text.ph_get_node
                0x10001ad0       0x30 CMakeFiles/dev_hid_composite.dir/Users/nikhilnayak/Downloads/pico/pico-sdk/src/common/pico_util/pheap.c.obj
 .text.ph_add_child_node
                0x10001b00       0x6c CMakeFiles/dev_hid_composite.dir/Users/nikhilnayak/Downloads/pico/pico-sdk/src/common/pico_util/pheap.c.obj
 .text.ph_merge_nodes
                0x10001b6c       0x3e CMakeFiles/dev_hid_composite.dir/Users/nikhilnayak/Downloads/pico/pico-sdk/src/common/pico_util/pheap.c.obj
 .text.ph_clear
                0x10001baa       0x34 CMakeFiles/dev_hid_composite.dir/Users/nikhilnayak/Downloads/pico/pico-sdk/src/common/pico_util/pheap.c.obj
                0x10001baa                ph_clear
 .text.ph_post_alloc_init
                0x10001bde        0xe CMakeFiles/dev_hid_composite.dir/Users/nikhilnayak/Downloads/pico/pico-sdk/src/common/pico_util/pheap.c.obj
                0x10001bde                ph_post_alloc_init
 .text.ph_merge_two_pass
                0x10001bec       0x5c CMakeFiles/dev_hid_composite.dir/Users/nikhilnayak/Downloads/pico/pico-sdk/src/common/pico_util/pheap.c.obj
                0x10001bec                ph_merge_two_pass
 .text.ph_remove_any_head
                0x10001c48       0xc0 CMakeFiles/dev_hid_composite.dir/Users/nikhilnayak/Downloads/pico/pico-sdk/src/common/pico_util/pheap.c.obj
 .text.ph_remove_head
                0x10001d08       0x14 CMakeFiles/dev_hid_composite.dir/Users/nikhilnayak/Downloads/pico/pico-sdk/src/common/pico_util/pheap.c.obj
                0x10001d08                ph_remove_head
 .text.ph_remove_and_free_node
                0x10001d1c       0xa0 CMakeFiles/dev_hid_composite.dir/Users/nikhilnayak/Downloads/pico/pico-sdk/src/common/pico_util/pheap.c.obj
                0x10001d1c                ph_remove_and_free_node
 .text.uart_disable_before_lcr_write
                0x10001dbc       0x48 CMakeFiles/dev_hid_composite.dir/Users/nikhilnayak/Downloads/pico/pico-sdk/src/rp2_common/hardware_uart/uart.c.obj
 .text.uart_write_lcr_bits_masked
                0x10001e04       0x22 CMakeFiles/dev_hid_composite.dir/Users/nikhilnayak/Downloads/pico/pico-sdk/src/rp2_common/hardware_uart/uart.c.obj
 *fill*         0x10001e26        0x2 
 .text.uart_set_baudrate
                0x10001e28       0x5c CMakeFiles/dev_hid_composite.dir/Users/nikhilnayak/Downloads/pico/pico-sdk/src/rp2_common/hardware_uart/uart.c.obj
                0x10001e28                uart_set_baudrate
 .text.uart_set_format
                0x10001e84       0x2c CMakeFiles/dev_hid_composite.dir/Users/nikhilnayak/Downloads/pico/pico-sdk/src/rp2_common/hardware_uart/uart.c.obj
                0x10001e84                uart_set_format
 .text.uart_set_translate_crlf
                0x10001eb0       0x28 CMakeFiles/dev_hid_composite.dir/Users/nikhilnayak/Downloads/pico/pico-sdk/src/rp2_common/hardware_uart/uart.c.obj
                0x10001eb0                uart_set_translate_crlf
 .text.uart_init
                0x10001ed8       0x80 CMakeFiles/dev_hid_composite.dir/Users/nikhilnayak/Downloads/pico/pico-sdk/src/rp2_common/hardware_uart/uart.c.obj
                0x10001ed8                uart_init
 .text.clock_configure
                0x10001f58      0x108 CMakeFiles/dev_hid_composite.dir/Users/nikhilnayak/Downloads/pico/pico-sdk/src/rp2_common/hardware_clocks/clocks.c.obj
                0x10001f58                clock_configure
 .text.clocks_init
                0x10002060      0x100 CMakeFiles/dev_hid_composite.dir/Users/nikhilnayak/Downloads/pico/pico-sdk/src/rp2_common/hardware_clocks/clocks.c.obj
                0x10002060                clocks_init
 .text.clock_get_hz
                0x10002160        0xc CMakeFiles/dev_hid_composite.dir/Users/nikhilnayak/Downloads/pico/pico-sdk/src/rp2_common/hardware_clocks/clocks.c.obj
                0x10002160                clock_get_hz
 .text.pll_init
                0x1000216c      0x120 CMakeFiles/dev_hid_composite.dir/Users/nikhilnayak/Downloads/pico/pico-sdk/src/rp2_common/hardware_pll/pll.c.obj
                0x1000216c                pll_init
 .text.watchdog_start_tick
                0x1000228c       0x10 CMakeFiles/dev_hid_composite.dir/Users/nikhilnayak/Downloads/pico/pico-sdk/src/rp2_common/hardware_watchdog/watchdog.c.obj
                0x1000228c                watchdog_start_tick
 .text.xosc_init
                0x1000229c       0x28 CMakeFiles/dev_hid_composite.dir/Users/nikhilnayak/Downloads/pico/pico-sdk/src/rp2_common/hardware_xosc/xosc.c.obj
                0x1000229c                xosc_init
 .text._exit    0x100022c4        0x4 CMakeFiles/dev_hid_composite.dir/Users/nikhilnayak/Downloads/pico/pico-sdk/src/rp2_common/pico_runtime/runtime.c.obj
                0x100022c4                _exit
 .text.exit     0x100022c8        0x6 CMakeFiles/dev_hid_composite.dir/Users/nikhilnayak/Downloads/pico/pico-sdk/src/rp2_common/pico_runtime/runtime.c.obj
                0x100022c8                exit
 *fill*         0x100022ce        0x2 
 .text.__assert_func
                0x100022d0       0x38 CMakeFiles/dev_hid_composite.dir/Users/nikhilnayak/Downloads/pico/pico-sdk/src/rp2_common/pico_runtime/runtime.c.obj
                0x100022d0                __assert_func
 .text.runtime_init
                0x10002308       0xf8 CMakeFiles/dev_hid_composite.dir/Users/nikhilnayak/Downloads/pico/pico-sdk/src/rp2_common/pico_runtime/runtime.c.obj
                0x10002308                runtime_init
 .text.panic    0x10002400       0x30 CMakeFiles/dev_hid_composite.dir/Users/nikhilnayak/Downloads/pico/pico-sdk/src/rp2_common/pico_runtime/runtime.c.obj
                0x10002400                panic
 .text._out_null
                0x10002430        0x2 CMakeFiles/dev_hid_composite.dir/Users/nikhilnayak/Downloads/pico/pico-sdk/src/rp2_common/pico_printf/printf.c.obj
 .text._out_fct
                0x10002432        0xe CMakeFiles/dev_hid_composite.dir/Users/nikhilnayak/Downloads/pico/pico-sdk/src/rp2_common/pico_printf/printf.c.obj
 .text._atoi    0x10002440       0x24 CMakeFiles/dev_hid_composite.dir/Users/nikhilnayak/Downloads/pico/pico-sdk/src/rp2_common/pico_printf/printf.c.obj
 .text._out_rev
                0x10002464       0xae CMakeFiles/dev_hid_composite.dir/Users/nikhilnayak/Downloads/pico/pico-sdk/src/rp2_common/pico_printf/printf.c.obj
 .text._ntoa_format
                0x10002512      0x110 CMakeFiles/dev_hid_composite.dir/Users/nikhilnayak/Downloads/pico/pico-sdk/src/rp2_common/pico_printf/printf.c.obj
 .text._ntoa_long
                0x10002622       0xbc CMakeFiles/dev_hid_composite.dir/Users/nikhilnayak/Downloads/pico/pico-sdk/src/rp2_common/pico_printf/printf.c.obj
 .text._ntoa_long_long
                0x100026de      0x10e CMakeFiles/dev_hid_composite.dir/Users/nikhilnayak/Downloads/pico/pico-sdk/src/rp2_common/pico_printf/printf.c.obj
 .text._etoa    0x100027ec      0x420 CMakeFiles/dev_hid_composite.dir/Users/nikhilnayak/Downloads/pico/pico-sdk/src/rp2_common/pico_printf/printf.c.obj
 .text._ftoa    0x10002c0c      0x354 CMakeFiles/dev_hid_composite.dir/Users/nikhilnayak/Downloads/pico/pico-sdk/src/rp2_common/pico_printf/printf.c.obj
 .text._vsnprintf
                0x10002f60      0x668 CMakeFiles/dev_hid_composite.dir/Users/nikhilnayak/Downloads/pico/pico-sdk/src/rp2_common/pico_printf/printf.c.obj
 .text.vfctprintf
                0x100035c8       0x20 CMakeFiles/dev_hid_composite.dir/Users/nikhilnayak/Downloads/pico/pico-sdk/src/rp2_common/pico_printf/printf.c.obj
                0x100035c8                vfctprintf
 .text          0x100035e8       0x10 CMakeFiles/dev_hid_composite.dir/Users/nikhilnayak/Downloads/pico/pico-sdk/src/rp2_common/pico_bit_ops/bit_ops_aeabi.S.obj
 .text.rom_func_lookup
                0x100035f8       0x10 CMakeFiles/dev_hid_composite.dir/Users/nikhilnayak/Downloads/pico/pico-sdk/src/rp2_common/pico_bootrom/bootrom.c.obj
                0x100035f8                rom_func_lookup
 .text.rom_data_lookup
                0x10003608       0x10 CMakeFiles/dev_hid_composite.dir/Users/nikhilnayak/Downloads/pico/pico-sdk/src/rp2_common/pico_bootrom/bootrom.c.obj
                0x10003608                rom_data_lookup
 .text.rom_funcs_lookup
                0x10003618       0x36 CMakeFiles/dev_hid_composite.dir/Users/nikhilnayak/Downloads/pico/pico-sdk/src/rp2_common/pico_bootrom/bootrom.c.obj
                0x10003618                rom_funcs_lookup
 *fill*         0x1000364e        0x2 
 .text.__wrap___aeabi_idiv
                0x10003650       0x50 CMakeFiles/dev_hid_composite.dir/Users/nikhilnayak/Downloads/pico/pico-sdk/src/rp2_common/pico_divider/divider.S.obj
                0x10003650                __wrap___aeabi_idivmod
                0x10003650                divmod_s32s32
                0x10003650                div_s32s32
                0x10003650                __wrap___aeabi_idiv
                0x10003658                divmod_s32s32_unsafe
                0x10003684                divmod_s32s32_savestate
 .text.__wrap___aeabi_uidiv
                0x100036a0       0x4c CMakeFiles/dev_hid_composite.dir/Users/nikhilnayak/Downloads/pico/pico-sdk/src/rp2_common/pico_divider/divider.S.obj
                0x100036a0                __wrap___aeabi_uidiv
                0x100036a0                __wrap___aeabi_uidivmod
                0x100036a0                div_u32u32
                0x100036a0                divmod_u32u32
                0x100036a8                divmod_u32u32_unsafe
                0x100036d0                divmod_u32u32_savestate
 .text.__wrap___aeabi_ldiv
                0x100036ec      0x424 CMakeFiles/dev_hid_composite.dir/Users/nikhilnayak/Downloads/pico/pico-sdk/src/rp2_common/pico_divider/divider.S.obj
                0x100036ec                __wrap___aeabi_ldivmod
                0x100036ec                div_s64s64
                0x100036ec                divmod_s64s64
                0x1000371c                divmod_u64u64
                0x1000371c                div_u64u64
                0x1000371c                __wrap___aeabi_uldivmod
                0x1000372c                divmod_u64u64_savestate
                0x1000374c                divmod_s64s64_unsafe
                0x100037d4                divmod_u64u64_unsafe
 .text.__wrap___aeabi_darithmetic
                0x10003b10       0x80 CMakeFiles/dev_hid_composite.dir/Users/nikhilnayak/Downloads/pico/pico-sdk/src/rp2_common/pico_double/double_aeabi.S.obj
                0x10003b10                __wrap___aeabi_drsub
                0x10003b16                __wrap___aeabi_dsub
                0x10003b28                __wrap___aeabi_dadd
                0x10003b3a                __wrap___aeabi_ddiv
                0x10003b76                __wrap___aeabi_dmul
 .text.__wrap___aeabi_cdcmple
                0x10003b90       0x6c CMakeFiles/dev_hid_composite.dir/Users/nikhilnayak/Downloads/pico/pico-sdk/src/rp2_common/pico_double/double_aeabi.S.obj
                0x10003b90                __wrap___aeabi_cdrcmple
                0x10003ba0                __wrap___aeabi_cdcmple
                0x10003ba0                __wrap___aeabi_cdcmpeq
 .text.__wrap___aeabi_dcmplt
                0x10003bfc        0xc CMakeFiles/dev_hid_composite.dir/Users/nikhilnayak/Downloads/pico/pico-sdk/src/rp2_common/pico_double/double_aeabi.S.obj
                0x10003bfc                __wrap___aeabi_dcmplt
 .text.__wrap___aeabi_dcmple
                0x10003c08       0x10 CMakeFiles/dev_hid_composite.dir/Users/nikhilnayak/Downloads/pico/pico-sdk/src/rp2_common/pico_double/double_aeabi.S.obj
                0x10003c08                __wrap___aeabi_dcmple
 .text.__wrap___aeabi_dcmpge
                0x10003c18       0x10 CMakeFiles/dev_hid_composite.dir/Users/nikhilnayak/Downloads/pico/pico-sdk/src/rp2_common/pico_double/double_aeabi.S.obj
                0x10003c18                __wrap___aeabi_dcmpge
 .text.__wrap___aeabi_dcmpgt
                0x10003c28        0xa CMakeFiles/dev_hid_composite.dir/Users/nikhilnayak/Downloads/pico/pico-sdk/src/rp2_common/pico_double/double_aeabi.S.obj
                0x10003c28                __wrap___aeabi_dcmpgt
 .text.__wrap___aeabi_dcmpun
                0x10003c32       0x1c CMakeFiles/dev_hid_composite.dir/Users/nikhilnayak/Downloads/pico/pico-sdk/src/rp2_common/pico_double/double_aeabi.S.obj
                0x10003c32                __wrap___aeabi_dcmpun
 *fill*         0x10003c4e        0x2 
 .text.__wrap___aeabi_i2d
                0x10003c50       0x38 CMakeFiles/dev_hid_composite.dir/Users/nikhilnayak/Downloads/pico/pico-sdk/src/rp2_common/pico_double/double_aeabi.S.obj
                0x10003c50                __wrap___aeabi_ui2d
                0x10003c58                __wrap___aeabi_i2d
 .text.__wrap___aeabi_d2iz
                0x10003c88       0x48 CMakeFiles/dev_hid_composite.dir/Users/nikhilnayak/Downloads/pico/pico-sdk/src/rp2_common/pico_double/double_aeabi.S.obj
                0x10003c88                __wrap___aeabi_d2iz
                0x10003c88                double2int_z
 .text.__wrap___aeabi_d2uiz
                0x10003cd0       0x18 CMakeFiles/dev_hid_composite.dir/Users/nikhilnayak/Downloads/pico/pico-sdk/src/rp2_common/pico_double/double_aeabi.S.obj
                0x10003cd0                double2uint
                0x10003cd0                __wrap___aeabi_d2uiz
 .text.__aeabi_double_init
                0x10003ce8       0xcc CMakeFiles/dev_hid_composite.dir/Users/nikhilnayak/Downloads/pico/pico-sdk/src/rp2_common/pico_double/double_init_rom.c.obj
                0x10003ce8                __aeabi_double_init
 .text.double_table_shim_on_use_helper
                0x10003db4       0x34 CMakeFiles/dev_hid_composite.dir/Users/nikhilnayak/Downloads/pico/pico-sdk/src/rp2_common/pico_double/double_v1_rom_shim.S.obj
                0x10003db4                double_table_shim_on_use_helper
 .text.__wrap___aeabi_dsub
                0x10003de8       0x10 CMakeFiles/dev_hid_composite.dir/Users/nikhilnayak/Downloads/pico/pico-sdk/src/rp2_common/pico_double/double_v1_rom_shim.S.obj
                0x10003de8                drsub_shim
                0x10003dee                dsub_shim
 .text.dadd_shim
                0x10003df8      0x15c CMakeFiles/dev_hid_composite.dir/Users/nikhilnayak/Downloads/pico/pico-sdk/src/rp2_common/pico_double/double_v1_rom_shim.S.obj
                0x10003df8                dadd_shim
 .text.dmul_shim
                0x10003f54      0x15c CMakeFiles/dev_hid_composite.dir/Users/nikhilnayak/Downloads/pico/pico-sdk/src/rp2_common/pico_double/double_v1_rom_shim.S.obj
                0x10003f54                dmul_shim
 .text.ddiv_shim
                0x100040b0      0x1b0 CMakeFiles/dev_hid_composite.dir/Users/nikhilnayak/Downloads/pico/pico-sdk/src/rp2_common/pico_double/double_v1_rom_shim.S.obj
                0x100040b0                ddiv_shim
 .text.double2uint_shim
                0x10004260        0xe CMakeFiles/dev_hid_composite.dir/Users/nikhilnayak/Downloads/pico/pico-sdk/src/rp2_common/pico_double/double_v1_rom_shim.S.obj
                0x10004260                double2uint_shim
                0x10004262                double2ufix_shim
 *fill*         0x1000426e        0x2 
 .text.double2uint64_shim
                0x10004270       0x70 CMakeFiles/dev_hid_composite.dir/Users/nikhilnayak/Downloads/pico/pico-sdk/src/rp2_common/pico_double/double_v1_rom_shim.S.obj
                0x10004270                double2uint64_shim
                0x10004272                double2ufix64_shim
                0x10004292                d2fix_a
 .text.dunpacks
                0x100042e0       0x3c CMakeFiles/dev_hid_composite.dir/Users/nikhilnayak/Downloads/pico/pico-sdk/src/rp2_common/pico_double/double_v1_rom_shim.S.obj
                0x100042e0                dunpacks
 .text.__aeabi_lmul
                0x1000431c       0x32 CMakeFiles/dev_hid_composite.dir/Users/nikhilnayak/Downloads/pico/pico-sdk/src/rp2_common/pico_int64_ops/pico_int64_ops_aeabi.S.obj
                0x1000431c                __wrap___aeabi_lmul
 *fill*         0x1000434e        0x2 
 .text.__aeabi_float_init
                0x10004350       0xfc CMakeFiles/dev_hid_composite.dir/Users/nikhilnayak/Downloads/pico/pico-sdk/src/rp2_common/pico_float/float_init_rom.c.obj
                0x10004350                __aeabi_float_init
 .text.float_table_shim_on_use_helper
                0x1000444c       0x34 CMakeFiles/dev_hid_composite.dir/Users/nikhilnayak/Downloads/pico/pico-sdk/src/rp2_common/pico_float/float_v1_rom_shim.S.obj
                0x1000444c                float_table_shim_on_use_helper
 .text          0x10004480       0x10 CMakeFiles/dev_hid_composite.dir/Users/nikhilnayak/Downloads/pico/pico-sdk/src/rp2_common/pico_mem_ops/mem_ops_aeabi.S.obj
                0x10004480                __aeabi_mem_init
 .text.memset   0x10004490        0xc CMakeFiles/dev_hid_composite.dir/Users/nikhilnayak/Downloads/pico/pico-sdk/src/rp2_common/pico_mem_ops/mem_ops_aeabi.S.obj
                0x10004490                __wrap_memset
 .text.memcpy   0x1000449c        0xc CMakeFiles/dev_hid_composite.dir/Users/nikhilnayak/Downloads/pico/pico-sdk/src/rp2_common/pico_mem_ops/mem_ops_aeabi.S.obj
                0x1000449c                __wrap___aeabi_memcpy
                0x1000449c                __wrap_memcpy
 .text.stdio_out_chars_no_crlf
                0x100044a8        0xe CMakeFiles/dev_hid_composite.dir/Users/nikhilnayak/Downloads/pico/pico-sdk/src/rp2_common/pico_stdio/stdio.c.obj
 *fill*         0x100044b6        0x2 
 .text.stdio_out_chars_crlf
                0x100044b8       0x80 CMakeFiles/dev_hid_composite.dir/Users/nikhilnayak/Downloads/pico/pico-sdk/src/rp2_common/pico_stdio/stdio.c.obj
 .text.stdio_stack_buffer_flush
                0x10004538       0x44 CMakeFiles/dev_hid_composite.dir/Users/nikhilnayak/Downloads/pico/pico-sdk/src/rp2_common/pico_stdio/stdio.c.obj
 .text.stdio_buffered_printer
                0x1000457c       0x20 CMakeFiles/dev_hid_composite.dir/Users/nikhilnayak/Downloads/pico/pico-sdk/src/rp2_common/pico_stdio/stdio.c.obj
 .text.update_us_since_boot
                0x1000459c       0x24 CMakeFiles/dev_hid_composite.dir/Users/nikhilnayak/Downloads/pico/pico-sdk/src/rp2_common/pico_stdio/stdio.c.obj
 .text.get_absolute_time
                0x100045c0       0x22 CMakeFiles/dev_hid_composite.dir/Users/nikhilnayak/Downloads/pico/pico-sdk/src/rp2_common/pico_stdio/stdio.c.obj
 *fill*         0x100045e2        0x2 
 .text.delayed_by_ms
                0x100045e4       0x44 CMakeFiles/dev_hid_composite.dir/Users/nikhilnayak/Downloads/pico/pico-sdk/src/rp2_common/pico_stdio/stdio.c.obj
 .text.make_timeout_time_ms
                0x10004628       0x20 CMakeFiles/dev_hid_composite.dir/Users/nikhilnayak/Downloads/pico/pico-sdk/src/rp2_common/pico_stdio/stdio.c.obj
 .text.stdout_serialize_begin
                0x10004648       0x20 CMakeFiles/dev_hid_composite.dir/Users/nikhilnayak/Downloads/pico/pico-sdk/src/rp2_common/pico_stdio/stdio.c.obj
                0x10004648                stdout_serialize_begin
 .text.stdout_serialize_end
                0x10004668       0x10 CMakeFiles/dev_hid_composite.dir/Users/nikhilnayak/Downloads/pico/pico-sdk/src/rp2_common/pico_stdio/stdio.c.obj
                0x10004668                stdout_serialize_end
 .text.stdio_put_string
                0x10004678       0x98 CMakeFiles/dev_hid_composite.dir/Users/nikhilnayak/Downloads/pico/pico-sdk/src/rp2_common/pico_stdio/stdio.c.obj
 .text.stdio_set_driver_enabled
                0x10004710       0x2c CMakeFiles/dev_hid_composite.dir/Users/nikhilnayak/Downloads/pico/pico-sdk/src/rp2_common/pico_stdio/stdio.c.obj
                0x10004710                stdio_set_driver_enabled
 .text.stdio_flush
                0x1000473c       0x20 CMakeFiles/dev_hid_composite.dir/Users/nikhilnayak/Downloads/pico/pico-sdk/src/rp2_common/pico_stdio/stdio.c.obj
                0x1000473c                stdio_flush
 .text.__wrap_puts
                0x1000475c       0x1e CMakeFiles/dev_hid_composite.dir/Users/nikhilnayak/Downloads/pico/pico-sdk/src/rp2_common/pico_stdio/stdio.c.obj
                0x1000475c                __wrap_puts
 *fill*         0x1000477a        0x2 
 .text.__wrap_vprintf
                0x1000477c       0x40 CMakeFiles/dev_hid_composite.dir/Users/nikhilnayak/Downloads/pico/pico-sdk/src/rp2_common/pico_stdio/stdio.c.obj
                0x1000477c                __wrap_vprintf
 .text.__wrap_printf
                0x100047bc       0x18 CMakeFiles/dev_hid_composite.dir/Users/nikhilnayak/Downloads/pico/pico-sdk/src/rp2_common/pico_stdio/stdio.c.obj
                0x100047bc                __wrap_printf
 .text.uart_putc
                0x100047d4       0x60 CMakeFiles/dev_hid_composite.dir/Users/nikhilnayak/Downloads/pico/pico-sdk/src/rp2_common/pico_stdio_uart/stdio_uart.c.obj
 .text.uart_getc
                0x10004834       0x24 CMakeFiles/dev_hid_composite.dir/Users/nikhilnayak/Downloads/pico/pico-sdk/src/rp2_common/pico_stdio_uart/stdio_uart.c.obj
 .text.stdio_uart_out_chars
                0x10004858       0x20 CMakeFiles/dev_hid_composite.dir/Users/nikhilnayak/Downloads/pico/pico-sdk/src/rp2_common/pico_stdio_uart/stdio_uart.c.obj
 .text.stdio_uart_in_chars
                0x10004878       0x5c CMakeFiles/dev_hid_composite.dir/Users/nikhilnayak/Downloads/pico/pico-sdk/src/rp2_common/pico_stdio_uart/stdio_uart.c.obj
                0x10004878                stdio_uart_in_chars
 .text.on_uart_rx
                0x100048d4       0x28 CMakeFiles/dev_hid_composite.dir/Users/nikhilnayak/Downloads/pico/pico-sdk/src/rp2_common/pico_stdio_uart/stdio_uart.c.obj
 .text.stdio_uart_set_chars_available_callback
                0x100048fc       0x8c CMakeFiles/dev_hid_composite.dir/Users/nikhilnayak/Downloads/pico/pico-sdk/src/rp2_common/pico_stdio_uart/stdio_uart.c.obj
 .text.stdio_uart_init_full
                0x10004988       0x44 CMakeFiles/dev_hid_composite.dir/Users/nikhilnayak/Downloads/pico/pico-sdk/src/rp2_common/pico_stdio_uart/stdio_uart.c.obj
                0x10004988                stdio_uart_init_full
 .text._retrieve_unique_id_on_boot
                0x100049cc       0x10 CMakeFiles/dev_hid_composite.dir/Users/nikhilnayak/Downloads/pico/pico-sdk/src/rp2_common/pico_unique_id/unique_id.c.obj
 .text.pico_get_unique_board_id_string
                0x100049dc       0x5c CMakeFiles/dev_hid_composite.dir/Users/nikhilnayak/Downloads/pico/pico-sdk/src/rp2_common/pico_unique_id/unique_id.c.obj
                0x100049dc                pico_get_unique_board_id_string
 .text.flash_get_unique_id
                0x10004a38       0x40 CMakeFiles/dev_hid_composite.dir/Users/nikhilnayak/Downloads/pico/pico-sdk/src/rp2_common/hardware_flash/flash.c.obj
                0x10004a38                flash_get_unique_id
 .text.hw_endpoint_get_by_addr
                0x10004a78       0x18 CMakeFiles/dev_hid_composite.dir/Users/nikhilnayak/Downloads/pico/pico-sdk/lib/tinyusb/src/portable/raspberrypi/rp2040/dcd_rp2040.c.obj
 .text._hw_endpoint_alloc
                0x10004a90       0x70 CMakeFiles/dev_hid_composite.dir/Users/nikhilnayak/Downloads/pico/pico-sdk/lib/tinyusb/src/portable/raspberrypi/rp2040/dcd_rp2040.c.obj
 .text.hw_endpoint_init
                0x10004b00       0x88 CMakeFiles/dev_hid_composite.dir/Users/nikhilnayak/Downloads/pico/pico-sdk/lib/tinyusb/src/portable/raspberrypi/rp2040/dcd_rp2040.c.obj
 .text.dcd_event_sof
                0x10004b88       0x2c CMakeFiles/dev_hid_composite.dir/Users/nikhilnayak/Downloads/pico/pico-sdk/lib/tinyusb/src/portable/raspberrypi/rp2040/dcd_rp2040.c.obj
 .text.hw_endpoint_xfer
                0x10004bb4       0x14 CMakeFiles/dev_hid_composite.dir/Users/nikhilnayak/Downloads/pico/pico-sdk/lib/tinyusb/src/portable/raspberrypi/rp2040/dcd_rp2040.c.obj
 .text.dcd_int_enable
                0x10004bc8       0x2c CMakeFiles/dev_hid_composite.dir/Users/nikhilnayak/Downloads/pico/pico-sdk/lib/tinyusb/src/portable/raspberrypi/rp2040/dcd_rp2040.c.obj
                0x10004bc8                dcd_int_enable
 .text.dcd_set_address
                0x10004bf4       0x2c CMakeFiles/dev_hid_composite.dir/Users/nikhilnayak/Downloads/pico/pico-sdk/lib/tinyusb/src/portable/raspberrypi/rp2040/dcd_rp2040.c.obj
                0x10004bf4                dcd_set_address
 .text.dcd_remote_wakeup
                0x10004c20       0x38 CMakeFiles/dev_hid_composite.dir/Users/nikhilnayak/Downloads/pico/pico-sdk/lib/tinyusb/src/portable/raspberrypi/rp2040/dcd_rp2040.c.obj
                0x10004c20                dcd_remote_wakeup
 .text.dcd_connect
                0x10004c58       0x10 CMakeFiles/dev_hid_composite.dir/Users/nikhilnayak/Downloads/pico/pico-sdk/lib/tinyusb/src/portable/raspberrypi/rp2040/dcd_rp2040.c.obj
                0x10004c58                dcd_connect
 .text.dcd_init
                0x10004c68       0x80 CMakeFiles/dev_hid_composite.dir/Users/nikhilnayak/Downloads/pico/pico-sdk/lib/tinyusb/src/portable/raspberrypi/rp2040/dcd_rp2040.c.obj
                0x10004c68                dcd_init
 .text.dcd_edpt0_status_complete
                0x10004ce8       0x1c CMakeFiles/dev_hid_composite.dir/Users/nikhilnayak/Downloads/pico/pico-sdk/lib/tinyusb/src/portable/raspberrypi/rp2040/dcd_rp2040.c.obj
                0x10004ce8                dcd_edpt0_status_complete
 .text.dcd_edpt_open
                0x10004d04       0x40 CMakeFiles/dev_hid_composite.dir/Users/nikhilnayak/Downloads/pico/pico-sdk/lib/tinyusb/src/portable/raspberrypi/rp2040/dcd_rp2040.c.obj
                0x10004d04                dcd_edpt_open
 .text.dcd_edpt_close_all
                0x10004d44        0x8 CMakeFiles/dev_hid_composite.dir/Users/nikhilnayak/Downloads/pico/pico-sdk/lib/tinyusb/src/portable/raspberrypi/rp2040/dcd_rp2040.c.obj
                0x10004d44                dcd_edpt_close_all
 .text.dcd_edpt_xfer
                0x10004d4c       0x34 CMakeFiles/dev_hid_composite.dir/Users/nikhilnayak/Downloads/pico/pico-sdk/lib/tinyusb/src/portable/raspberrypi/rp2040/dcd_rp2040.c.obj
                0x10004d4c                dcd_edpt_xfer
 .text.dcd_edpt_stall
                0x10004d80       0x2c CMakeFiles/dev_hid_composite.dir/Users/nikhilnayak/Downloads/pico/pico-sdk/lib/tinyusb/src/portable/raspberrypi/rp2040/dcd_rp2040.c.obj
                0x10004d80                dcd_edpt_stall
 .text.dcd_edpt_clear_stall
                0x10004dac       0x20 CMakeFiles/dev_hid_composite.dir/Users/nikhilnayak/Downloads/pico/pico-sdk/lib/tinyusb/src/portable/raspberrypi/rp2040/dcd_rp2040.c.obj
                0x10004dac                dcd_edpt_clear_stall
 .text.rp2040_usb_init
                0x10004dcc       0x4c CMakeFiles/dev_hid_composite.dir/Users/nikhilnayak/Downloads/pico/pico-sdk/lib/tinyusb/src/portable/raspberrypi/rp2040/rp2040_usb.c.obj
                0x10004dcc                rp2040_usb_init
 .text.hw_endpoint_xfer_start
                0x10004e18       0x50 CMakeFiles/dev_hid_composite.dir/Users/nikhilnayak/Downloads/pico/pico-sdk/lib/tinyusb/src/portable/raspberrypi/rp2040/rp2040_usb.c.obj
                0x10004e18                hw_endpoint_xfer_start
 .text.configuration_reset
                0x10004e68       0x84 CMakeFiles/dev_hid_composite.dir/Users/nikhilnayak/Downloads/pico/pico-sdk/lib/tinyusb/src/device/usbd.c.obj
 .text.critical_section_enter_blocking
                0x10004eec       0x16 CMakeFiles/dev_hid_composite.dir/Users/nikhilnayak/Downloads/pico/pico-sdk/lib/tinyusb/src/device/usbd.c.obj
 .text.usbd_reset
                0x10004f02        0xc CMakeFiles/dev_hid_composite.dir/Users/nikhilnayak/Downloads/pico/pico-sdk/lib/tinyusb/src/device/usbd.c.obj
 .text.invoke_class_control
                0x10004f0e       0x1a CMakeFiles/dev_hid_composite.dir/Users/nikhilnayak/Downloads/pico/pico-sdk/lib/tinyusb/src/device/usbd.c.obj
 .text.process_set_config
                0x10004f28      0x15c CMakeFiles/dev_hid_composite.dir/Users/nikhilnayak/Downloads/pico/pico-sdk/lib/tinyusb/src/device/usbd.c.obj
 .text.process_get_descriptor
                0x10005084       0xdc CMakeFiles/dev_hid_composite.dir/Users/nikhilnayak/Downloads/pico/pico-sdk/lib/tinyusb/src/device/usbd.c.obj
 .text.tud_mounted
                0x10005160       0x10 CMakeFiles/dev_hid_composite.dir/Users/nikhilnayak/Downloads/pico/pico-sdk/lib/tinyusb/src/device/usbd.c.obj
                0x10005160                tud_mounted
 .text.tud_suspended
                0x10005170       0x10 CMakeFiles/dev_hid_composite.dir/Users/nikhilnayak/Downloads/pico/pico-sdk/lib/tinyusb/src/device/usbd.c.obj
                0x10005170                tud_suspended
 .text.tud_remote_wakeup
                0x10005180       0x34 CMakeFiles/dev_hid_composite.dir/Users/nikhilnayak/Downloads/pico/pico-sdk/lib/tinyusb/src/device/usbd.c.obj
                0x10005180                tud_remote_wakeup
 .text.tud_inited
                0x100051b4       0x14 CMakeFiles/dev_hid_composite.dir/Users/nikhilnayak/Downloads/pico/pico-sdk/lib/tinyusb/src/device/usbd.c.obj
                0x100051b4                tud_inited
 .text.tud_init
                0x100051c8       0xcc CMakeFiles/dev_hid_composite.dir/Users/nikhilnayak/Downloads/pico/pico-sdk/lib/tinyusb/src/device/usbd.c.obj
                0x100051c8                tud_init
 .text.usbd_edpt_open
                0x10005294       0x34 CMakeFiles/dev_hid_composite.dir/Users/nikhilnayak/Downloads/pico/pico-sdk/lib/tinyusb/src/device/usbd.c.obj
                0x10005294                usbd_edpt_open
 .text.usbd_open_edpt_pair
                0x100052c8       0x62 CMakeFiles/dev_hid_composite.dir/Users/nikhilnayak/Downloads/pico/pico-sdk/lib/tinyusb/src/device/usbd.c.obj
                0x100052c8                usbd_open_edpt_pair
 *fill*         0x1000532a        0x2 
 .text.usbd_edpt_claim
                0x1000532c       0x28 CMakeFiles/dev_hid_composite.dir/Users/nikhilnayak/Downloads/pico/pico-sdk/lib/tinyusb/src/device/usbd.c.obj
                0x1000532c                usbd_edpt_claim
 .text.usbd_edpt_xfer
                0x10005354       0x78 CMakeFiles/dev_hid_composite.dir/Users/nikhilnayak/Downloads/pico/pico-sdk/lib/tinyusb/src/device/usbd.c.obj
                0x10005354                usbd_edpt_xfer
 .text.usbd_edpt_busy
                0x100053cc       0x1c CMakeFiles/dev_hid_composite.dir/Users/nikhilnayak/Downloads/pico/pico-sdk/lib/tinyusb/src/device/usbd.c.obj
                0x100053cc                usbd_edpt_busy
 .text.usbd_edpt_stall
                0x100053e8       0x48 CMakeFiles/dev_hid_composite.dir/Users/nikhilnayak/Downloads/pico/pico-sdk/lib/tinyusb/src/device/usbd.c.obj
                0x100053e8                usbd_edpt_stall
 .text.usbd_edpt_clear_stall
                0x10005430       0x48 CMakeFiles/dev_hid_composite.dir/Users/nikhilnayak/Downloads/pico/pico-sdk/lib/tinyusb/src/device/usbd.c.obj
                0x10005430                usbd_edpt_clear_stall
 .text.usbd_edpt_stalled
                0x10005478       0x1c CMakeFiles/dev_hid_composite.dir/Users/nikhilnayak/Downloads/pico/pico-sdk/lib/tinyusb/src/device/usbd.c.obj
                0x10005478                usbd_edpt_stalled
 .text.process_control_request
                0x10005494      0x374 CMakeFiles/dev_hid_composite.dir/Users/nikhilnayak/Downloads/pico/pico-sdk/lib/tinyusb/src/device/usbd.c.obj
 .text.tud_task_ext
                0x10005808      0x1a8 CMakeFiles/dev_hid_composite.dir/Users/nikhilnayak/Downloads/pico/pico-sdk/lib/tinyusb/src/device/usbd.c.obj
                0x10005808                tud_task_ext
 .text._status_stage_xact
                0x100059b0       0x1a CMakeFiles/dev_hid_composite.dir/Users/nikhilnayak/Downloads/pico/pico-sdk/lib/tinyusb/src/device/usbd_control.c.obj
 *fill*         0x100059ca        0x2 
 .text._data_stage_xact
                0x100059cc       0x58 CMakeFiles/dev_hid_composite.dir/Users/nikhilnayak/Downloads/pico/pico-sdk/lib/tinyusb/src/device/usbd_control.c.obj
 .text.tud_control_status
                0x10005a24       0x28 CMakeFiles/dev_hid_composite.dir/Users/nikhilnayak/Downloads/pico/pico-sdk/lib/tinyusb/src/device/usbd_control.c.obj
                0x10005a24                tud_control_status
 .text.tud_control_xfer
                0x10005a4c       0x68 CMakeFiles/dev_hid_composite.dir/Users/nikhilnayak/Downloads/pico/pico-sdk/lib/tinyusb/src/device/usbd_control.c.obj
                0x10005a4c                tud_control_xfer
 .text.usbd_control_reset
                0x10005ab4       0x14 CMakeFiles/dev_hid_composite.dir/Users/nikhilnayak/Downloads/pico/pico-sdk/lib/tinyusb/src/device/usbd_control.c.obj
                0x10005ab4                usbd_control_reset
 .text.usbd_control_set_complete_callback
                0x10005ac8        0xc CMakeFiles/dev_hid_composite.dir/Users/nikhilnayak/Downloads/pico/pico-sdk/lib/tinyusb/src/device/usbd_control.c.obj
                0x10005ac8                usbd_control_set_complete_callback
 .text.usbd_control_set_request
                0x10005ad4       0x1c CMakeFiles/dev_hid_composite.dir/Users/nikhilnayak/Downloads/pico/pico-sdk/lib/tinyusb/src/device/usbd_control.c.obj
                0x10005ad4                usbd_control_set_request
 .text.usbd_control_xfer_cb
                0x10005af0       0xbc CMakeFiles/dev_hid_composite.dir/Users/nikhilnayak/Downloads/pico/pico-sdk/lib/tinyusb/src/device/usbd_control.c.obj
                0x10005af0                usbd_control_xfer_cb
 .text.tud_hid_n_ready
                0x10005bac       0x44 CMakeFiles/dev_hid_composite.dir/Users/nikhilnayak/Downloads/pico/pico-sdk/lib/tinyusb/src/class/hid/hid_device.c.obj
                0x10005bac                tud_hid_n_ready
 .text.tud_hid_n_report
                0x10005bf0       0x84 CMakeFiles/dev_hid_composite.dir/Users/nikhilnayak/Downloads/pico/pico-sdk/lib/tinyusb/src/class/hid/hid_device.c.obj
                0x10005bf0                tud_hid_n_report
 .text.tud_hid_n_keyboard_report
                0x10005c74       0x40 CMakeFiles/dev_hid_composite.dir/Users/nikhilnayak/Downloads/pico/pico-sdk/lib/tinyusb/src/class/hid/hid_device.c.obj
                0x10005c74                tud_hid_n_keyboard_report
 .text.tud_hid_n_mouse_report
                0x10005cb4       0x2e CMakeFiles/dev_hid_composite.dir/Users/nikhilnayak/Downloads/pico/pico-sdk/lib/tinyusb/src/class/hid/hid_device.c.obj
                0x10005cb4                tud_hid_n_mouse_report
 *fill*         0x10005ce2        0x2 
 .text.hidd_reset
                0x10005ce4       0x14 CMakeFiles/dev_hid_composite.dir/Users/nikhilnayak/Downloads/pico/pico-sdk/lib/tinyusb/src/class/hid/hid_device.c.obj
                0x10005ce4                hidd_reset
 .text.hidd_init
                0x10005cf8        0xa CMakeFiles/dev_hid_composite.dir/Users/nikhilnayak/Downloads/pico/pico-sdk/lib/tinyusb/src/class/hid/hid_device.c.obj
                0x10005cf8                hidd_init
 *fill*         0x10005d02        0x2 
 .text.hidd_open
                0x10005d04       0xb4 CMakeFiles/dev_hid_composite.dir/Users/nikhilnayak/Downloads/pico/pico-sdk/lib/tinyusb/src/class/hid/hid_device.c.obj
                0x10005d04                hidd_open
 .text.hidd_control_xfer_cb
                0x10005db8      0x278 CMakeFiles/dev_hid_composite.dir/Users/nikhilnayak/Downloads/pico/pico-sdk/lib/tinyusb/src/class/hid/hid_device.c.obj
                0x10005db8                hidd_control_xfer_cb
 .text.hidd_xfer_cb
                0x10006030       0x84 CMakeFiles/dev_hid_composite.dir/Users/nikhilnayak/Downloads/pico/pico-sdk/lib/tinyusb/src/class/hid/hid_device.c.obj
                0x10006030                hidd_xfer_cb
 .text.tusb_init
                0x100060b4        0xa CMakeFiles/dev_hid_composite.dir/Users/nikhilnayak/Downloads/pico/pico-sdk/lib/tinyusb/src/tusb.c.obj
                0x100060b4                tusb_init
 .text.tusb_inited
                0x100060be        0xe CMakeFiles/dev_hid_composite.dir/Users/nikhilnayak/Downloads/pico/pico-sdk/lib/tinyusb/src/tusb.c.obj
                0x100060be                tusb_inited
 .text.tu_edpt_claim
                0x100060cc       0x50 CMakeFiles/dev_hid_composite.dir/Users/nikhilnayak/Downloads/pico/pico-sdk/lib/tinyusb/src/tusb.c.obj
                0x100060cc                tu_edpt_claim
 .text.tu_edpt_validate
                0x1000611c       0x78 CMakeFiles/dev_hid_composite.dir/Users/nikhilnayak/Downloads/pico/pico-sdk/lib/tinyusb/src/tusb.c.obj
                0x1000611c                tu_edpt_validate
 .text.tu_edpt_bind_driver
                0x10006194       0x26 CMakeFiles/dev_hid_composite.dir/Users/nikhilnayak/Downloads/pico/pico-sdk/lib/tinyusb/src/tusb.c.obj
                0x10006194                tu_edpt_bind_driver
 .text.advance_index
                0x100061ba       0x1a CMakeFiles/dev_hid_composite.dir/Users/nikhilnayak/Downloads/pico/pico-sdk/lib/tinyusb/src/common/tusb_fifo.c.obj
 .text._tu_fifo_peek
                0x100061d4       0x56 CMakeFiles/dev_hid_composite.dir/Users/nikhilnayak/Downloads/pico/pico-sdk/lib/tinyusb/src/common/tusb_fifo.c.obj
 .text.tu_fifo_full
                0x1000622a       0x28 CMakeFiles/dev_hid_composite.dir/Users/nikhilnayak/Downloads/pico/pico-sdk/lib/tinyusb/src/common/tusb_fifo.c.obj
                0x1000622a                tu_fifo_full
 .text.tu_fifo_read
                0x10006252       0x42 CMakeFiles/dev_hid_composite.dir/Users/nikhilnayak/Downloads/pico/pico-sdk/lib/tinyusb/src/common/tusb_fifo.c.obj
                0x10006252                tu_fifo_read
 .text.tu_fifo_write
                0x10006294       0x64 CMakeFiles/dev_hid_composite.dir/Users/nikhilnayak/Downloads/pico/pico-sdk/lib/tinyusb/src/common/tusb_fifo.c.obj
                0x10006294                tu_fifo_write
 .text.tu_fifo_clear
                0x100062f8       0x3e CMakeFiles/dev_hid_composite.dir/Users/nikhilnayak/Downloads/pico/pico-sdk/lib/tinyusb/src/common/tusb_fifo.c.obj
                0x100062f8                tu_fifo_clear
 *fill*         0x10006336        0x2 
 .text.board_init
                0x10006338       0x30 CMakeFiles/dev_hid_composite.dir/Users/nikhilnayak/Downloads/pico/pico-sdk/lib/tinyusb/hw/bsp/rp2040/family.c.obj
                0x10006338                board_init
 .text.board_led_write
                0x10006368       0x1c CMakeFiles/dev_hid_composite.dir/Users/nikhilnayak/Downloads/pico/pico-sdk/lib/tinyusb/hw/bsp/rp2040/family.c.obj
                0x10006368                board_led_write
 .text.board_button_read
                0x10006384        0xe CMakeFiles/dev_hid_composite.dir/Users/nikhilnayak/Downloads/pico/pico-sdk/lib/tinyusb/hw/bsp/rp2040/family.c.obj
                0x10006384                board_button_read
 *fill*         0x10006392        0x2 
 .text.strlen   0x10006394       0x5c /Applications/ArmGNUToolchain/13.2.Rel1/arm-none-eabi/bin/../lib/gcc/arm-none-eabi/13.2.1/../../../../arm-none-eabi/lib/thumb/v6-m/nofp/libg.a(libc_a-strlen-stub.o)
                0x10006394                strlen
 *(.fini)
 .fini          0x100063f0        0x4 /Applications/ArmGNUToolchain/13.2.Rel1/arm-none-eabi/bin/../lib/gcc/arm-none-eabi/13.2.1/thumb/v6-m/nofp/crti.o
                0x100063f0                _fini
 *fill*         0x100063f4        0x4 
 .fini.__stub   0x100063f8       0xe0 linker stubs
 *crtbegin.o(.ctors)
 *crtbegin?.o(.ctors)
 *(EXCLUDE_FILE(*crtend.o *crtend?.o) .ctors)
 *(SORT_BY_NAME(.ctors.*))
 *(.ctors)
 *crtbegin.o(.dtors)
 *crtbegin?.o(.dtors)
 *(EXCLUDE_FILE(*crtend.o *crtend?.o) .dtors)
 *(SORT_BY_NAME(.dtors.*))
 *(.dtors)
 *(.eh_frame*)
 .eh_frame      0x100064d8        0x0 /Applications/ArmGNUToolchain/13.2.Rel1/arm-none-eabi/bin/../lib/gcc/arm-none-eabi/13.2.1/thumb/v6-m/nofp/crtbegin.o
                0x100064d8                        . = ALIGN (0x4)

.glue_7         0x100064d8        0x0
 .glue_7        0x100064d8        0x0 linker stubs

.glue_7t        0x100064d8        0x0
 .glue_7t       0x100064d8        0x0 linker stubs

.vfp11_veneer   0x100064d8        0x0
 .vfp11_veneer  0x100064d8        0x0 linker stubs

.v4_bx          0x100064d8        0x0
 .v4_bx         0x100064d8        0x0 linker stubs

.iplt           0x100064d8        0x0
 .iplt          0x100064d8        0x0 /Applications/ArmGNUToolchain/13.2.Rel1/arm-none-eabi/bin/../lib/gcc/arm-none-eabi/13.2.1/thumb/v6-m/nofp/crtbegin.o

.rodata         0x100064d8     0x161c
 *(EXCLUDE_FILE(*libm.a: *libc.a:*lib_a-mem*.o *libgcc.a:) .rodata*)
 .rodata.update_us_since_boot.str1.4
                0x100064d8      0xe88 CMakeFiles/dev_hid_composite.dir/main.c.obj
                                 0x71 (size before relaxing)
 .rodata.__func__.5
                0x10007360       0x15 CMakeFiles/dev_hid_composite.dir/main.c.obj
 .rodata.str1.4
                0x10007375       0x17 CMakeFiles/dev_hid_composite.dir/usb_descriptors.c.obj
 *fill*         0x10007375        0x3 
 .rodata.__compound_literal.0
                0x10007378        0x2 CMakeFiles/dev_hid_composite.dir/usb_descriptors.c.obj
 *fill*         0x1000737a        0x2 
 .rodata.desc_configuration
                0x1000737c       0x22 CMakeFiles/dev_hid_composite.dir/usb_descriptors.c.obj
                0x1000737c                desc_configuration
 *fill*         0x1000739e        0x2 
 .rodata.desc_hid_report
                0x100073a0       0xef CMakeFiles/dev_hid_composite.dir/usb_descriptors.c.obj
                0x100073a0                desc_hid_report
 *fill*         0x1000748f        0x1 
 .rodata.desc_device
                0x10007490       0x12 CMakeFiles/dev_hid_composite.dir/usb_descriptors.c.obj
                0x10007490                desc_device
 .rodata.spin_lock_claim_unused.str1.4
                0x100074a2       0x1b CMakeFiles/dev_hid_composite.dir/Users/nikhilnayak/Downloads/pico/pico-sdk/src/rp2_common/hardware_sync/sync.c.obj
 .rodata.resolve_branch.str1.4
                0x100074a2       0x65 CMakeFiles/dev_hid_composite.dir/Users/nikhilnayak/Downloads/pico/pico-sdk/src/rp2_common/hardware_irq/irq.c.obj
 .rodata.make_branch.str1.4
                0x100074a2       0x30 CMakeFiles/dev_hid_composite.dir/Users/nikhilnayak/Downloads/pico/pico-sdk/src/rp2_common/hardware_irq/irq.c.obj
 .rodata.insert_branch_and_link.str1.4
                0x100074a2       0x10 CMakeFiles/dev_hid_composite.dir/Users/nikhilnayak/Downloads/pico/pico-sdk/src/rp2_common/hardware_irq/irq.c.obj
 .rodata.irq_set_exclusive_handler.str1.4
                0x100074a2       0x36 CMakeFiles/dev_hid_composite.dir/Users/nikhilnayak/Downloads/pico/pico-sdk/src/rp2_common/hardware_irq/irq.c.obj
 .rodata.irq_add_shared_handler.str1.4
                0x100074a2       0xc2 CMakeFiles/dev_hid_composite.dir/Users/nikhilnayak/Downloads/pico/pico-sdk/src/rp2_common/hardware_irq/irq.c.obj
 .rodata.irq_remove_handler.str1.4
                0x100074a2       0x3a CMakeFiles/dev_hid_composite.dir/Users/nikhilnayak/Downloads/pico/pico-sdk/src/rp2_common/hardware_irq/irq.c.obj
 .rodata.irq_add_tail_to_free_list.str1.4
                0x100074a2       0x3a CMakeFiles/dev_hid_composite.dir/Users/nikhilnayak/Downloads/pico/pico-sdk/src/rp2_common/hardware_irq/irq.c.obj
 *fill*         0x100074a2        0x2 
 .rodata.__func__.0
                0x100074a4       0x1a CMakeFiles/dev_hid_composite.dir/Users/nikhilnayak/Downloads/pico/pico-sdk/src/rp2_common/hardware_irq/irq.c.obj
 *fill*         0x100074be        0x2 
 .rodata.__func__.1
                0x100074c0       0x17 CMakeFiles/dev_hid_composite.dir/Users/nikhilnayak/Downloads/pico/pico-sdk/src/rp2_common/hardware_irq/irq.c.obj
 *fill*         0x100074d7        0x1 
 .rodata.__func__.2
                0x100074d8       0x13 CMakeFiles/dev_hid_composite.dir/Users/nikhilnayak/Downloads/pico/pico-sdk/src/rp2_common/hardware_irq/irq.c.obj
 *fill*         0x100074eb        0x1 
 .rodata.__func__.3
                0x100074ec        0xc CMakeFiles/dev_hid_composite.dir/Users/nikhilnayak/Downloads/pico/pico-sdk/src/rp2_common/hardware_irq/irq.c.obj
 .rodata.__func__.4
                0x100074f8        0xf CMakeFiles/dev_hid_composite.dir/Users/nikhilnayak/Downloads/pico/pico-sdk/src/rp2_common/hardware_irq/irq.c.obj
 *fill*         0x10007507        0x1 
 .rodata.__func__.5
                0x10007508       0x17 CMakeFiles/dev_hid_composite.dir/Users/nikhilnayak/Downloads/pico/pico-sdk/src/rp2_common/hardware_irq/irq.c.obj
 *fill*         0x1000751f        0x1 
 .rodata.__func__.6
                0x10007520       0x1a CMakeFiles/dev_hid_composite.dir/Users/nikhilnayak/Downloads/pico/pico-sdk/src/rp2_common/hardware_irq/irq.c.obj
 .rodata.update_us_since_boot.str1.4
                0x1000753a       0x71 CMakeFiles/dev_hid_composite.dir/Users/nikhilnayak/Downloads/pico/pico-sdk/src/common/pico_sync/mutex.c.obj
 .rodata.str1.4
                0x1000753a       0x99 CMakeFiles/dev_hid_composite.dir/Users/nikhilnayak/Downloads/pico/pico-sdk/src/common/pico_sync/mutex.c.obj
 *fill*         0x1000753a        0x2 
 .rodata.__func__.1
                0x1000753c        0xb CMakeFiles/dev_hid_composite.dir/Users/nikhilnayak/Downloads/pico/pico-sdk/src/common/pico_sync/mutex.c.obj
 *fill*         0x10007547        0x1 
 .rodata.__func__.3
                0x10007548       0x18 CMakeFiles/dev_hid_composite.dir/Users/nikhilnayak/Downloads/pico/pico-sdk/src/common/pico_sync/mutex.c.obj
 .rodata.__func__.4
                0x10007560       0x15 CMakeFiles/dev_hid_composite.dir/Users/nikhilnayak/Downloads/pico/pico-sdk/src/common/pico_sync/mutex.c.obj
 .rodata.get_entry.str1.4
                0x10007575       0x6b CMakeFiles/dev_hid_composite.dir/Users/nikhilnayak/Downloads/pico/pico-sdk/src/common/pico_time/time.c.obj
 .rodata.update_us_since_boot.str1.4
                0x10007575       0x71 CMakeFiles/dev_hid_composite.dir/Users/nikhilnayak/Downloads/pico/pico-sdk/src/common/pico_time/time.c.obj
 .rodata.ph_get_node.str1.4
                0x10007575       0x76 CMakeFiles/dev_hid_composite.dir/Users/nikhilnayak/Downloads/pico/pico-sdk/src/common/pico_time/time.c.obj
 .rodata.ph_add_child_node.str1.4
                0x10007575       0x2e CMakeFiles/dev_hid_composite.dir/Users/nikhilnayak/Downloads/pico/pico-sdk/src/common/pico_time/time.c.obj
 .rodata.ph_insert_node.str1.4
                0x10007575        0x3 CMakeFiles/dev_hid_composite.dir/Users/nikhilnayak/Downloads/pico/pico-sdk/src/common/pico_time/time.c.obj
 .rodata.ph_free_node.str1.4
                0x10007575       0x38 CMakeFiles/dev_hid_composite.dir/Users/nikhilnayak/Downloads/pico/pico-sdk/src/common/pico_time/time.c.obj
 .rodata.add_alarm_under_lock.str1.4
                0x10007575       0x28 CMakeFiles/dev_hid_composite.dir/Users/nikhilnayak/Downloads/pico/pico-sdk/src/common/pico_time/time.c.obj
 .rodata.alarm_pool_alarm_callback.str1.4
                0x10007575       0x60 CMakeFiles/dev_hid_composite.dir/Users/nikhilnayak/Downloads/pico/pico-sdk/src/common/pico_time/time.c.obj
 .rodata.alarm_pool_get_default.str1.4
                0x10007575       0x21 CMakeFiles/dev_hid_composite.dir/Users/nikhilnayak/Downloads/pico/pico-sdk/src/common/pico_time/time.c.obj
 .rodata.alarm_pool_cancel_alarm.str1.4
                0x10007575       0x27 CMakeFiles/dev_hid_composite.dir/Users/nikhilnayak/Downloads/pico/pico-sdk/src/common/pico_time/time.c.obj
 *fill*         0x10007575        0x3 
 .rodata.__func__.1
                0x10007578       0x18 CMakeFiles/dev_hid_composite.dir/Users/nikhilnayak/Downloads/pico/pico-sdk/src/common/pico_time/time.c.obj
 .rodata.__func__.3
                0x10007590       0x17 CMakeFiles/dev_hid_composite.dir/Users/nikhilnayak/Downloads/pico/pico-sdk/src/common/pico_time/time.c.obj
 *fill*         0x100075a7        0x1 
 .rodata.__func__.4
                0x100075a8       0x12 CMakeFiles/dev_hid_composite.dir/Users/nikhilnayak/Downloads/pico/pico-sdk/src/common/pico_time/time.c.obj
 *fill*         0x100075ba        0x2 
 .rodata.__func__.5
                0x100075bc        0xd CMakeFiles/dev_hid_composite.dir/Users/nikhilnayak/Downloads/pico/pico-sdk/src/common/pico_time/time.c.obj
 *fill*         0x100075c9        0x3 
 .rodata.__func__.6
                0x100075cc       0x12 CMakeFiles/dev_hid_composite.dir/Users/nikhilnayak/Downloads/pico/pico-sdk/src/common/pico_time/time.c.obj
 *fill*         0x100075de        0x2 
 .rodata.__func__.7
                0x100075e0        0xf CMakeFiles/dev_hid_composite.dir/Users/nikhilnayak/Downloads/pico/pico-sdk/src/common/pico_time/time.c.obj
 *fill*         0x100075ef        0x1 
 .rodata.__func__.8
                0x100075f0        0xc CMakeFiles/dev_hid_composite.dir/Users/nikhilnayak/Downloads/pico/pico-sdk/src/common/pico_time/time.c.obj
 .rodata.__func__.9
                0x100075fc       0x15 CMakeFiles/dev_hid_composite.dir/Users/nikhilnayak/Downloads/pico/pico-sdk/src/common/pico_time/time.c.obj
 *fill*         0x10007611        0x3 
 .rodata.__func__.10
                0x10007614       0x15 CMakeFiles/dev_hid_composite.dir/Users/nikhilnayak/Downloads/pico/pico-sdk/src/common/pico_time/time.c.obj
 *fill*         0x10007629        0x3 
 .rodata.__func__.11
                0x1000762c       0x1a CMakeFiles/dev_hid_composite.dir/Users/nikhilnayak/Downloads/pico/pico-sdk/src/common/pico_time/time.c.obj
 *fill*         0x10007646        0x2 
 .rodata.__func__.12
                0x10007648        0xa CMakeFiles/dev_hid_composite.dir/Users/nikhilnayak/Downloads/pico/pico-sdk/src/common/pico_time/time.c.obj
 .rodata.update_us_since_boot.str1.4
                0x10007652       0x71 CMakeFiles/dev_hid_composite.dir/Users/nikhilnayak/Downloads/pico/pico-sdk/src/rp2_common/hardware_timer/timer.c.obj
 .rodata.hardware_alarm_claim.str1.4
                0x10007652       0x22 CMakeFiles/dev_hid_composite.dir/Users/nikhilnayak/Downloads/pico/pico-sdk/src/rp2_common/hardware_timer/timer.c.obj
 .rodata.hardware_alarm_set_target.str1.4
                0x10007652       0x75 CMakeFiles/dev_hid_composite.dir/Users/nikhilnayak/Downloads/pico/pico-sdk/src/rp2_common/hardware_timer/timer.c.obj
 *fill*         0x10007652        0x2 
 .rodata.__func__.0
                0x10007654       0x1a CMakeFiles/dev_hid_composite.dir/Users/nikhilnayak/Downloads/pico/pico-sdk/src/rp2_common/hardware_timer/timer.c.obj
 *fill*         0x1000766e        0x2 
 .rodata.__func__.1
                0x10007670       0x15 CMakeFiles/dev_hid_composite.dir/Users/nikhilnayak/Downloads/pico/pico-sdk/src/rp2_common/hardware_timer/timer.c.obj
 .rodata.ph_get_node.str1.4
                0x10007685       0x76 CMakeFiles/dev_hid_composite.dir/Users/nikhilnayak/Downloads/pico/pico-sdk/src/common/pico_util/pheap.c.obj
 .rodata.ph_add_child_node.str1.4
                0x10007685       0x2e CMakeFiles/dev_hid_composite.dir/Users/nikhilnayak/Downloads/pico/pico-sdk/src/common/pico_util/pheap.c.obj
 .rodata.ph_remove_any_head.str1.4
                0x10007685       0xb0 CMakeFiles/dev_hid_composite.dir/Users/nikhilnayak/Downloads/pico/pico-sdk/src/common/pico_util/pheap.c.obj
 .rodata.ph_remove_and_free_node.str1.4
                0x10007685       0x26 CMakeFiles/dev_hid_composite.dir/Users/nikhilnayak/Downloads/pico/pico-sdk/src/common/pico_util/pheap.c.obj
 *fill*         0x10007685        0x3 
 .rodata.__func__.0
                0x10007688       0x18 CMakeFiles/dev_hid_composite.dir/Users/nikhilnayak/Downloads/pico/pico-sdk/src/common/pico_util/pheap.c.obj
 .rodata.__func__.1
                0x100076a0       0x13 CMakeFiles/dev_hid_composite.dir/Users/nikhilnayak/Downloads/pico/pico-sdk/src/common/pico_util/pheap.c.obj
 *fill*         0x100076b3        0x1 
 .rodata.__func__.2
                0x100076b4       0x12 CMakeFiles/dev_hid_composite.dir/Users/nikhilnayak/Downloads/pico/pico-sdk/src/common/pico_util/pheap.c.obj
 *fill*         0x100076c6        0x2 
 .rodata.__func__.3
                0x100076c8        0xc CMakeFiles/dev_hid_composite.dir/Users/nikhilnayak/Downloads/pico/pico-sdk/src/common/pico_util/pheap.c.obj
 .rodata.clock_configure.str1.4
                0x100076d4       0x67 CMakeFiles/dev_hid_composite.dir/Users/nikhilnayak/Downloads/pico/pico-sdk/src/rp2_common/hardware_clocks/clocks.c.obj
 .rodata.__func__.1
                0x100076d4       0x10 CMakeFiles/dev_hid_composite.dir/Users/nikhilnayak/Downloads/pico/pico-sdk/src/rp2_common/hardware_clocks/clocks.c.obj
 .rodata.pll_init.str1.4
                0x100076e4      0x134 CMakeFiles/dev_hid_composite.dir/Users/nikhilnayak/Downloads/pico/pico-sdk/src/rp2_common/hardware_pll/pll.c.obj
 .rodata.__func__.0
                0x100076e4        0x9 CMakeFiles/dev_hid_composite.dir/Users/nikhilnayak/Downloads/pico/pico-sdk/src/rp2_common/hardware_pll/pll.c.obj
 .rodata.__assert_func.str1.4
                0x100076ed       0x43 CMakeFiles/dev_hid_composite.dir/Users/nikhilnayak/Downloads/pico/pico-sdk/src/rp2_common/pico_runtime/runtime.c.obj
 .rodata.runtime_init.str1.4
                0x100076ed       0x71 CMakeFiles/dev_hid_composite.dir/Users/nikhilnayak/Downloads/pico/pico-sdk/src/rp2_common/pico_runtime/runtime.c.obj
 .rodata.panic.str1.4
                0x100076ed       0x12 CMakeFiles/dev_hid_composite.dir/Users/nikhilnayak/Downloads/pico/pico-sdk/src/rp2_common/pico_runtime/runtime.c.obj
 *fill*         0x100076ed        0x3 
 .rodata.__func__.2
                0x100076f0        0xd CMakeFiles/dev_hid_composite.dir/Users/nikhilnayak/Downloads/pico/pico-sdk/src/rp2_common/pico_runtime/runtime.c.obj
 .rodata._ftoa.str1.4
                0x100076fd       0x15 CMakeFiles/dev_hid_composite.dir/Users/nikhilnayak/Downloads/pico/pico-sdk/src/rp2_common/pico_printf/printf.c.obj
 *fill*         0x100076fd        0x3 
 .rodata._vsnprintf
                0x10007700      0x19c CMakeFiles/dev_hid_composite.dir/Users/nikhilnayak/Downloads/pico/pico-sdk/src/rp2_common/pico_printf/printf.c.obj
 *fill*         0x1000789c        0x4 
 .rodata.pow10.0
                0x100078a0       0x50 CMakeFiles/dev_hid_composite.dir/Users/nikhilnayak/Downloads/pico/pico-sdk/src/rp2_common/pico_printf/printf.c.obj
 .rodata.__aeabi_double_init.str1.4
                0x100078f0       0xac CMakeFiles/dev_hid_composite.dir/Users/nikhilnayak/Downloads/pico/pico-sdk/src/rp2_common/pico_double/double_init_rom.c.obj
 .rodata.__func__.0
                0x100078f0       0x14 CMakeFiles/dev_hid_composite.dir/Users/nikhilnayak/Downloads/pico/pico-sdk/src/rp2_common/pico_double/double_init_rom.c.obj
 .rodata.__aeabi_float_init.str1.4
                0x10007904       0x8e CMakeFiles/dev_hid_composite.dir/Users/nikhilnayak/Downloads/pico/pico-sdk/src/rp2_common/pico_float/float_init_rom.c.obj
 .rodata.__func__.0
                0x10007904       0x13 CMakeFiles/dev_hid_composite.dir/Users/nikhilnayak/Downloads/pico/pico-sdk/src/rp2_common/pico_float/float_init_rom.c.obj
 .rodata.str1.4
                0x10007917       0x48 CMakeFiles/dev_hid_composite.dir/Users/nikhilnayak/Downloads/pico/pico-sdk/src/rp2_common/pico_standard_link/binary_info.c.obj
 *fill*         0x10007917        0x1 
 .rodata.__bi_81
                0x10007918        0xc CMakeFiles/dev_hid_composite.dir/Users/nikhilnayak/Downloads/pico/pico-sdk/src/rp2_common/pico_standard_link/binary_info.c.obj
 .rodata.__bi_75
                0x10007924        0xc CMakeFiles/dev_hid_composite.dir/Users/nikhilnayak/Downloads/pico/pico-sdk/src/rp2_common/pico_standard_link/binary_info.c.obj
 .rodata.__bi_44
                0x10007930        0xc CMakeFiles/dev_hid_composite.dir/Users/nikhilnayak/Downloads/pico/pico-sdk/src/rp2_common/pico_standard_link/binary_info.c.obj
 .rodata.update_us_since_boot.str1.4
                0x1000793c       0x71 CMakeFiles/dev_hid_composite.dir/Users/nikhilnayak/Downloads/pico/pico-sdk/src/rp2_common/pico_stdio/stdio.c.obj
 .rodata.crlf_str.2
                0x1000793c        0x2 CMakeFiles/dev_hid_composite.dir/Users/nikhilnayak/Downloads/pico/pico-sdk/src/rp2_common/pico_stdio/stdio.c.obj
 *fill*         0x1000793e        0x2 
 .rodata.__func__.3
                0x10007940       0x15 CMakeFiles/dev_hid_composite.dir/Users/nikhilnayak/Downloads/pico/pico-sdk/src/rp2_common/pico_stdio/stdio.c.obj
 .rodata.pico_get_unique_board_id_string.str1.4
                0x10007955       0x5d CMakeFiles/dev_hid_composite.dir/Users/nikhilnayak/Downloads/pico/pico-sdk/src/rp2_common/pico_unique_id/unique_id.c.obj
 *fill*         0x10007955        0x3 
 .rodata.__func__.0
                0x10007958       0x20 CMakeFiles/dev_hid_composite.dir/Users/nikhilnayak/Downloads/pico/pico-sdk/src/rp2_common/pico_unique_id/unique_id.c.obj
 .rodata.str1.4
                0x10007978      0x16a CMakeFiles/dev_hid_composite.dir/Users/nikhilnayak/Downloads/pico/pico-sdk/src/rp2_common/hardware_flash/flash.c.obj
 .rodata.__func__.0
                0x10007978        0xd CMakeFiles/dev_hid_composite.dir/Users/nikhilnayak/Downloads/pico/pico-sdk/src/rp2_common/hardware_flash/flash.c.obj
 .rodata._hw_endpoint_alloc.str1.4
                0x10007985       0xc5 CMakeFiles/dev_hid_composite.dir/Users/nikhilnayak/Downloads/pico/pico-sdk/lib/tinyusb/src/portable/raspberrypi/rp2040/dcd_rp2040.c.obj
 .rodata.str1.4
                0x10007985       0x14 CMakeFiles/dev_hid_composite.dir/Users/nikhilnayak/Downloads/pico/pico-sdk/lib/tinyusb/src/portable/raspberrypi/rp2040/dcd_rp2040.c.obj
 .rodata.dcd_int_enable.str1.4
                0x10007985        0xc CMakeFiles/dev_hid_composite.dir/Users/nikhilnayak/Downloads/pico/pico-sdk/lib/tinyusb/src/portable/raspberrypi/rp2040/dcd_rp2040.c.obj
 *fill*         0x10007985        0x3 
 .rodata.__func__.0
                0x10007988        0xe CMakeFiles/dev_hid_composite.dir/Users/nikhilnayak/Downloads/pico/pico-sdk/lib/tinyusb/src/portable/raspberrypi/rp2040/dcd_rp2040.c.obj
 *fill*         0x10007996        0x2 
 .rodata.__func__.1
                0x10007998        0xe CMakeFiles/dev_hid_composite.dir/Users/nikhilnayak/Downloads/pico/pico-sdk/lib/tinyusb/src/portable/raspberrypi/rp2040/dcd_rp2040.c.obj
 *fill*         0x100079a6        0x2 
 .rodata.__func__.2
                0x100079a8       0x12 CMakeFiles/dev_hid_composite.dir/Users/nikhilnayak/Downloads/pico/pico-sdk/lib/tinyusb/src/portable/raspberrypi/rp2040/dcd_rp2040.c.obj
 *fill*         0x100079ba        0x2 
 .rodata.__func__.3
                0x100079bc       0x10 CMakeFiles/dev_hid_composite.dir/Users/nikhilnayak/Downloads/pico/pico-sdk/lib/tinyusb/src/portable/raspberrypi/rp2040/dcd_rp2040.c.obj
 .rodata.__func__.5
                0x100079cc        0xf CMakeFiles/dev_hid_composite.dir/Users/nikhilnayak/Downloads/pico/pico-sdk/lib/tinyusb/src/portable/raspberrypi/rp2040/dcd_rp2040.c.obj
 *fill*         0x100079db        0x1 
 .rodata.__func__.6
                0x100079dc       0x13 CMakeFiles/dev_hid_composite.dir/Users/nikhilnayak/Downloads/pico/pico-sdk/lib/tinyusb/src/portable/raspberrypi/rp2040/dcd_rp2040.c.obj
 *fill*         0x100079ef        0x1 
 .rodata.__func__.7
                0x100079f0        0x9 CMakeFiles/dev_hid_composite.dir/Users/nikhilnayak/Downloads/pico/pico-sdk/lib/tinyusb/src/portable/raspberrypi/rp2040/dcd_rp2040.c.obj
 .rodata.str1.4
                0x100079f9       0xf7 CMakeFiles/dev_hid_composite.dir/Users/nikhilnayak/Downloads/pico/pico-sdk/lib/tinyusb/src/portable/raspberrypi/rp2040/rp2040_usb.c.obj
 *fill*         0x100079f9        0x3 
 .rodata.__func__.0
                0x100079fc        0xf CMakeFiles/dev_hid_composite.dir/Users/nikhilnayak/Downloads/pico/pico-sdk/lib/tinyusb/src/portable/raspberrypi/rp2040/rp2040_usb.c.obj
 *fill*         0x10007a0b        0x1 
 .rodata.process_get_descriptor
                0x10007a0c       0x40 CMakeFiles/dev_hid_composite.dir/Users/nikhilnayak/Downloads/pico/pico-sdk/lib/tinyusb/src/device/usbd.c.obj
 .rodata.process_control_request
                0x10007a4c       0x28 CMakeFiles/dev_hid_composite.dir/Users/nikhilnayak/Downloads/pico/pico-sdk/lib/tinyusb/src/device/usbd.c.obj
 .rodata.tud_task_ext
                0x10007a74       0x24 CMakeFiles/dev_hid_composite.dir/Users/nikhilnayak/Downloads/pico/pico-sdk/lib/tinyusb/src/device/usbd.c.obj
 .rodata._usbd_driver
                0x10007a98       0x18 CMakeFiles/dev_hid_composite.dir/Users/nikhilnayak/Downloads/pico/pico-sdk/lib/tinyusb/src/device/usbd.c.obj
 .rodata.hidd_control_xfer_cb
                0x10007ab0       0x30 CMakeFiles/dev_hid_composite.dir/Users/nikhilnayak/Downloads/pico/pico-sdk/lib/tinyusb/src/class/hid/hid_device.c.obj
 .rodata.str1.4
                0x10007ae0        0x4 CMakeFiles/dev_hid_composite.dir/Users/nikhilnayak/Downloads/pico/pico-sdk/lib/tinyusb/hw/bsp/rp2040/family.c.obj
 .rodata.__bi_142.0
                0x10007ae0        0xc CMakeFiles/dev_hid_composite.dir/Users/nikhilnayak/Downloads/pico/pico-sdk/lib/tinyusb/hw/bsp/rp2040/family.c.obj
 .rodata.__bi_152.1
                0x10007aec        0x8 CMakeFiles/dev_hid_composite.dir/Users/nikhilnayak/Downloads/pico/pico-sdk/lib/tinyusb/hw/bsp/rp2040/family.c.obj
                0x10007af4                        . = ALIGN (0x4)
 *(SORT_BY_ALIGNMENT(SORT_BY_NAME(.flashdata*)))
                0x10007af4                        . = ALIGN (0x4)

.ARM.extab
 *(.ARM.extab* .gnu.linkonce.armextab.*)
                0x10007af4                        __exidx_start = .

.ARM.exidx
 *(.ARM.exidx* .gnu.linkonce.armexidx.*)
                0x10007af4                        __exidx_end = .
                0x10007af4                        . = ALIGN (0x4)
                0x10007af4                        __binary_info_start = .

.binary_info    0x10007af4       0x24
 *(.binary_info.keep.*)
 .binary_info.keep.__bi_ptr81
                0x10007af4        0x4 CMakeFiles/dev_hid_composite.dir/Users/nikhilnayak/Downloads/pico/pico-sdk/src/rp2_common/pico_standard_link/binary_info.c.obj
 .binary_info.keep.__bi_ptr75
                0x10007af8        0x4 CMakeFiles/dev_hid_composite.dir/Users/nikhilnayak/Downloads/pico/pico-sdk/src/rp2_common/pico_standard_link/binary_info.c.obj
 .binary_info.keep.__bi_ptr50
                0x10007afc        0x4 CMakeFiles/dev_hid_composite.dir/Users/nikhilnayak/Downloads/pico/pico-sdk/src/rp2_common/pico_standard_link/binary_info.c.obj
 .binary_info.keep.__bi_ptr44
                0x10007b00        0x4 CMakeFiles/dev_hid_composite.dir/Users/nikhilnayak/Downloads/pico/pico-sdk/src/rp2_common/pico_standard_link/binary_info.c.obj
 .binary_info.keep.__bi_ptr38
                0x10007b04        0x4 CMakeFiles/dev_hid_composite.dir/Users/nikhilnayak/Downloads/pico/pico-sdk/src/rp2_common/pico_standard_link/binary_info.c.obj
 .binary_info.keep.__bi_ptr30
                0x10007b08        0x4 CMakeFiles/dev_hid_composite.dir/Users/nikhilnayak/Downloads/pico/pico-sdk/src/rp2_common/pico_standard_link/binary_info.c.obj
 .binary_info.keep.__bi_ptr22
                0x10007b0c        0x4 CMakeFiles/dev_hid_composite.dir/Users/nikhilnayak/Downloads/pico/pico-sdk/src/rp2_common/pico_standard_link/binary_info.c.obj
 .binary_info.keep.__bi_ptr152
                0x10007b10        0x4 CMakeFiles/dev_hid_composite.dir/Users/nikhilnayak/Downloads/pico/pico-sdk/lib/tinyusb/hw/bsp/rp2040/family.c.obj
 .binary_info.keep.__bi_ptr142
                0x10007b14        0x4 CMakeFiles/dev_hid_composite.dir/Users/nikhilnayak/Downloads/pico/pico-sdk/lib/tinyusb/hw/bsp/rp2040/family.c.obj
 *(.binary_info.*)
                0x10007b18                        __binary_info_end = .

.rel.dyn        0x10007b18        0x0
 .rel.iplt      0x10007b18        0x0 /Applications/ArmGNUToolchain/13.2.Rel1/arm-none-eabi/bin/../lib/gcc/arm-none-eabi/13.2.1/thumb/v6-m/nofp/crtbegin.o
                0x10007b18                        . = ALIGN (0x4)

.ram_vector_table
                0x20000000       0xc0
 *(.ram_vector_table)
 .ram_vector_table
                0x20000000       0xc0 CMakeFiles/dev_hid_composite.dir/Users/nikhilnayak/Downloads/pico/pico-sdk/src/rp2_common/pico_runtime/runtime.c.obj
                0x20000000                ram_vector_table

.data           0x200000c0      0xbb0 load address 0x10007b18
                0x200000c0                        __data_start__ = .
 *(vtable)
 *(.time_critical*)
 .time_critical.mutex_try_enter
                0x200000c0       0x46 CMakeFiles/dev_hid_composite.dir/Users/nikhilnayak/Downloads/pico/pico-sdk/src/common/pico_sync/mutex.c.obj
                0x200000c0                mutex_try_enter
 *fill*         0x20000106        0x2 
 .time_critical.mutex_enter_block_until
                0x20000108       0x8c CMakeFiles/dev_hid_composite.dir/Users/nikhilnayak/Downloads/pico/pico-sdk/src/common/pico_sync/mutex.c.obj
                0x20000108                mutex_enter_block_until
 .time_critical.mutex_try_enter_block_until
                0x20000194       0x34 CMakeFiles/dev_hid_composite.dir/Users/nikhilnayak/Downloads/pico/pico-sdk/src/common/pico_sync/mutex.c.obj
                0x20000194                mutex_try_enter_block_until
 .time_critical.mutex_enter_timeout_ms
                0x200001c8       0x1a CMakeFiles/dev_hid_composite.dir/Users/nikhilnayak/Downloads/pico/pico-sdk/src/common/pico_sync/mutex.c.obj
                0x200001c8                mutex_enter_timeout_ms
 *fill*         0x200001e2        0x2 
 .time_critical.mutex_exit
                0x200001e4       0x4c CMakeFiles/dev_hid_composite.dir/Users/nikhilnayak/Downloads/pico/pico-sdk/src/common/pico_sync/mutex.c.obj
                0x200001e4                mutex_exit
 .time_critical.flash_init_boot2_copyout
                0x20000230       0x30 CMakeFiles/dev_hid_composite.dir/Users/nikhilnayak/Downloads/pico/pico-sdk/src/rp2_common/hardware_flash/flash.c.obj
 .time_critical.flash_enable_xip_via_boot2
                0x20000260        0xc CMakeFiles/dev_hid_composite.dir/Users/nikhilnayak/Downloads/pico/pico-sdk/src/rp2_common/hardware_flash/flash.c.obj
 .time_critical.flash_cs_force
                0x2000026c       0x28 CMakeFiles/dev_hid_composite.dir/Users/nikhilnayak/Downloads/pico/pico-sdk/src/rp2_common/hardware_flash/flash.c.obj
 .time_critical.flash_do_cmd
                0x20000294       0xd8 CMakeFiles/dev_hid_composite.dir/Users/nikhilnayak/Downloads/pico/pico-sdk/src/rp2_common/hardware_flash/flash.c.obj
                0x20000294                flash_do_cmd
 .time_critical.reset_non_control_endpoints
                0x2000036c       0x40 CMakeFiles/dev_hid_composite.dir/Users/nikhilnayak/Downloads/pico/pico-sdk/lib/tinyusb/src/portable/raspberrypi/rp2040/dcd_rp2040.c.obj
 .time_critical.hw_handle_buff_status
                0x200003ac       0xa4 CMakeFiles/dev_hid_composite.dir/Users/nikhilnayak/Downloads/pico/pico-sdk/lib/tinyusb/src/portable/raspberrypi/rp2040/dcd_rp2040.c.obj
 .time_critical.dcd_rp2040_irq
                0x20000450      0x1b8 CMakeFiles/dev_hid_composite.dir/Users/nikhilnayak/Downloads/pico/pico-sdk/lib/tinyusb/src/portable/raspberrypi/rp2040/dcd_rp2040.c.obj
 .time_critical.e15_is_bulkin_ep
                0x20000608       0x2c CMakeFiles/dev_hid_composite.dir/Users/nikhilnayak/Downloads/pico/pico-sdk/lib/tinyusb/src/portable/raspberrypi/rp2040/rp2040_usb.c.obj
 .time_critical.e15_is_critical_frame_period
                0x20000634       0x30 CMakeFiles/dev_hid_composite.dir/Users/nikhilnayak/Downloads/pico/pico-sdk/lib/tinyusb/src/portable/raspberrypi/rp2040/rp2040_usb.c.obj
 .time_critical.prepare_ep_buffer
                0x20000664       0x6c CMakeFiles/dev_hid_composite.dir/Users/nikhilnayak/Downloads/pico/pico-sdk/lib/tinyusb/src/portable/raspberrypi/rp2040/rp2040_usb.c.obj
 .time_critical.sync_ep_buffer
                0x200006d0       0x7c CMakeFiles/dev_hid_composite.dir/Users/nikhilnayak/Downloads/pico/pico-sdk/lib/tinyusb/src/portable/raspberrypi/rp2040/rp2040_usb.c.obj
 .time_critical._hw_endpoint_xfer_sync
                0x2000074c       0x28 CMakeFiles/dev_hid_composite.dir/Users/nikhilnayak/Downloads/pico/pico-sdk/lib/tinyusb/src/portable/raspberrypi/rp2040/rp2040_usb.c.obj
 .time_critical.hw_endpoint_reset_transfer
                0x20000774        0xc CMakeFiles/dev_hid_composite.dir/Users/nikhilnayak/Downloads/pico/pico-sdk/lib/tinyusb/src/portable/raspberrypi/rp2040/rp2040_usb.c.obj
                0x20000774                hw_endpoint_reset_transfer
 .time_critical._hw_endpoint_buffer_control_update32
                0x20000780       0x58 CMakeFiles/dev_hid_composite.dir/Users/nikhilnayak/Downloads/pico/pico-sdk/lib/tinyusb/src/portable/raspberrypi/rp2040/rp2040_usb.c.obj
                0x20000780                _hw_endpoint_buffer_control_update32
 .time_critical.hw_endpoint_start_next_buffer
                0x200007d8       0x88 CMakeFiles/dev_hid_composite.dir/Users/nikhilnayak/Downloads/pico/pico-sdk/lib/tinyusb/src/portable/raspberrypi/rp2040/rp2040_usb.c.obj
                0x200007d8                hw_endpoint_start_next_buffer
 .time_critical.hw_endpoint_xfer_continue
                0x20000860       0x50 CMakeFiles/dev_hid_composite.dir/Users/nikhilnayak/Downloads/pico/pico-sdk/lib/tinyusb/src/portable/raspberrypi/rp2040/rp2040_usb.c.obj
                0x20000860                hw_endpoint_xfer_continue
 .time_critical.tinyusb
                0x200008b0      0x1ac CMakeFiles/dev_hid_composite.dir/Users/nikhilnayak/Downloads/pico/pico-sdk/lib/tinyusb/src/device/usbd.c.obj
                0x200008b0                dcd_event_handler
 .time_critical.get_bootsel_button
                0x20000a5c       0x60 CMakeFiles/dev_hid_composite.dir/Users/nikhilnayak/Downloads/pico/pico-sdk/lib/tinyusb/hw/bsp/rp2040/family.c.obj
                0x20000a5c                get_bootsel_button
 *(.text*)
 .text          0x20000abc        0x4 /Applications/ArmGNUToolchain/13.2.Rel1/arm-none-eabi/bin/../lib/gcc/arm-none-eabi/13.2.1/thumb/v6-m/nofp/libgcc.a(_dvmd_tls.o)
                0x20000abc                __aeabi_ldiv0
                0x20000abc                __aeabi_idiv0
 .text.__stub   0x20000ac0       0xa0 linker stubs
                0x20000b60                        . = ALIGN (0x4)
 *(.rodata*)
                0x20000b60                        . = ALIGN (0x4)
 *(.data*)
 .data.blink_interval_ms
                0x20000b60        0x4 CMakeFiles/dev_hid_composite.dir/main.c.obj
 .data.string_desc_arr
                0x20000b64       0x10 CMakeFiles/dev_hid_composite.dir/usb_descriptors.c.obj
                0x20000b64                string_desc_arr
 .data.striped_spin_lock_num
                0x20000b74        0x1 CMakeFiles/dev_hid_composite.dir/Users/nikhilnayak/Downloads/pico/pico-sdk/src/rp2_common/hardware_sync/sync.c.obj
 *fill*         0x20000b75        0x3 
 .data          0x20000b78       0x48 CMakeFiles/dev_hid_composite.dir/Users/nikhilnayak/Downloads/pico/pico-sdk/src/rp2_common/hardware_irq/irq_handler_chain.S.obj
                0x20000b78                irq_handler_chain_slots
                0x20000ba8                irq_handler_chain_first_slot
                0x20000bb2                irq_handler_chain_remove_tail
 .data.default_alarm_pool
                0x20000bc0       0x18 CMakeFiles/dev_hid_composite.dir/Users/nikhilnayak/Downloads/pico/pico-sdk/src/common/pico_time/time.c.obj
 .data.default_alarm_pool_heap
                0x20000bd8       0x10 CMakeFiles/dev_hid_composite.dir/Users/nikhilnayak/Downloads/pico/pico-sdk/src/common/pico_time/time.c.obj
 *fill*         0x20000be8        0x8 
 .data.aeabi_bits_funcs
                0x20000bf0       0x10 CMakeFiles/dev_hid_composite.dir/Users/nikhilnayak/Downloads/pico/pico-sdk/src/rp2_common/pico_bit_ops/bit_ops_aeabi.S.obj
                0x20000bf0                aeabi_bits_funcs
                0x20000c00                aeabi_bits_funcs_end
 .data.aeabi_mem_funcs
                0x20000c00       0x10 CMakeFiles/dev_hid_composite.dir/Users/nikhilnayak/Downloads/pico/pico-sdk/src/rp2_common/pico_mem_ops/mem_ops_aeabi.S.obj
                0x20000c00                aeabi_mem_funcs
                0x20000c10                aeabi_mem_funcs_end
 .data.stdio_uart
                0x20000c10       0x18 CMakeFiles/dev_hid_composite.dir/Users/nikhilnayak/Downloads/pico/pico-sdk/src/rp2_common/pico_stdio_uart/stdio_uart.c.obj
                0x20000c10                stdio_uart
 .data.ep_dir_string