Archive member included to satisfy reference by file (symbol)

/Applications/ArmGNUToolchain/13.2.Rel1/arm-none-eabi/bin/../lib/gcc/arm-none-eabi/13.2.1/thumb/v6-m/nofp/libgcc.a(_dvmd_tls.o)
                              CMakeFiles/dev_hid_composite.dir/Users/nikhilnayak/Downloads/pico/pico-sdk/src/rp2_common/pico_divider/divider.S.obj (__aeabi_idiv0)
/Applications/ArmGNUToolchain/13.2.Rel1/arm-none-eabi/bin/../lib/gcc/arm-none-eabi/13.2.1/../../../../arm-none-eabi/lib/thumb/v6-m/nofp/libg.a(libc_a-calloc.o)
                              CMakeFiles/dev_hid_composite.dir/Users/nikhilnayak/Downloads/pico/pico-sdk/src/rp2_common/pico_malloc/pico_malloc.c.obj (calloc)
/Applications/ArmGNUToolchain/13.2.Rel1/arm-none-eabi/bin/../lib/gcc/arm-none-eabi/13.2.1/../../../../arm-none-eabi/lib/thumb/v6-m/nofp/libg.a(libc_a-callocr.o)
                              /Applications/ArmGNUToolchain/13.2.Rel1/arm-none-eabi/bin/../lib/gcc/arm-none-eabi/13.2.1/../../../../arm-none-eabi/lib/thumb/v6-m/nofp/libg.a(libc_a-calloc.o) (_calloc_r)
/Applications/ArmGNUToolchain/13.2.Rel1/arm-none-eabi/bin/../lib/gcc/arm-none-eabi/13.2.1/../../../../arm-none-eabi/lib/thumb/v6-m/nofp/libg.a(libc_a-malloc.o)
                              CMakeFiles/dev_hid_composite.dir/Users/nikhilnayak/Downloads/pico/pico-sdk/src/rp2_common/pico_malloc/pico_malloc.c.obj (malloc)
/Applications/ArmGNUToolchain/13.2.Rel1/arm-none-eabi/bin/../lib/gcc/arm-none-eabi/13.2.1/../../../../arm-none-eabi/lib/thumb/v6-m/nofp/libg.a(libc_a-mallocr.o)
                              /Applications/ArmGNUToolchain/13.2.Rel1/arm-none-eabi/bin/../lib/gcc/arm-none-eabi/13.2.1/../../../../arm-none-eabi/lib/thumb/v6-m/nofp/libg.a(libc_a-callocr.o) (_malloc_r)
/Applications/ArmGNUToolchain/13.2.Rel1/arm-none-eabi/bin/../lib/gcc/arm-none-eabi/13.2.1/../../../../arm-none-eabi/lib/thumb/v6-m/nofp/libg.a(libc_a-mlock.o)
                              /Applications/ArmGNUToolchain/13.2.Rel1/arm-none-eabi/bin/../lib/gcc/arm-none-eabi/13.2.1/../../../../arm-none-eabi/lib/thumb/v6-m/nofp/libg.a(libc_a-mallocr.o) (__malloc_lock)
/Applications/ArmGNUToolchain/13.2.Rel1/arm-none-eabi/bin/../lib/gcc/arm-none-eabi/13.2.1/../../../../arm-none-eabi/lib/thumb/v6-m/nofp/libg.a(libc_a-realloc.o)
                              CMakeFiles/dev_hid_composite.dir/Users/nikhilnayak/Downloads/pico/pico-sdk/src/rp2_common/pico_malloc/pico_malloc.c.obj (realloc)
/Applications/ArmGNUToolchain/13.2.Rel1/arm-none-eabi/bin/../lib/gcc/arm-none-eabi/13.2.1/../../../../arm-none-eabi/lib/thumb/v6-m/nofp/libg.a(libc_a-reallocr.o)
                              /Applications/ArmGNUToolchain/13.2.Rel1/arm-none-eabi/bin/../lib/gcc/arm-none-eabi/13.2.1/../../../../arm-none-eabi/lib/thumb/v6-m/nofp/libg.a(libc_a-realloc.o) (_realloc_r)
/Applications/ArmGNUToolchain/13.2.Rel1/arm-none-eabi/bin/../lib/gcc/arm-none-eabi/13.2.1/../../../../arm-none-eabi/lib/thumb/v6-m/nofp/libg.a(libc_a-memmove.o)
                              /Applications/ArmGNUToolchain/13.2.Rel1/arm-none-eabi/bin/../lib/gcc/arm-none-eabi/13.2.1/../../../../arm-none-eabi/lib/thumb/v6-m/nofp/libg.a(libc_a-reallocr.o) (memmove)
/Applications/ArmGNUToolchain/13.2.Rel1/arm-none-eabi/bin/../lib/gcc/arm-none-eabi/13.2.1/../../../../arm-none-eabi/lib/thumb/v6-m/nofp/libg.a(libc_a-impure.o)
                              /Applications/ArmGNUToolchain/13.2.Rel1/arm-none-eabi/bin/../lib/gcc/arm-none-eabi/13.2.1/../../../../arm-none-eabi/lib/thumb/v6-m/nofp/libg.a(libc_a-calloc.o) (_impure_ptr)
/Applications/ArmGNUToolchain/13.2.Rel1/arm-none-eabi/bin/../lib/gcc/arm-none-eabi/13.2.1/../../../../arm-none-eabi/lib/thumb/v6-m/nofp/libg.a(libc_a-sbrkr.o)
                              /Applications/ArmGNUToolchain/13.2.Rel1/arm-none-eabi/bin/../lib/gcc/arm-none-eabi/13.2.1/../../../../arm-none-eabi/lib/thumb/v6-m/nofp/libg.a(libc_a-mallocr.o) (_sbrk_r)
/Applications/ArmGNUToolchain/13.2.Rel1/arm-none-eabi/bin/../lib/gcc/arm-none-eabi/13.2.1/../../../../arm-none-eabi/lib/thumb/v6-m/nofp/libg.a(libc_a-errno.o)
                              /Applications/ArmGNUToolchain/13.2.Rel1/arm-none-eabi/bin/../lib/gcc/arm-none-eabi/13.2.1/../../../../arm-none-eabi/lib/thumb/v6-m/nofp/libg.a(libc_a-callocr.o) (__errno)
/Applications/ArmGNUToolchain/13.2.Rel1/arm-none-eabi/bin/../lib/gcc/arm-none-eabi/13.2.1/../../../../arm-none-eabi/lib/thumb/v6-m/nofp/libg.a(libc_a-sysconf.o)
                              /Applications/ArmGNUToolchain/13.2.Rel1/arm-none-eabi/bin/../lib/gcc/arm-none-eabi/13.2.1/../../../../arm-none-eabi/lib/thumb/v6-m/nofp/libg.a(libc_a-mallocr.o) (sysconf)
/Applications/ArmGNUToolchain/13.2.Rel1/arm-none-eabi/bin/../lib/gcc/arm-none-eabi/13.2.1/../../../../arm-none-eabi/lib/thumb/v6-m/nofp/libg.a(libc_a-init.o)
                              /Applications/ArmGNUToolchain/13.2.Rel1/arm-none-eabi/bin/../lib/gcc/arm-none-eabi/13.2.1/../../../../arm-none-eabi/lib/thumb/v6-m/nofp/crt0.o (__libc_init_array)
[...]
Memory Configuration

Name             Origin             Length             Attributes
FLASH            0x10000000         0x00200000         xr
RAM              0x20000000         0x00040000         xrw
SCRATCH_X        0x20040000         0x00001000         xrw
SCRATCH_Y        0x20041000         0x00001000         xrw
*default*        0x00000000         0xffffffff

Linker script and memory map

LOAD /Applications/ArmGNUToolchain/13.2.Rel1/arm-none-eabi/bin/../lib/gcc/arm-none-eabi/13.2.1/thumb/v6-m/nofp/crti.o
LOAD /Applications/ArmGNUToolchain/13.2.Rel1/arm-none-eabi/bin/../lib/gcc/arm-none-eabi/13.2.1/thumb/v6-m/nofp/crtbegin.o
LOAD /Applications/ArmGNUToolchain/13.2.Rel1/arm-none-eabi/bin/../lib/gcc/arm-none-eabi/13.2.1/../../../../arm-none-eabi/lib/thumb/v6-m/nofp/crt0.o

.flash_begin    0x10000000        0x0
                0x10000000                        __flash_binary_start = .

.boot2          0x10000000      0x100
                0x10000000                        __boot2_start__ = .
 *(.boot2)
 .boot2         0x10000000      0x100 /var/folders/4r/v625fp2n1n13h38982r34bxc0000gn/T//ccgsDKi0.o
                0x10000100                        __boot2_end__ = .
                0x00000001                        ASSERT (((__boot2_end__ - __boot2_start__) == 0x100), ERROR: Pico second stage bootloader must be 256 bytes in size)

.text           0x10000100     0x6a30
                0x10000100                        __logical_binary_start = .
 *(.vectors)
 .vectors       0x10000100       0xd4 CMakeFiles/dev_hid_composite.dir/Users/nikhilnayak/Downloads/pico/pico-sdk/src/rp2_common/pico_standard_link/crt0.S.obj
                0x10000100                __VECTOR_TABLE
                0x10000100                __vectors
                0x100001c0                __default_isrs_start
                0x100001c0                isr_invalid
                0x100001c2                isr_nmi
                0x100001c4                isr_hardfault
                0x100001c6                isr_svcall
                0x100001c8                isr_pendsv
                0x100001ca                isr_systick
                0x100001cc                isr_irq28
                0x100001cc                isr_irq19
                0x100001cc                isr_irq0
                0x100001cc                isr_irq6
                0x100001cc                isr_irq22
                0x100001cc                isr_irq17
                0x100001cc                isr_irq14
                0x100001cc                isr_irq2
                0x100001cc                isr_irq10
                0x100001cc                isr_irq8
                0x100001cc                isr_irq24
                0x100001cc                isr_irq1
                0x100001cc                isr_irq7
                0x100001cc                isr_irq21
                0x100001cc                isr_irq20
                0x100001cc                isr_irq15
                0x100001cc                isr_irq25
                0x100001cc                isr_irq4
                0x100001cc                isr_irq16
                0x100001cc                isr_irq29
                0x100001cc                isr_irq26
                0x100001cc                __default_isrs_end
                0x100001cc                isr_irq3
                0x100001cc                isr_irq9
                0x100001cc                __unhandled_user_irq
                0x100001cc                isr_irq13
                0x100001cc                isr_irq27
                0x100001cc                isr_irq31
                0x100001cc                isr_irq5
                0x100001cc                isr_irq11
                0x100001cc                isr_irq23
                0x100001cc                isr_irq18
                0x100001cc                isr_irq30
                0x100001cc                isr_irq12
                0x100001d2                unhandled_user_irq_num_in_r0
 *(.binary_info_header)
 .binary_info_header
                0x100001d4       0x14 CMakeFiles/dev_hid_composite.dir/Users/nikhilnayak/Downloads/pico/pico-sdk/src/rp2_common/pico_standard_link/crt0.S.obj
                0x100001e8                        __binary_info_header_end = .
 *(.reset)
 .reset         0x100001e8       0xa0 CMakeFiles/dev_hid_composite.dir/Users/nikhilnayak/Downloads/pico/pico-sdk/src/rp2_common/pico_standard_link/crt0.S.obj
                0x100001e8                _entry_point
 .reset         0x10000288       0x30 CMakeFiles/dev_hid_composite.dir/Users/nikhilnayak/Downloads/pico/pico-sdk/src/rp2_common/pico_standard_link/binary_info.c.obj
 *(.init)
 .init          0x100002b8        0x4 /Applications/ArmGNUToolchain/13.2.Rel1/arm-none-eabi/bin/../lib/gcc/arm-none-eabi/13.2.1/thumb/v6-m/nofp/crti.o
                0x100002b8                _init
 *(EXCLUDE_FILE(*libm.a: *libc.a:*lib_a-mem*.o *libgcc.a:) .text*)
 .text.register_tm_clones
                0x100002bc       0x28 /Applications/ArmGNUToolchain/13.2.Rel1/arm-none-eabi/bin/../lib/gcc/arm-none-eabi/13.2.1/thumb/v6-m/nofp/crtbegin.o
 .text.frame_dummy
                0x100002e4       0x24 /Applications/ArmGNUToolchain/13.2.Rel1/arm-none-eabi/bin/../lib/gcc/arm-none-eabi/13.2.1/thumb/v6-m/nofp/crtbegin.o
 .text.to_ms_since_boot
                0x10000308       0x1c CMakeFiles/dev_hid_composite.dir/main.c.obj
 .text.update_us_since_boot
                0x10000324       0x24 CMakeFiles/dev_hid_composite.dir/main.c.obj
 .text.get_absolute_time
                0x10000348       0x22 CMakeFiles/dev_hid_composite.dir/main.c.obj
 .text.board_millis
                0x1000036a       0x16 CMakeFiles/dev_hid_composite.dir/main.c.obj
 .text.chip_init
                0x10000380       0x50 CMakeFiles/dev_hid_composite.dir/main.c.obj
                0x10000380                chip_init
 .text.read     0x100003d0       0x34 CMakeFiles/dev_hid_composite.dir/main.c.obj
                0x100003d0                read
 .text.convert  0x10000404       0x1c CMakeFiles/dev_hid_composite.dir/main.c.obj
                0x10000404                convert
 .text.send_hid_report
                0x10000420      0x184 CMakeFiles/dev_hid_composite.dir/main.c.obj
 .text.tud_mount_cb
                0x100005a4       0x10 CMakeFiles/dev_hid_composite.dir/main.c.obj
                0x100005a4                tud_mount_cb
 .text.tud_umount_cb
                0x100005b4        0xc CMakeFiles/dev_hid_composite.dir/main.c.obj
                0x100005b4                tud_umount_cb
 .text.tud_suspend_cb
                0x100005c0       0x10 CMakeFiles/dev_hid_composite.dir/main.c.obj
                0x100005c0                tud_suspend_cb
 .text.tud_resume_cb
                0x100005d0       0x10 CMakeFiles/dev_hid_composite.dir/main.c.obj
                0x100005d0                tud_resume_cb
 .text.hid_task
                0x100005e0       0x40 CMakeFiles/dev_hid_composite.dir/main.c.obj
                0x100005e0                hid_task
 .text.tud_hid_report_complete_cb
                0x10000620       0x1c CMakeFiles/dev_hid_composite.dir/main.c.obj
                0x10000620                tud_hid_report_complete_cb
 .text.tud_hid_get_report_cb
                0x1000063c        0x4 CMakeFiles/dev_hid_composite.dir/main.c.obj
                0x1000063c                tud_hid_get_report_cb
 .text.tud_hid_set_report_cb
                0x10000640       0x3c CMakeFiles/dev_hid_composite.dir/main.c.obj
                0x10000640                tud_hid_set_report_cb
 .text.led_blinking_task
                0x1000067c       0x44 CMakeFiles/dev_hid_composite.dir/main.c.obj
                0x1000067c                led_blinking_task
 .text.main     0x100006c0       0x48 CMakeFiles/dev_hid_composite.dir/main.c.obj
                0x100006c0                main
 .text.tud_descriptor_device_cb
                0x10000708        0x8 CMakeFiles/dev_hid_composite.dir/usb_descriptors.c.obj
                0x10000708                tud_descriptor_device_cb
 .text.tud_hid_descriptor_report_cb
                0x10000710        0x8 CMakeFiles/dev_hid_composite.dir/usb_descriptors.c.obj
                0x10000710                tud_hid_descriptor_report_cb
 .text.tud_descriptor_configuration_cb
                0x10000718        0x8 CMakeFiles/dev_hid_composite.dir/usb_descriptors.c.obj
                0x10000718                tud_descriptor_configuration_cb
 .text.tud_descriptor_string_cb
                0x10000720       0x78 CMakeFiles/dev_hid_composite.dir/usb_descriptors.c.obj
                0x10000720                tud_descriptor_string_cb
 .text.gpio_set_function
                0x10000798       0x30 CMakeFiles/dev_hid_composite.dir/Users/nikhilnayak/Downloads/pico/pico-sdk/src/rp2_common/hardware_gpio/gpio.c.obj
                0x10000798                gpio_set_function
 .text.gpio_init
                0x100007c8       0x16 CMakeFiles/dev_hid_composite.dir/Users/nikhilnayak/Downloads/pico/pico-sdk/src/rp2_common/hardware_gpio/gpio.c.obj
                0x100007c8                gpio_init
 *fill*         0x100007de        0x2 
 .text.running_on_fpga
                0x100007e0       0x14 CMakeFiles/dev_hid_composite.dir/Users/nikhilnayak/Downloads/pico/pico-sdk/src/rp2_common/pico_platform/platform.c.obj
                0x100007e0                running_on_fpga
 .text.hw_claim_lock
                0x100007f4       0x18 CMakeFiles/dev_hid_composite.dir/Users/nikhilnayak/Downloads/pico/pico-sdk/src/rp2_common/hardware_claim/claim.c.obj
                0x100007f4                hw_claim_lock
 .text.hw_claim_unlock
                0x1000080c       0x14 CMakeFiles/dev_hid_composite.dir/Users/nikhilnayak/Downloads/pico/pico-sdk/src/rp2_common/hardware_claim/claim.c.obj
                0x1000080c                hw_claim_unlock
 .text.hw_claim_or_assert
                0x10000820       0x32 CMakeFiles/dev_hid_composite.dir/Users/nikhilnayak/Downloads/pico/pico-sdk/src/rp2_common/hardware_claim/claim.c.obj
                0x10000820                hw_claim_or_assert
 .text.hw_claim_unused_from_range
                0x10000852       0x50 CMakeFiles/dev_hid_composite.dir/Users/nikhilnayak/Downloads/pico/pico-sdk/src/rp2_common/hardware_claim/claim.c.obj
                0x10000852                hw_claim_unused_from_range
 *fill*         0x100008a2        0x2 
 .text.spin_locks_reset
                0x100008a4       0x20 CMakeFiles/dev_hid_composite.dir/Users/nikhilnayak/Downloads/pico/pico-sdk/src/rp2_common/hardware_sync/sync.c.obj
                0x100008a4                spin_locks_reset
 .text.next_striped_spin_lock_num
                0x100008c4       0x1c CMakeFiles/dev_hid_composite.dir/Users/nikhilnayak/Downloads/pico/pico-sdk/src/rp2_common/hardware_sync/sync.c.obj
                0x100008c4                next_striped_spin_lock_num
 .text.spin_lock_claim_unused
                0x100008e0       0x24 CMakeFiles/dev_hid_composite.dir/Users/nikhilnayak/Downloads/pico/pico-sdk/src/rp2_common/hardware_sync/sync.c.obj
                0x100008e0                spin_lock_claim_unused
 .text.set_raw_irq_handler_and_unlock
                0x10000904       0x28 CMakeFiles/dev_hid_composite.dir/Users/nikhilnayak/Downloads/pico/pico-sdk/src/rp2_common/hardware_irq/irq.c.obj
 .text.resolve_branch
                0x1000092c       0x30 CMakeFiles/dev_hid_composite.dir/Users/nikhilnayak/Downloads/pico/pico-sdk/src/rp2_common/hardware_irq/irq.c.obj
 .text.make_branch
                0x1000095c       0x48 CMakeFiles/dev_hid_composite.dir/Users/nikhilnayak/Downloads/pico/pico-sdk/src/rp2_common/hardware_irq/irq.c.obj
 .text.insert_branch_and_link
                0x100009a4       0x40 CMakeFiles/dev_hid_composite.dir/Users/nikhilnayak/Downloads/pico/pico-sdk/src/rp2_common/hardware_irq/irq.c.obj
 .text.irq_is_enabled
                0x100009e4       0x18 CMakeFiles/dev_hid_composite.dir/Users/nikhilnayak/Downloads/pico/pico-sdk/src/rp2_common/hardware_irq/irq.c.obj
                0x100009e4                irq_is_enabled
 .text.irq_set_mask_enabled
                0x100009fc       0x20 CMakeFiles/dev_hid_composite.dir/Users/nikhilnayak/Downloads/pico/pico-sdk/src/rp2_common/hardware_irq/irq.c.obj
                0x100009fc                irq_set_mask_enabled
 .text.irq_set_enabled
                0x10000a1c        0xe CMakeFiles/dev_hid_composite.dir/Users/nikhilnayak/Downloads/pico/pico-sdk/src/rp2_common/hardware_irq/irq.c.obj
                0x10000a1c                irq_set_enabled
 *fill*         0x10000a2a        0x2 
 .text.irq_get_vtable_handler
                0x10000a2c       0x10 CMakeFiles/dev_hid_composite.dir/Users/nikhilnayak/Downloads/pico/pico-sdk/src/rp2_common/hardware_irq/irq.c.obj
                0x10000a2c                irq_get_vtable_handler
 .text.irq_set_exclusive_handler
                0x10000a3c       0x54 CMakeFiles/dev_hid_composite.dir/Users/nikhilnayak/Downloads/pico/pico-sdk/src/rp2_common/hardware_irq/irq.c.obj
                0x10000a3c                irq_set_exclusive_handler
 .text.irq_add_shared_handler
                0x10000a90      0x210 CMakeFiles/dev_hid_composite.dir/Users/nikhilnayak/Downloads/pico/pico-sdk/src/rp2_common/hardware_irq/irq.c.obj
                0x10000a90                irq_add_shared_handler
 .text.irq_remove_handler
                0x10000ca0      0x188 CMakeFiles/dev_hid_composite.dir/Users/nikhilnayak/Downloads/pico/pico-sdk/src/rp2_common/hardware_irq/irq.c.obj
                0x10000ca0                irq_remove_handler
 .text.irq_add_tail_to_free_list
                0x10000e28       0xf0 CMakeFiles/dev_hid_composite.dir/Users/nikhilnayak/Downloads/pico/pico-sdk/src/rp2_common/hardware_irq/irq.c.obj
                0x10000e28                irq_add_tail_to_free_list
 .text.irq_init_priorities
                0x10000f18       0x1c CMakeFiles/dev_hid_composite.dir/Users/nikhilnayak/Downloads/pico/pico-sdk/src/rp2_common/hardware_irq/irq.c.obj
                0x10000f18                irq_init_priorities
 .text.lock_init
                0x10000f34       0x10 CMakeFiles/dev_hid_composite.dir/Users/nikhilnayak/Downloads/pico/pico-sdk/src/common/pico_sync/lock_core.c.obj
                0x10000f34                lock_init
 .text.update_us_since_boot
                0x10000f44       0x24 CMakeFiles/dev_hid_composite.dir/Users/nikhilnayak/Downloads/pico/pico-sdk/src/common/pico_sync/mutex.c.obj
 .text.delayed_by_ms
                0x10000f68       0x44 CMakeFiles/dev_hid_composite.dir/Users/nikhilnayak/Downloads/pico/pico-sdk/src/common/pico_sync/mutex.c.obj
 .text.get_absolute_time
                0x10000fac       0x22 CMakeFiles/dev_hid_composite.dir/Users/nikhilnayak/Downloads/pico/pico-sdk/src/common/pico_sync/mutex.c.obj
 .text.make_timeout_time_ms
                0x10000fce       0x20 CMakeFiles/dev_hid_composite.dir/Users/nikhilnayak/Downloads/pico/pico-sdk/src/common/pico_sync/mutex.c.obj
 .text.mutex_init
                0x10000fee       0x1a CMakeFiles/dev_hid_composite.dir/Users/nikhilnayak/Downloads/pico/pico-sdk/src/common/pico_sync/mutex.c.obj
                0x10000fee                mutex_init
 .text.recursive_mutex_init
                0x10001008       0x1e CMakeFiles/dev_hid_composite.dir/Users/nikhilnayak/Downloads/pico/pico-sdk/src/common/pico_sync/mutex.c.obj
                0x10001008                recursive_mutex_init
 *fill*         0x10001026        0x2 
 .text.critical_section_init_with_lock_num
                0x10001028       0x14 CMakeFiles/dev_hid_composite.dir/Users/nikhilnayak/Downloads/pico/pico-sdk/src/common/pico_sync/critical_section.c.obj
                0x10001028                critical_section_init_with_lock_num
 .text.critical_section_init
                0x1000103c       0x14 CMakeFiles/dev_hid_composite.dir/Users/nikhilnayak/Downloads/pico/pico-sdk/src/common/pico_sync/critical_section.c.obj
                0x1000103c                critical_section_init
 .text.time_reached
                0x10001050       0x28 CMakeFiles/dev_hid_composite.dir/Users/nikhilnayak/Downloads/pico/pico-sdk/src/common/pico_time/time.c.obj
 .text.get_entry
                0x10001078       0x38 CMakeFiles/dev_hid_composite.dir/Users/nikhilnayak/Downloads/pico/pico-sdk/src/common/pico_time/time.c.obj
 .text.timer_pool_entry_comparator
                0x100010b0       0x2e CMakeFiles/dev_hid_composite.dir/Users/nikhilnayak/Downloads/pico/pico-sdk/src/common/pico_time/time.c.obj
                0x100010b0                timer_pool_entry_comparator
 *fill*         0x100010de        0x2 
 .text.update_us_since_boot
                0x100010e0       0x24 CMakeFiles/dev_hid_composite.dir/Users/nikhilnayak/Downloads/pico/pico-sdk/src/common/pico_time/time.c.obj
 .text.delayed_by_us
                0x10001104       0x34 CMakeFiles/dev_hid_composite.dir/Users/nikhilnayak/Downloads/pico/pico-sdk/src/common/pico_time/time.c.obj
 .text.ph_get_node
                0x10001138       0x30 CMakeFiles/dev_hid_composite.dir/Users/nikhilnayak/Downloads/pico/pico-sdk/src/common/pico_time/time.c.obj
 .text.ph_contains_node
                0x10001168       0x1e CMakeFiles/dev_hid_composite.dir/Users/nikhilnayak/Downloads/pico/pico-sdk/src/common/pico_time/time.c.obj
 .text.ph_new_node
                0x10001186       0x28 CMakeFiles/dev_hid_composite.dir/Users/nikhilnayak/Downloads/pico/pico-sdk/src/common/pico_time/time.c.obj
 *fill*         0x100011ae        0x2 
 .text.ph_add_child_node
                0x100011b0       0x6c CMakeFiles/dev_hid_composite.dir/Users/nikhilnayak/Downloads/pico/pico-sdk/src/common/pico_time/time.c.obj
 .text.ph_merge_nodes
                0x1000121c       0x3e CMakeFiles/dev_hid_composite.dir/Users/nikhilnayak/Downloads/pico/pico-sdk/src/common/pico_time/time.c.obj
 *fill*         0x1000125a        0x2 
 .text.ph_insert_node
                0x1000125c       0x3c CMakeFiles/dev_hid_composite.dir/Users/nikhilnayak/Downloads/pico/pico-sdk/src/common/pico_time/time.c.obj
 .text.ph_free_node
                0x10001298       0x5c CMakeFiles/dev_hid_composite.dir/Users/nikhilnayak/Downloads/pico/pico-sdk/src/common/pico_time/time.c.obj
 .text.get_entry_id_high
                0x100012f4       0x30 CMakeFiles/dev_hid_composite.dir/Users/nikhilnayak/Downloads/pico/pico-sdk/src/common/pico_time/time.c.obj
 .text.alarm_pool_post_alloc_init
                0x10001324       0x40 CMakeFiles/dev_hid_composite.dir/Users/nikhilnayak/Downloads/pico/pico-sdk/src/common/pico_time/time.c.obj
 .text.sleep_until_callback
                0x10001364       0x30 CMakeFiles/dev_hid_composite.dir/Users/nikhilnayak/Downloads/pico/pico-sdk/src/common/pico_time/time.c.obj
 .text.get_absolute_time
                0x10001394       0x22 CMakeFiles/dev_hid_composite.dir/Users/nikhilnayak/Downloads/pico/pico-sdk/src/common/pico_time/time.c.obj
 *fill*         0x100013b6        0x2 
 .text.add_alarm_under_lock
                0x100013b8       0x94 CMakeFiles/dev_hid_composite.dir/Users/nikhilnayak/Downloads/pico/pico-sdk/src/common/pico_time/time.c.obj
 .text.alarm_pool_alarm_callback
                0x1000144c      0x210 CMakeFiles/dev_hid_composite.dir/Users/nikhilnayak/Downloads/pico/pico-sdk/src/common/pico_time/time.c.obj
 .text.alarm_pool_init_default
                0x1000165c       0x40 CMakeFiles/dev_hid_composite.dir/Users/nikhilnayak/Downloads/pico/pico-sdk/src/common/pico_time/time.c.obj
                0x1000165c                alarm_pool_init_default
 .text.alarm_pool_get_default
                0x1000169c       0x2c CMakeFiles/dev_hid_composite.dir/Users/nikhilnayak/Downloads/pico/pico-sdk/src/common/pico_time/time.c.obj
                0x1000169c                alarm_pool_get_default
 .text.alarm_pool_add_alarm_at
                0x100016c8      0x10e CMakeFiles/dev_hid_composite.dir/Users/nikhilnayak/Downloads/pico/pico-sdk/src/common/pico_time/time.c.obj
                0x100016c8                alarm_pool_add_alarm_at
 .text.add_alarm_at
                0x100017d6       0x2e CMakeFiles/dev_hid_composite.dir/Users/nikhilnayak/Downloads/pico/pico-sdk/src/common/pico_time/time.c.obj
 .text.alarm_pool_cancel_alarm
                0x10001804       0xa8 CMakeFiles/dev_hid_composite.dir/Users/nikhilnayak/Downloads/pico/pico-sdk/src/common/pico_time/time.c.obj
                0x10001804                alarm_pool_cancel_alarm
 .text.cancel_alarm
                0x100018ac       0x10 CMakeFiles/dev_hid_composite.dir/Users/nikhilnayak/Downloads/pico/pico-sdk/src/common/pico_time/time.c.obj
 .text.best_effort_wfe_or_timeout
                0x100018bc       0x44 CMakeFiles/dev_hid_composite.dir/Users/nikhilnayak/Downloads/pico/pico-sdk/src/common/pico_time/time.c.obj
                0x100018bc                best_effort_wfe_or_timeout
 .text.update_us_since_boot
                0x10001900       0x24 CMakeFiles/dev_hid_composite.dir/Users/nikhilnayak/Downloads/pico/pico-sdk/src/rp2_common/hardware_timer/timer.c.obj
 .text.hardware_alarm_irq_handler
                0x10001924       0x8c CMakeFiles/dev_hid_composite.dir/Users/nikhilnayak/Downloads/pico/pico-sdk/src/rp2_common/hardware_timer/timer.c.obj
 .text.hardware_alarm_claim
                0x100019b0       0x18 CMakeFiles/dev_hid_composite.dir/Users/nikhilnayak/Downloads/pico/pico-sdk/src/rp2_common/hardware_timer/timer.c.obj
                0x100019b0                hardware_alarm_claim
 .text.time_us_64
                0x100019c8       0x18 CMakeFiles/dev_hid_composite.dir/Users/nikhilnayak/Downloads/pico/pico-sdk/src/rp2_common/hardware_timer/timer.c.obj
                0x100019c8                time_us_64
 .text.busy_wait_until
                0x100019e0       0x28 CMakeFiles/dev_hid_composite.dir/Users/nikhilnayak/Downloads/pico/pico-sdk/src/rp2_common/hardware_timer/timer.c.obj
                0x100019e0                busy_wait_until
 .text.busy_wait_us
                0x10001a08       0x3a CMakeFiles/dev_hid_composite.dir/Users/nikhilnayak/Downloads/pico/pico-sdk/src/rp2_common/hardware_timer/timer.c.obj
                0x10001a08                busy_wait_us
 *fill*         0x10001a42        0x2 
 .text.hardware_alarm_set_callback
                0x10001a44       0x90 CMakeFiles/dev_hid_composite.dir/Users/nikhilnayak/Downloads/pico/pico-sdk/src/rp2_common/hardware_timer/timer.c.obj
                0x10001a44                hardware_alarm_set_callback
 .text.hardware_alarm_set_target
                0x10001ad4       0xe8 CMakeFiles/dev_hid_composite.dir/Users/nikhilnayak/Downloads/pico/pico-sdk/src/rp2_common/hardware_timer/timer.c.obj
                0x10001ad4                hardware_alarm_set_target
 .text.hardware_alarm_cancel
                0x10001bbc       0x40 CMakeFiles/dev_hid_composite.dir/Users/nikhilnayak/Downloads/pico/pico-sdk/src/rp2_common/hardware_timer/timer.c.obj
                0x10001bbc                hardware_alarm_cancel
 .text.ph_get_node
                0x10001bfc       0x30 CMakeFiles/dev_hid_composite.dir/Users/nikhilnayak/Downloads/pico/pico-sdk/src/common/pico_util/pheap.c.obj
 .text.ph_add_child_node
                0x10001c2c       0x6c CMakeFiles/dev_hid_composite.dir/Users/nikhilnayak/Downloads/pico/pico-sdk/src/common/pico_util/pheap.c.obj
 .text.ph_merge_nodes
                0x10001c98       0x3e CMakeFiles/dev_hid_composite.dir/Users/nikhilnayak/Downloads/pico/pico-sdk/src/common/pico_util/pheap.c.obj
 .text.ph_clear
                0x10001cd6       0x34 CMakeFiles/dev_hid_composite.dir/Users/nikhilnayak/Downloads/pico/pico-sdk/src/common/pico_util/pheap.c.obj
                0x10001cd6                ph_clear
 .text.ph_post_alloc_init
                0x10001d0a        0xe CMakeFiles/dev_hid_composite.dir/Users/nikhilnayak/Downloads/pico/pico-sdk/src/common/pico_util/pheap.c.obj
                0x10001d0a                ph_post_alloc_init
 .text.ph_merge_two_pass
                0x10001d18       0x5c CMakeFiles/dev_hid_composite.dir/Users/nikhilnayak/Downloads/pico/pico-sdk/src/common/pico_util/pheap.c.obj
                0x10001d18                ph_merge_two_pass
 .text.ph_remove_any_head
                0x10001d74       0xc0 CMakeFiles/dev_hid_composite.dir/Users/nikhilnayak/Downloads/pico/pico-sdk/src/common/pico_util/pheap.c.obj
 .text.ph_remove_head
                0x10001e34       0x14 CMakeFiles/dev_hid_composite.dir/Users/nikhilnayak/Downloads/pico/pico-sdk/src/common/pico_util/pheap.c.obj
                0x10001e34                ph_remove_head
 .text.ph_remove_and_free_node
                0x10001e48       0xa0 CMakeFiles/dev_hid_composite.dir/Users/nikhilnayak/Downloads/pico/pico-sdk/src/common/pico_util/pheap.c.obj
                0x10001e48                ph_remove_and_free_node
 .text.uart_disable_before_lcr_write
                0x10001ee8       0x48 CMakeFiles/dev_hid_composite.dir/Users/nikhilnayak/Downloads/pico/pico-sdk/src/rp2_common/hardware_uart/uart.c.obj
 .text.uart_write_lcr_bits_masked
                0x10001f30       0x22 CMakeFiles/dev_hid_composite.dir/Users/nikhilnayak/Downloads/pico/pico-sdk/src/rp2_common/hardware_uart/uart.c.obj
 *fill*         0x10001f52        0x2 
 .text.uart_set_baudrate
                0x10001f54       0x5c CMakeFiles/dev_hid_composite.dir/Users/nikhilnayak/Downloads/pico/pico-sdk/src/rp2_common/hardware_uart/uart.c.obj
                0x10001f54                uart_set_baudrate
 .text.uart_set_format
                0x10001fb0       0x2c CMakeFiles/dev_hid_composite.dir/Users/nikhilnayak/Downloads/pico/pico-sdk/src/rp2_common/hardware_uart/uart.c.obj
                0x10001fb0                uart_set_format
 .text.uart_set_translate_crlf
                0x10001fdc       0x28 CMakeFiles/dev_hid_composite.dir/Users/nikhilnayak/Downloads/pico/pico-sdk/src/rp2_common/hardware_uart/uart.c.obj
                0x10001fdc                uart_set_translate_crlf
 .text.uart_init
                0x10002004       0x80 CMakeFiles/dev_hid_composite.dir/Users/nikhilnayak/Downloads/pico/pico-sdk/src/rp2_common/hardware_uart/uart.c.obj
                0x10002004                uart_init
 .text.clock_configure
                0x10002084      0x108 CMakeFiles/dev_hid_composite.dir/Users/nikhilnayak/Downloads/pico/pico-sdk/src/rp2_common/hardware_clocks/clocks.c.obj
                0x10002084                clock_configure
 .text.clocks_init
                0x1000218c      0x100 CMakeFiles/dev_hid_composite.dir/Users/nikhilnayak/Downloads/pico/pico-sdk/src/rp2_common/hardware_clocks/clocks.c.obj
                0x1000218c                clocks_init
 .text.clock_get_hz
                0x1000228c        0xc CMakeFiles/dev_hid_composite.dir/Users/nikhilnayak/Downloads/pico/pico-sdk/src/rp2_common/hardware_clocks/clocks.c.obj
                0x1000228c                clock_get_hz
 .text.pll_init
                0x10002298      0x120 CMakeFiles/dev_hid_composite.dir/Users/nikhilnayak/Downloads/pico/pico-sdk/src/rp2_common/hardware_pll/pll.c.obj
                0x10002298                pll_init
 .text.watchdog_start_tick
                0x100023b8       0x10 CMakeFiles/dev_hid_composite.dir/Users/nikhilnayak/Downloads/pico/pico-sdk/src/rp2_common/hardware_watchdog/watchdog.c.obj
                0x100023b8                watchdog_start_tick
 .text.xosc_init
                0x100023c8       0x28 CMakeFiles/dev_hid_composite.dir/Users/nikhilnayak/Downloads/pico/pico-sdk/src/rp2_common/hardware_xosc/xosc.c.obj
                0x100023c8                xosc_init
 .text._exit    0x100023f0        0x4 CMakeFiles/dev_hid_composite.dir/Users/nikhilnayak/Downloads/pico/pico-sdk/src/rp2_common/pico_runtime/runtime.c.obj
                0x100023f0                _exit
 .text.exit     0x100023f4        0x6 CMakeFiles/dev_hid_composite.dir/Users/nikhilnayak/Downloads/pico/pico-sdk/src/rp2_common/pico_runtime/runtime.c.obj
                0x100023f4                exit
 *fill*         0x100023fa        0x2 
 .text.__assert_func
                0x100023fc       0x38 CMakeFiles/dev_hid_composite.dir/Users/nikhilnayak/Downloads/pico/pico-sdk/src/rp2_common/pico_runtime/runtime.c.obj
                0x100023fc                __assert_func
 .text.runtime_init
                0x10002434       0xf8 CMakeFiles/dev_hid_composite.dir/Users/nikhilnayak/Downloads/pico/pico-sdk/src/rp2_common/pico_runtime/runtime.c.obj
                0x10002434                runtime_init
 .text.panic    0x1000252c       0x30 CMakeFiles/dev_hid_composite.dir/Users/nikhilnayak/Downloads/pico/pico-sdk/src/rp2_common/pico_runtime/runtime.c.obj
                0x1000252c                panic
 .text._out_null
                0x1000255c        0x2 CMakeFiles/dev_hid_composite.dir/Users/nikhilnayak/Downloads/pico/pico-sdk/src/rp2_common/pico_printf/printf.c.obj
 .text._out_fct
                0x1000255e        0xe CMakeFiles/dev_hid_composite.dir/Users/nikhilnayak/Downloads/pico/pico-sdk/src/rp2_common/pico_printf/printf.c.obj
 .text._atoi    0x1000256c       0x24 CMakeFiles/dev_hid_composite.dir/Users/nikhilnayak/Downloads/pico/pico-sdk/src/rp2_common/pico_printf/printf.c.obj
 .text._out_rev
                0x10002590       0xae CMakeFiles/dev_hid_composite.dir/Users/nikhilnayak/Downloads/pico/pico-sdk/src/rp2_common/pico_printf/printf.c.obj
 .text._ntoa_format
                0x1000263e      0x110 CMakeFiles/dev_hid_composite.dir/Users/nikhilnayak/Downloads/pico/pico-sdk/src/rp2_common/pico_printf/printf.c.obj
 .text._ntoa_long
                0x1000274e       0xbc CMakeFiles/dev_hid_composite.dir/Users/nikhilnayak/Downloads/pico/pico-sdk/src/rp2_common/pico_printf/printf.c.obj
 .text._ntoa_long_long
                0x1000280a      0x10e CMakeFiles/dev_hid_composite.dir/Users/nikhilnayak/Downloads/pico/pico-sdk/src/rp2_common/pico_printf/printf.c.obj
 .text._etoa    0x10002918      0x420 CMakeFiles/dev_hid_composite.dir/Users/nikhilnayak/Downloads/pico/pico-sdk/src/rp2_common/pico_printf/printf.c.obj
 .text._ftoa    0x10002d38      0x354 CMakeFiles/dev_hid_composite.dir/Users/nikhilnayak/Downloads/pico/pico-sdk/src/rp2_common/pico_printf/printf.c.obj
 .text._vsnprintf
                0x1000308c      0x668 CMakeFiles/dev_hid_composite.dir/Users/nikhilnayak/Downloads/pico/pico-sdk/src/rp2_common/pico_printf/printf.c.obj
 .text.vfctprintf
                0x100036f4       0x20 CMakeFiles/dev_hid_composite.dir/Users/nikhilnayak/Downloads/pico/pico-sdk/src/rp2_common/pico_printf/printf.c.obj
                0x100036f4                vfctprintf
 .text          0x10003714       0x10 CMakeFiles/dev_hid_composite.dir/Users/nikhilnayak/Downloads/pico/pico-sdk/src/rp2_common/pico_bit_ops/bit_ops_aeabi.S.obj
 .text.rom_func_lookup
                0x10003724       0x10 CMakeFiles/dev_hid_composite.dir/Users/nikhilnayak/Downloads/pico/pico-sdk/src/rp2_common/pico_bootrom/bootrom.c.obj
                0x10003724                rom_func_lookup
 .text.rom_data_lookup
                0x10003734       0x10 CMakeFiles/dev_hid_composite.dir/Users/nikhilnayak/Downloads/pico/pico-sdk/src/rp2_common/pico_bootrom/bootrom.c.obj
                0x10003734                rom_data_lookup
 .text.rom_funcs_lookup
                0x10003744       0x36 CMakeFiles/dev_hid_composite.dir/Users/nikhilnayak/Downloads/pico/pico-sdk/src/rp2_common/pico_bootrom/bootrom.c.obj
                0x10003744                rom_funcs_lookup
 *fill*         0x1000377a        0x2 
 .text.__wrap___aeabi_idiv
                0x1000377c       0x50 CMakeFiles/dev_hid_composite.dir/Users/nikhilnayak/Downloads/pico/pico-sdk/src/rp2_common/pico_divider/divider.S.obj
                0x1000377c                __wrap___aeabi_idivmod
                0x1000377c                divmod_s32s32
                0x1000377c                div_s32s32
                0x1000377c                __wrap___aeabi_idiv
                0x10003784                divmod_s32s32_unsafe
                0x100037b0                divmod_s32s32_savestate
 .text.__wrap___aeabi_uidiv
                0x100037cc       0x4c CMakeFiles/dev_hid_composite.dir/Users/nikhilnayak/Downloads/pico/pico-sdk/src/rp2_common/pico_divider/divider.S.obj
                0x100037cc                __wrap___aeabi_uidiv
                0x100037cc                __wrap___aeabi_uidivmod
                0x100037cc                div_u32u32
                0x100037cc                divmod_u32u32
                0x100037d4                divmod_u32u32_unsafe
                0x100037fc                divmod_u32u32_savestate
 .text.__wrap___aeabi_ldiv
                0x10003818      0x424 CMakeFiles/dev_hid_composite.dir/Users/nikhilnayak/Downloads/pico/pico-sdk/src/rp2_common/pico_divider/divider.S.obj
                0x10003818                __wrap___aeabi_ldivmod
                0x10003818                div_s64s64
                0x10003818                divmod_s64s64
                0x10003848                divmod_u64u64
                0x10003848                div_u64u64
                0x10003848                __wrap___aeabi_uldivmod
                0x10003858                divmod_u64u64_savestate
                0x10003878                divmod_s64s64_unsafe
                0x10003900                divmod_u64u64_unsafe
 .text.__wrap___aeabi_darithmetic
                0x10003c3c       0x80 CMakeFiles/dev_hid_composite.dir/Users/nikhilnayak/Downloads/pico/pico-sdk/src/rp2_common/pico_double/double_aeabi.S.obj
                0x10003c3c                __wrap___aeabi_drsub
                0x10003c42                __wrap___aeabi_dsub
                0x10003c54                __wrap___aeabi_dadd
                0x10003c66                __wrap___aeabi_ddiv
                0x10003ca2                __wrap___aeabi_dmul
 .text.__wrap___aeabi_cdcmple
                0x10003cbc       0x6c CMakeFiles/dev_hid_composite.dir/Users/nikhilnayak/Downloads/pico/pico-sdk/src/rp2_common/pico_double/double_aeabi.S.obj
                0x10003cbc                __wrap___aeabi_cdrcmple
                0x10003ccc                __wrap___aeabi_cdcmple
                0x10003ccc                __wrap___aeabi_cdcmpeq
 .text.__wrap___aeabi_dcmplt
                0x10003d28        0xc CMakeFiles/dev_hid_composite.dir/Users/nikhilnayak/Downloads/pico/pico-sdk/src/rp2_common/pico_double/double_aeabi.S.obj
                0x10003d28                __wrap___aeabi_dcmplt
 .text.__wrap___aeabi_dcmple
                0x10003d34       0x10 CMakeFiles/dev_hid_composite.dir/Users/nikhilnayak/Downloads/pico/pico-sdk/src/rp2_common/pico_double/double_aeabi.S.obj
                0x10003d34                __wrap___aeabi_dcmple
 .text.__wrap___aeabi_dcmpge
                0x10003d44       0x10 CMakeFiles/dev_hid_composite.dir/Users/nikhilnayak/Downloads/pico/pico-sdk/src/rp2_common/pico_double/double_aeabi.S.obj
                0x10003d44                __wrap___aeabi_dcmpge
 .text.__wrap___aeabi_dcmpgt
                0x10003d54        0xa CMakeFiles/dev_hid_composite.dir/Users/nikhilnayak/Downloads/pico/pico-sdk/src/rp2_common/pico_double/double_aeabi.S.obj
                0x10003d54                __wrap___aeabi_dcmpgt
 .text.__wrap___aeabi_dcmpun
                0x10003d5e       0x1c CMakeFiles/dev_hid_composite.dir/Users/nikhilnayak/Downloads/pico/pico-sdk/src/rp2_common/pico_double/double_aeabi.S.obj
                0x10003d5e                __wrap___aeabi_dcmpun
 *fill*         0x10003d7a        0x2 
 .text.__wrap___aeabi_i2d
                0x10003d7c       0x38 CMakeFiles/dev_hid_composite.dir/Users/nikhilnayak/Downloads/pico/pico-sdk/src/rp2_common/pico_double/double_aeabi.S.obj
                0x10003d7c                __wrap___aeabi_ui2d
                0x10003d84                __wrap___aeabi_i2d
 .text.__wrap___aeabi_d2iz
                0x10003db4       0x48 CMakeFiles/dev_hid_composite.dir/Users/nikhilnayak/Downloads/pico/pico-sdk/src/rp2_common/pico_double/double_aeabi.S.obj
                0x10003db4                __wrap___aeabi_d2iz
                0x10003db4                double2int_z
 .text.__wrap___aeabi_d2uiz
                0x10003dfc       0x18 CMakeFiles/dev_hid_composite.dir/Users/nikhilnayak/Downloads/pico/pico-sdk/src/rp2_common/pico_double/double_aeabi.S.obj
                0x10003dfc                double2uint
                0x10003dfc                __wrap___aeabi_d2uiz
 .text.__wrap___aeabi_d2f
                0x10003e14       0x18 CMakeFiles/dev_hid_composite.dir/Users/nikhilnayak/Downloads/pico/pico-sdk/src/rp2_common/pico_double/double_aeabi.S.obj
                0x10003e14                __wrap___aeabi_d2f
 .text.__aeabi_double_init
                0x10003e2c       0xcc CMakeFiles/dev_hid_composite.dir/Users/nikhilnayak/Downloads/pico/pico-sdk/src/rp2_common/pico_double/double_init_rom.c.obj
                0x10003e2c                __aeabi_double_init
 .text.double_table_shim_on_use_helper
                0x10003ef8       0x34 CMakeFiles/dev_hid_composite.dir/Users/nikhilnayak/Downloads/pico/pico-sdk/src/rp2_common/pico_double/double_v1_rom_shim.S.obj
                0x10003ef8                double_table_shim_on_use_helper
 .text.__wrap___aeabi_dsub
                0x10003f2c       0x10 CMakeFiles/dev_hid_composite.dir/Users/nikhilnayak/Downloads/pico/pico-sdk/src/rp2_common/pico_double/double_v1_rom_shim.S.obj
                0x10003f2c                drsub_shim
                0x10003f32                dsub_shim
 .text.dadd_shim
                0x10003f3c      0x15c CMakeFiles/dev_hid_composite.dir/Users/nikhilnayak/Downloads/pico/pico-sdk/src/rp2_common/pico_double/double_v1_rom_shim.S.obj
                0x10003f3c                dadd_shim
 .text.dmul_shim
                0x10004098      0x15c CMakeFiles/dev_hid_composite.dir/Users/nikhilnayak/Downloads/pico/pico-sdk/src/rp2_common/pico_double/double_v1_rom_shim.S.obj
                0x10004098                dmul_shim
 .text.ddiv_shim
                0x100041f4      0x1b0 CMakeFiles/dev_hid_composite.dir/Users/nikhilnayak/Downloads/pico/pico-sdk/src/rp2_common/pico_double/double_v1_rom_shim.S.obj
                0x100041f4                ddiv_shim
 .text.double2uint_shim
                0x100043a4        0xe CMakeFiles/dev_hid_composite.dir/Users/nikhilnayak/Downloads/pico/pico-sdk/src/rp2_common/pico_double/double_v1_rom_shim.S.obj
                0x100043a4                double2uint_shim
                0x100043a6                double2ufix_shim
 *fill*         0x100043b2        0x2 
 .text.double2uint64_shim
                0x100043b4       0x70 CMakeFiles/dev_hid_composite.dir/Users/nikhilnayak/Downloads/pico/pico-sdk/src/rp2_common/pico_double/double_v1_rom_shim.S.obj
                0x100043b4                double2uint64_shim
                0x100043b6                double2ufix64_shim
                0x100043d6                d2fix_a
 .text.double2float_shim
                0x10004424       0x5c CMakeFiles/dev_hid_composite.dir/Users/nikhilnayak/Downloads/pico/pico-sdk/src/rp2_common/pico_double/double_v1_rom_shim.S.obj
                0x10004424                double2float_shim
 .text.dunpacks
                0x10004480       0x3c CMakeFiles/dev_hid_composite.dir/Users/nikhilnayak/Downloads/pico/pico-sdk/src/rp2_common/pico_double/double_v1_rom_shim.S.obj
                0x10004480                dunpacks
 .text.__aeabi_lmul
                0x100044bc       0x32 CMakeFiles/dev_hid_composite.dir/Users/nikhilnayak/Downloads/pico/pico-sdk/src/rp2_common/pico_int64_ops/pico_int64_ops_aeabi.S.obj
                0x100044bc                __wrap___aeabi_lmul
 *fill*         0x100044ee        0x2 
 .text.__wrap___aeabi_farithmetic
                0x100044f0       0x58 CMakeFiles/dev_hid_composite.dir/Users/nikhilnayak/Downloads/pico/pico-sdk/src/rp2_common/pico_float/float_aeabi.S.obj
                0x100044f0                __wrap___aeabi_frsub
                0x100044f6                __wrap___aeabi_fsub
                0x10004500                __wrap___aeabi_fadd
                0x1000450a                __wrap___aeabi_fdiv
                0x10004536                __wrap___aeabi_fmul
 .text.__wrap___aeabi_f2iz
                0x10004548       0x4e CMakeFiles/dev_hid_composite.dir/Users/nikhilnayak/Downloads/pico/pico-sdk/src/rp2_common/pico_float/float_aeabi.S.obj
                0x10004548                __wrap___aeabi_f2iz
                0x10004548                float2int_z
 *fill*         0x10004596        0x2 
 .text.float2int
                0x10004598       0x14 CMakeFiles/dev_hid_composite.dir/Users/nikhilnayak/Downloads/pico/pico-sdk/src/rp2_common/pico_float/float_aeabi.S.obj
                0x10004598                float2int
 .text.__wrap___aeabi_f2uiz
                0x100045ac       0x10 CMakeFiles/dev_hid_composite.dir/Users/nikhilnayak/Downloads/pico/pico-sdk/src/rp2_common/pico_float/float_aeabi.S.obj
                0x100045ac                __wrap___aeabi_f2uiz
 .text.__aeabi_float_init
                0x100045bc       0xfc CMakeFiles/dev_hid_composite.dir/Users/nikhilnayak/Downloads/pico/pico-sdk/src/rp2_common/pico_float/float_init_rom.c.obj
                0x100045bc                __aeabi_float_init
 .text.float_table_shim_on_use_helper
                0x100046b8       0x34 CMakeFiles/dev_hid_composite.dir/Users/nikhilnayak/Downloads/pico/pico-sdk/src/rp2_common/pico_float/float_v1_rom_shim.S.obj
                0x100046b8                float_table_shim_on_use_helper
 .text.float232_shims
                0x100046ec       0x18 CMakeFiles/dev_hid_composite.dir/Users/nikhilnayak/Downloads/pico/pico-sdk/src/rp2_common/pico_float/float_v1_rom_shim.S.obj
                0x100046ec                float2int_shim
                0x100046ee                float2fix_shim
 .text          0x10004704       0x10 CMakeFiles/dev_hid_composite.dir/Users/nikhilnayak/Downloads/pico/pico-sdk/src/rp2_common/pico_mem_ops/mem_ops_aeabi.S.obj
                0x10004704                __aeabi_mem_init
 .text.memset   0x10004714        0xc CMakeFiles/dev_hid_composite.dir/Users/nikhilnayak/Downloads/pico/pico-sdk/src/rp2_common/pico_mem_ops/mem_ops_aeabi.S.obj
                0x10004714                __wrap_memset
 .text.memcpy   0x10004720        0xc CMakeFiles/dev_hid_composite.dir/Users/nikhilnayak/Downloads/pico/pico-sdk/src/rp2_common/pico_mem_ops/mem_ops_aeabi.S.obj
                0x10004720                __wrap___aeabi_memcpy
                0x10004720                __wrap_memcpy
 .text.stdio_out_chars_no_crlf
                0x1000472c        0xe CMakeFiles/dev_hid_composite.dir/Users/nikhilnayak/Downloads/pico/pico-sdk/src/rp2_common/pico_stdio/stdio.c.obj
 *fill*         0x1000473a        0x2 
 .text.stdio_out_chars_crlf
                0x1000473c       0x80 CMakeFiles/dev_hid_composite.dir/Users/nikhilnayak/Downloads/pico/pico-sdk/src/rp2_common/pico_stdio/stdio.c.obj
 .text.stdio_stack_buffer_flush
                0x100047bc       0x44 CMakeFiles/dev_hid_composite.dir/Users/nikhilnayak/Downloads/pico/pico-sdk/src/rp2_common/pico_stdio/stdio.c.obj
 .text.stdio_buffered_printer
                0x10004800       0x20 CMakeFiles/dev_hid_composite.dir/Users/nikhilnayak/Downloads/pico/pico-sdk/src/rp2_common/pico_stdio/stdio.c.obj
 .text.update_us_since_boot
                0x10004820       0x24 CMakeFiles/dev_hid_composite.dir/Users/nikhilnayak/Downloads/pico/pico-sdk/src/rp2_common/pico_stdio/stdio.c.obj
 .text.get_absolute_time
                0x10004844       0x22 CMakeFiles/dev_hid_composite.dir/Users/nikhilnayak/Downloads/pico/pico-sdk/src/rp2_common/pico_stdio/stdio.c.obj
 *fill*         0x10004866        0x2 
 .text.delayed_by_ms
                0x10004868       0x44 CMakeFiles/dev_hid_composite.dir/Users/nikhilnayak/Downloads/pico/pico-sdk/src/rp2_common/pico_stdio/stdio.c.obj
 .text.make_timeout_time_ms
                0x100048ac       0x20 CMakeFiles/dev_hid_composite.dir/Users/nikhilnayak/Downloads/pico/pico-sdk/src/rp2_common/pico_stdio/stdio.c.obj
 .text.stdout_serialize_begin
                0x100048cc       0x20 CMakeFiles/dev_hid_composite.dir/Users/nikhilnayak/Downloads/pico/pico-sdk/src/rp2_common/pico_stdio/stdio.c.obj
                0x100048cc                stdout_serialize_begin
 .text.stdout_serialize_end
                0x100048ec       0x10 CMakeFiles/dev_hid_composite.dir/Users/nikhilnayak/Downloads/pico/pico-sdk/src/rp2_common/pico_stdio/stdio.c.obj
                0x100048ec                stdout_serialize_end
 .text.stdio_put_string
                0x100048fc       0x98 CMakeFiles/dev_hid_composite.dir/Users/nikhilnayak/Downloads/pico/pico-sdk/src/rp2_common/pico_stdio/stdio.c.obj
 .text.stdio_set_driver_enabled
                0x10004994       0x2c CMakeFiles/dev_hid_composite.dir/Users/nikhilnayak/Downloads/pico/pico-sdk/src/rp2_common/pico_stdio/stdio.c.obj
                0x10004994                stdio_set_driver_enabled
 .text.stdio_flush
                0x100049c0       0x20 CMakeFiles/dev_hid_composite.dir/Users/nikhilnayak/Downloads/pico/pico-sdk/src/rp2_common/pico_stdio/stdio.c.obj
                0x100049c0                stdio_flush
 .text.__wrap_puts
                0x100049e0       0x1e CMakeFiles/dev_hid_composite.dir/Users/nikhilnayak/Downloads/pico/pico-sdk/src/rp2_common/pico_stdio/stdio.c.obj
                0x100049e0                __wrap_puts
 *fill*         0x100049fe        0x2 
 .text.__wrap_vprintf
                0x10004a00       0x40 CMakeFiles/dev_hid_composite.dir/Users/nikhilnayak/Downloads/pico/pico-sdk/src/rp2_common/pico_stdio/stdio.c.obj
                0x10004a00                __wrap_vprintf
 .text.__wrap_printf
                0x10004a40       0x18 CMakeFiles/dev_hid_composite.dir/Users/nikhilnayak/Downloads/pico/pico-sdk/src/rp2_common/pico_stdio/stdio.c.obj
                0x10004a40                __wrap_printf
 .text.stdio_init_all
                0x10004a58        0xa CMakeFiles/dev_hid_composite.dir/Users/nikhilnayak/Downloads/pico/pico-sdk/src/rp2_common/pico_stdio/stdio.c.obj
                0x10004a58                stdio_init_all
 *fill*         0x10004a62        0x2 
 .text.uart_putc
                0x10004a64       0x60 CMakeFiles/dev_hid_composite.dir/Users/nikhilnayak/Downloads/pico/pico-sdk/src/rp2_common/pico_stdio_uart/stdio_uart.c.obj
 .text.uart_getc
                0x10004ac4       0x24 CMakeFiles/dev_hid_composite.dir/Users/nikhilnayak/Downloads/pico/pico-sdk/src/rp2_common/pico_stdio_uart/stdio_uart.c.obj
 .text.stdio_uart_out_chars
                0x10004ae8       0x20 CMakeFiles/dev_hid_composite.dir/Users/nikhilnayak/Downloads/pico/pico-sdk/src/rp2_common/pico_stdio_uart/stdio_uart.c.obj
 .text.stdio_uart_in_chars
                0x10004b08       0x5c CMakeFiles/dev_hid_composite.dir/Users/nikhilnayak/Downloads/pico/pico-sdk/src/rp2_common/pico_stdio_uart/stdio_uart.c.obj
                0x10004b08                stdio_uart_in_chars
 .text.on_uart_rx
                0x10004b64       0x28 CMakeFiles/dev_hid_composite.dir/Users/nikhilnayak/Downloads/pico/pico-sdk/src/rp2_common/pico_stdio_uart/stdio_uart.c.obj
 .text.stdio_uart_set_chars_available_callback
                0x10004b8c       0x8c CMakeFiles/dev_hid_composite.dir/Users/nikhilnayak/Downloads/pico/pico-sdk/src/rp2_common/pico_stdio_uart/stdio_uart.c.obj
 .text.stdio_uart_init_full
                0x10004c18       0x44 CMakeFiles/dev_hid_composite.dir/Users/nikhilnayak/Downloads/pico/pico-sdk/src/rp2_common/pico_stdio_uart/stdio_uart.c.obj
                0x10004c18                stdio_uart_init_full
 .text.stdio_uart_init
                0x10004c5c       0x28 CMakeFiles/dev_hid_composite.dir/Users/nikhilnayak/Downloads/pico/pico-sdk/src/rp2_common/pico_stdio_uart/stdio_uart.c.obj
                0x10004c5c                stdio_uart_init
 .text._retrieve_unique_id_on_boot
                0x10004c84       0x10 CMakeFiles/dev_hid_composite.dir/Users/nikhilnayak/Downloads/pico/pico-sdk/src/rp2_common/pico_unique_id/unique_id.c.obj
 .text.pico_get_unique_board_id_string
                0x10004c94       0x5c CMakeFiles/dev_hid_composite.dir/Users/nikhilnayak/Downloads/pico/pico-sdk/src/rp2_common/pico_unique_id/unique_id.c.obj
                0x10004c94                pico_get_unique_board_id_string
 .text.flash_get_unique_id
                0x10004cf0       0x40 CMakeFiles/dev_hid_composite.dir/Users/nikhilnayak/Downloads/pico/pico-sdk/src/rp2_common/hardware_flash/flash.c.obj
                0x10004cf0                flash_get_unique_id
 .text.hw_endpoint_get_by_addr
                0x10004d30       0x18 CMakeFiles/dev_hid_composite.dir/Users/nikhilnayak/Downloads/pico/pico-sdk/lib/tinyusb/src/portable/raspberrypi/rp2040/dcd_rp2040.c.obj
 .text._hw_endpoint_alloc
                0x10004d48       0x70 CMakeFiles/dev_hid_composite.dir/Users/nikhilnayak/Downloads/pico/pico-sdk/lib/tinyusb/src/portable/raspberrypi/rp2040/dcd_rp2040.c.obj
 .text.hw_endpoint_init
                0x10004db8       0x88 CMakeFiles/dev_hid_composite.dir/Users/nikhilnayak/Downloads/pico/pico-sdk/lib/tinyusb/src/portable/raspberrypi/rp2040/dcd_rp2040.c.obj
 .text.dcd_event_sof
                0x10004e40       0x2c CMakeFiles/dev_hid_composite.dir/Users/nikhilnayak/Downloads/pico/pico-sdk/lib/tinyusb/src/portable/raspberrypi/rp2040/dcd_rp2040.c.obj
 .text.hw_endpoint_xfer
                0x10004e6c       0x14 CMakeFiles/dev_hid_composite.dir/Users/nikhilnayak/Downloads/pico/pico-sdk/lib/tinyusb/src/portable/raspberrypi/rp2040/dcd_rp2040.c.obj
 .text.dcd_int_enable
                0x10004e80       0x2c CMakeFiles/dev_hid_composite.dir/Users/nikhilnayak/Downloads/pico/pico-sdk/lib/tinyusb/src/portable/raspberrypi/rp2040/dcd_rp2040.c.obj
                0x10004e80                dcd_int_enable
 .text.dcd_set_address
                0x10004eac       0x2c CMakeFiles/dev_hid_composite.dir/Users/nikhilnayak/Downloads/pico/pico-sdk/lib/tinyusb/src/portable/raspberrypi/rp2040/dcd_rp2040.c.obj
                0x10004eac                dcd_set_address
 .text.dcd_remote_wakeup
                0x10004ed8       0x38 CMakeFiles/dev_hid_composite.dir/Users/nikhilnayak/Downloads/pico/pico-sdk/lib/tinyusb/src/portable/raspberrypi/rp2040/dcd_rp2040.c.obj
                0x10004ed8                dcd_remote_wakeup
 .text.dcd_connect
                0x10004f10       0x10 CMakeFiles/dev_hid_composite.dir/Users/nikhilnayak/Downloads/pico/pico-sdk/lib/tinyusb/src/portable/raspberrypi/rp2040/dcd_rp2040.c.obj
                0x10004f10                dcd_connect
 .text.dcd_init
                0x10004f20       0x80 CMakeFiles/dev_hid_composite.dir/Users/nikhilnayak/Downloads/pico/pico-sdk/lib/tinyusb/src/portable/raspberrypi/rp2040/dcd_rp2040.c.obj
                0x10004f20                dcd_init
 .text.dcd_edpt0_status_complete
                0x10004fa0       0x1c CMakeFiles/dev_hid_composite.dir/Users/nikhilnayak/Downloads/pico/pico-sdk/lib/tinyusb/src/portable/raspberrypi/rp2040/dcd_rp2040.c.obj
                0x10004fa0                dcd_edpt0_status_complete
 .text.dcd_edpt_open
                0x10004fbc       0x40 CMakeFiles/dev_hid_composite.dir/Users/nikhilnayak/Downloads/pico/pico-sdk/lib/tinyusb/src/portable/raspberrypi/rp2040/dcd_rp2040.c.obj
                0x10004fbc                dcd_edpt_open
 .text.dcd_edpt_close_all
                0x10004ffc        0x8 CMakeFiles/dev_hid_composite.dir/Users/nikhilnayak/Downloads/pico/pico-sdk/lib/tinyusb/src/portable/raspberrypi/rp2040/dcd_rp2040.c.obj
                0x10004ffc                dcd_edpt_close_all
 .text.dcd_edpt_xfer
                0x10005004       0x34 CMakeFiles/dev_hid_composite.dir/Users/nikhilnayak/Downloads/pico/pico-sdk/lib/tinyusb/src/portable/raspberrypi/rp2040/dcd_rp2040.c.obj
                0x10005004                dcd_edpt_xfer
 .text.dcd_edpt_stall
                0x10005038       0x2c CMakeFiles/dev_hid_composite.dir/Users/nikhilnayak/Downloads/pico/pico-sdk/lib/tinyusb/src/portable/raspberrypi/rp2040/dcd_rp2040.c.obj
                0x10005038                dcd_edpt_stall
 .text.dcd_edpt_clear_stall
                0x10005064       0x20 CMakeFiles/dev_hid_composite.dir/Users/nikhilnayak/Downloads/pico/pico-sdk/lib/tinyusb/src/portable/raspberrypi/rp2040/dcd_rp2040.c.obj
                0x10005064                dcd_edpt_clear_stall
 .text.rp2040_usb_init
                0x10005084       0x4c CMakeFiles/dev_hid_composite.dir/Users/nikhilnayak/Downloads/pico/pico-sdk/lib/tinyusb/src/portable/raspberrypi/rp2040/rp2040_usb.c.obj
                0x10005084                rp2040_usb_init
 .text.hw_endpoint_xfer_start
                0x100050d0       0x50 CMakeFiles/dev_hid_composite.dir/Users/nikhilnayak/Downloads/pico/pico-sdk/lib/tinyusb/src/portable/raspberrypi/rp2040/rp2040_usb.c.obj
                0x100050d0                hw_endpoint_xfer_start
 .text.configuration_reset
                0x10005120       0x84 CMakeFiles/dev_hid_composite.dir/Users/nikhilnayak/Downloads/pico/pico-sdk/lib/tinyusb/src/device/usbd.c.obj
 .text.critical_section_enter_blocking
                0x100051a4       0x16 CMakeFiles/dev_hid_composite.dir/Users/nikhilnayak/Downloads/pico/pico-sdk/lib/tinyusb/src/device/usbd.c.obj
 .text.usbd_reset
                0x100051ba        0xc CMakeFiles/dev_hid_composite.dir/Users/nikhilnayak/Downloads/pico/pico-sdk/lib/tinyusb/src/device/usbd.c.obj
 .text.invoke_class_control
                0x100051c6       0x1a CMakeFiles/dev_hid_composite.dir/Users/nikhilnayak/Downloads/pico/pico-sdk/lib/tinyusb/src/device/usbd.c.obj
 .text.process_set_config
                0x100051e0      0x15c CMakeFiles/dev_hid_composite.dir/Users/nikhilnayak/Downloads/pico/pico-sdk/lib/tinyusb/src/device/usbd.c.obj
 .text.process_get_descriptor
                0x1000533c       0xdc CMakeFiles/dev_hid_composite.dir/Users/nikhilnayak/Downloads/pico/pico-sdk/lib/tinyusb/src/device/usbd.c.obj
 .text.tud_mounted
                0x10005418       0x10 CMakeFiles/dev_hid_composite.dir/Users/nikhilnayak/Downloads/pico/pico-sdk/lib/tinyusb/src/device/usbd.c.obj
                0x10005418                tud_mounted
 .text.tud_suspended
                0x10005428       0x10 CMakeFiles/dev_hid_composite.dir/Users/nikhilnayak/Downloads/pico/pico-sdk/lib/tinyusb/src/device/usbd.c.obj
                0x10005428                tud_suspended
 .text.tud_remote_wakeup
                0x10005438       0x34 CMakeFiles/dev_hid_composite.dir/Users/nikhilnayak/Downloads/pico/pico-sdk/lib/tinyusb/src/device/usbd.c.obj
                0x10005438                tud_remote_wakeup
 .text.tud_inited
                0x1000546c       0x14 CMakeFiles/dev_hid_composite.dir/Users/nikhilnayak/Downloads/pico/pico-sdk/lib/tinyusb/src/device/usbd.c.obj
                0x1000546c                tud_inited
 .text.tud_init
                0x10005480       0xcc CMakeFiles/dev_hid_composite.dir/Users/nikhilnayak/Downloads/pico/pico-sdk/lib/tinyusb/src/device/usbd.c.obj
                0x10005480                tud_init
 .text.usbd_edpt_open
                0x1000554c       0x34 CMakeFiles/dev_hid_composite.dir/Users/nikhilnayak/Downloads/pico/pico-sdk/lib/tinyusb/src/device/usbd.c.obj
                0x1000554c                usbd_edpt_open
 .text.usbd_open_edpt_pair
                0x10005580       0x62 CMakeFiles/dev_hid_composite.dir/Users/nikhilnayak/Downloads/pico/pico-sdk/lib/tinyusb/src/device/usbd.c.obj
                0x10005580                usbd_open_edpt_pair
 *fill*         0x100055e2        0x2 
 .text.usbd_edpt_claim
                0x100055e4       0x28 CMakeFiles/dev_hid_composite.dir/Users/nikhilnayak/Downloads/pico/pico-sdk/lib/tinyusb/src/device/usbd.c.obj
                0x100055e4                usbd_edpt_claim
 .text.usbd_edpt_xfer
                0x1000560c       0x78 CMakeFiles/dev_hid_composite.dir/Users/nikhilnayak/Downloads/pico/pico-sdk/lib/tinyusb/src/device/usbd.c.obj
                0x1000560c                usbd_edpt_xfer
 .text.usbd_edpt_busy
                0x10005684       0x1c CMakeFiles/dev_hid_composite.dir/Users/nikhilnayak/Downloads/pico/pico-sdk/lib/tinyusb/src/device/usbd.c.obj
                0x10005684                usbd_edpt_busy
 .text.usbd_edpt_stall
                0x100056a0       0x48 CMakeFiles/dev_hid_composite.dir/Users/nikhilnayak/Downloads/pico/pico-sdk/lib/tinyusb/src/device/usbd.c.obj
                0x100056a0                usbd_edpt_stall
 .text.usbd_edpt_clear_stall
                0x100056e8       0x48 CMakeFiles/dev_hid_composite.dir/Users/nikhilnayak/Downloads/pico/pico-sdk/lib/tinyusb/src/device/usbd.c.obj
                0x100056e8                usbd_edpt_clear_stall
 .text.usbd_edpt_stalled
                0x10005730       0x1c CMakeFiles/dev_hid_composite.dir/Users/nikhilnayak/Downloads/pico/pico-sdk/lib/tinyusb/src/device/usbd.c.obj
                0x10005730                usbd_edpt_stalled
 .text.process_control_request
                0x1000574c      0x374 CMakeFiles/dev_hid_composite.dir/Users/nikhilnayak/Downloads/pico/pico-sdk/lib/tinyusb/src/device/usbd.c.obj
 .text.tud_task_ext
                0x10005ac0      0x1a8 CMakeFiles/dev_hid_composite.dir/Users/nikhilnayak/Downloads/pico/pico-sdk/lib/tinyusb/src/device/usbd.c.obj
                0x10005ac0                tud_task_ext
 .text._status_stage_xact
                0x10005c68       0x1a CMakeFiles/dev_hid_composite.dir/Users/nikhilnayak/Downloads/pico/pico-sdk/lib/tinyusb/src/device/usbd_control.c.obj
 *fill*         0x10005c82        0x2 
 .text._data_stage_xact
                0x10005c84       0x58 CMakeFiles/dev_hid_composite.dir/Users/nikhilnayak/Downloads/pico/pico-sdk/lib/tinyusb/src/device/usbd_control.c.obj
 .text.tud_control_status
                0x10005cdc       0x28 CMakeFiles/dev_hid_composite.dir/Users/nikhilnayak/Downloads/pico/pico-sdk/lib/tinyusb/src/device/usbd_control.c.obj
                0x10005cdc                tud_control_status
 .text.tud_control_xfer
                0x10005d04       0x68 CMakeFiles/dev_hid_composite.dir/Users/nikhilnayak/Downloads/pico/pico-sdk/lib/tinyusb/src/device/usbd_control.c.obj
                0x10005d04                tud_control_xfer
 .text.usbd_control_reset
                0x10005d6c       0x14 CMakeFiles/dev_hid_composite.dir/Users/nikhilnayak/Downloads/pico/pico-sdk/lib/tinyusb/src/device/usbd_control.c.obj
                0x10005d6c                usbd_control_reset
 .text.usbd_control_set_complete_callback
                0x10005d80        0xc CMakeFiles/dev_hid_composite.dir/Users/nikhilnayak/Downloads/pico/pico-sdk/lib/tinyusb/src/device/usbd_control.c.obj
                0x10005d80                usbd_control_set_complete_callback
 .text.usbd_control_set_request
                0x10005d8c       0x1c CMakeFiles/dev_hid_composite.dir/Users/nikhilnayak/Downloads/pico/pico-sdk/lib/tinyusb/src/device/usbd_control.c.obj
                0x10005d8c                usbd_control_set_request
 .text.usbd_control_xfer_cb
                0x10005da8       0xbc CMakeFiles/dev_hid_composite.dir/Users/nikhilnayak/Downloads/pico/pico-sdk/lib/tinyusb/src/device/usbd_control.c.obj
                0x10005da8                usbd_control_xfer_cb
 .text.tud_hid_n_ready
                0x10005e64       0x44 CMakeFiles/dev_hid_composite.dir/Users/nikhilnayak/Downloads/pico/pico-sdk/lib/tinyusb/src/class/hid/hid_device.c.obj
                0x10005e64                tud_hid_n_ready
 .text.tud_hid_n_report
                0x10005ea8       0x84 CMakeFiles/dev_hid_composite.dir/Users/nikhilnayak/Downloads/pico/pico-sdk/lib/tinyusb/src/class/hid/hid_device.c.obj
                0x10005ea8                tud_hid_n_report
 .text.tud_hid_n_keyboard_report
                0x10005f2c       0x40 CMakeFiles/dev_hid_composite.dir/Users/nikhilnayak/Downloads/pico/pico-sdk/lib/tinyusb/src/class/hid/hid_device.c.obj
                0x10005f2c                tud_hid_n_keyboard_report
 .text.tud_hid_n_mouse_report
                0x10005f6c       0x2e CMakeFiles/dev_hid_composite.dir/Users/nikhilnayak/Downloads/pico/pico-sdk/lib/tinyusb/src/class/hid/hid_device.c.obj
                0x10005f6c                tud_hid_n_mouse_report
 *fill*         0x10005f9a        0x2 
 .text.hidd_reset
                0x10005f9c       0x14 CMakeFiles/dev_hid_composite.dir/Users/nikhilnayak/Downloads/pico/pico-sdk/lib/tinyusb/src/class/hid/hid_device.c.obj
                0x10005f9c                hidd_reset
 .text.hidd_init
                0x10005fb0        0xa CMakeFiles/dev_hid_composite.dir/Users/nikhilnayak/Downloads/pico/pico-sdk/lib/tinyusb/src/class/hid/hid_device.c.obj
                0x10005fb0                hidd_init
 *fill*         0x10005fba        0x2 
 .text.hidd_open
                0x10005fbc       0xb4 CMakeFiles/dev_hid_composite.dir/Users/nikhilnayak/Downloads/pico/pico-sdk/lib/tinyusb/src/class/hid/hid_device.c.obj
                0x10005fbc                hidd_open
 .text.hidd_control_xfer_cb
                0x10006070      0x278 CMakeFiles/dev_hid_composite.dir/Users/nikhilnayak/Downloads/pico/pico-sdk/lib/tinyusb/src/class/hid/hid_device.c.obj
                0x10006070                hidd_control_xfer_cb
 .text.hidd_xfer_cb
                0x100062e8       0x84 CMakeFiles/dev_hid_composite.dir/Users/nikhilnayak/Downloads/pico/pico-sdk/lib/tinyusb/src/class/hid/hid_device.c.obj
                0x100062e8                hidd_xfer_cb
 .text.tusb_init
                0x1000636c        0xa CMakeFiles/dev_hid_composite.dir/Users/nikhilnayak/Downloads/pico/pico-sdk/lib/tinyusb/src/tusb.c.obj
                0x1000636c                tusb_init
 .text.tusb_inited
                0x10006376        0xe CMakeFiles/dev_hid_composite.dir/Users/nikhilnayak/Downloads/pico/pico-sdk/lib/tinyusb/src/tusb.c.obj
                0x10006376                tusb_inited
 .text.tu_edpt_claim
                0x10006384       0x50 CMakeFiles/dev_hid_composite.dir/Users/nikhilnayak/Downloads/pico/pico-sdk/lib/tinyusb/src/tusb.c.obj
                0x10006384                tu_edpt_claim
 .text.tu_edpt_validate
                0x100063d4       0x78 CMakeFiles/dev_hid_composite.dir/Users/nikhilnayak/Downloads/pico/pico-sdk/lib/tinyusb/src/tusb.c.obj
                0x100063d4                tu_edpt_validate
 .text.tu_edpt_bind_driver
                0x1000644c       0x26 CMakeFiles/dev_hid_composite.dir/Users/nikhilnayak/Downloads/pico/pico-sdk/lib/tinyusb/src/tusb.c.obj
                0x1000644c                tu_edpt_bind_driver
 .text.advance_index
                0x10006472       0x1a CMakeFiles/dev_hid_composite.dir/Users/nikhilnayak/Downloads/pico/pico-sdk/lib/tinyusb/src/common/tusb_fifo.c.obj
 .text._tu_fifo_peek
                0x1000648c       0x56 CMakeFiles/dev_hid_composite.dir/Users/nikhilnayak/Downloads/pico/pico-sdk/lib/tinyusb/src/common/tusb_fifo.c.obj
 .text.tu_fifo_full
                0x100064e2       0x28 CMakeFiles/dev_hid_composite.dir/Users/nikhilnayak/Downloads/pico/pico-sdk/lib/tinyusb/src/common/tusb_fifo.c.obj
                0x100064e2                tu_fifo_full
 .text.tu_fifo_read
                0x1000650a       0x42 CMakeFiles/dev_hid_composite.dir/Users/nikhilnayak/Downloads/pico/pico-sdk/lib/tinyusb/src/common/tusb_fifo.c.obj
                0x1000650a                tu_fifo_read
 .text.tu_fifo_write
                0x1000654c       0x64 CMakeFiles/dev_hid_composite.dir/Users/nikhilnayak/Downloads/pico/pico-sdk/lib/tinyusb/src/common/tusb_fifo.c.obj
                0x1000654c                tu_fifo_write
 .text.tu_fifo_clear
                0x100065b0       0x3e CMakeFiles/dev_hid_composite.dir/Users/nikhilnayak/Downloads/pico/pico-sdk/lib/tinyusb/src/common/tusb_fifo.c.obj
                0x100065b0                tu_fifo_clear
 *fill*         0x100065ee        0x2 
 .text.board_init
                0x100065f0       0x30 CMakeFiles/dev_hid_composite.dir/Users/nikhilnayak/Downloads/pico/pico-sdk/lib/tinyusb/hw/bsp/rp2040/family.c.obj
                0x100065f0                board_init
 .text.board_led_write
                0x10006620       0x1c CMakeFiles/dev_hid_composite.dir/Users/nikhilnayak/Downloads/pico/pico-sdk/lib/tinyusb/hw/bsp/rp2040/family.c.obj
                0x10006620                board_led_write
 .text.board_button_read
                0x1000663c        0xe CMakeFiles/dev_hid_composite.dir/Users/nikhilnayak/Downloads/pico/pico-sdk/lib/tinyusb/hw/bsp/rp2040/family.c.obj
                0x1000663c                board_button_read
 .text.i2c_write_blocking_internal
                0x1000664a      0x146 CMakeFiles/dev_hid_composite.dir/Users/nikhilnayak/Downloads/pico/pico-sdk/src/rp2_common/hardware_i2c/i2c.c.obj
 .text.i2c_read_blocking_internal
                0x10006790       0xe6 CMakeFiles/dev_hid_composite.dir/Users/nikhilnayak/Downloads/pico/pico-sdk/src/rp2_common/hardware_i2c/i2c.c.obj
 *fill*         0x10006876        0x2 
 .text.i2c_set_baudrate
                0x10006878       0xf0 CMakeFiles/dev_hid_composite.dir/Users/nikhilnayak/Downloads/pico/pico-sdk/src/rp2_common/hardware_i2c/i2c.c.obj
                0x10006878                i2c_set_baudrate
 .text.i2c_init
                0x10006968       0x58 CMakeFiles/dev_hid_composite.dir/Users/nikhilnayak/Downloads/pico/pico-sdk/src/rp2_common/hardware_i2c/i2c.c.obj
                0x10006968                i2c_init
 .text.i2c_write_blocking
                0x100069c0       0x18 CMakeFiles/dev_hid_composite.dir/Users/nikhilnayak/Downloads/pico/pico-sdk/src/rp2_common/hardware_i2c/i2c.c.obj
                0x100069c0                i2c_write_blocking
 .text.i2c_read_blocking
                0x100069d8       0x18 CMakeFiles/dev_hid_composite.dir/Users/nikhilnayak/Downloads/pico/pico-sdk/src/rp2_common/hardware_i2c/i2c.c.obj
                0x100069d8                i2c_read_blocking
 .text.strlen   0x100069f0       0x5c /Applications/ArmGNUToolchain/13.2.Rel1/arm-none-eabi/bin/../lib/gcc/arm-none-eabi/13.2.1/../../../../arm-none-eabi/lib/thumb/v6-m/nofp/libg.a(libc_a-strlen-stub.o)
                0x100069f0                strlen
 *(.fini)
 .fini          0x10006a4c        0x4 /Applications/ArmGNUToolchain/13.2.Rel1/arm-none-eabi/bin/../lib/gcc/arm-none-eabi/13.2.1/thumb/v6-m/nofp/crti.o
                0x10006a4c                _fini
 .fini.__stub   0x10006a50       0xe0 linker stubs
 *crtbegin.o(.ctors)
 *crtbegin?.o(.ctors)
 *(EXCLUDE_FILE(*crtend.o *crtend?.o) .ctors)
 *(SORT_BY_NAME(.ctors.*))
 *(.ctors)
 *crtbegin.o(.dtors)
 *crtbegin?.o(.dtors)
 *(EXCLUDE_FILE(*crtend.o *crtend?.o) .dtors)
 *(SORT_BY_NAME(.dtors.*))
 *(.dtors)
 *(.eh_frame*)
 .eh_frame      0x10006b30        0x0 /Applications/ArmGNUToolchain/13.2.Rel1/arm-none-eabi/bin/../lib/gcc/arm-none-eabi/13.2.1/thumb/v6-m/nofp/crtbegin.o
                0x10006b30                        . = ALIGN (0x4)

.glue_7         0x10006b30        0x0
 .glue_7        0x10006b30        0x0 linker stubs

.glue_7t        0x10006b30        0x0
 .glue_7t       0x10006b30        0x0 linker stubs

.vfp11_veneer   0x10006b30        0x0
 .vfp11_veneer  0x10006b30        0x0 linker stubs

.v4_bx          0x10006b30        0x0
 .v4_bx         0x10006b30        0x0 linker stubs

.iplt           0x10006b30        0x0
 .iplt          0x10006b30        0x0 /Applications/ArmGNUToolchain/13.2.Rel1/arm-none-eabi/bin/../lib/gcc/arm-none-eabi/13.2.1/thumb/v6-m/nofp/crtbegin.o

.rodata         0x10006b30     0x16d4
 *(EXCLUDE_FILE(*libm.a: *libc.a:*lib_a-mem*.o *libgcc.a:) .rodata*)
 .rodata.update_us_since_boot.str1.4
                0x10006b30      0xf19 CMakeFiles/dev_hid_composite.dir/main.c.obj
                                 0x71 (size before relaxing)
 *fill*         0x10007a49        0x3 
 .rodata.__func__.5
                0x10007a4c       0x15 CMakeFiles/dev_hid_composite.dir/main.c.obj
 .rodata.str1.4
                0x10007a61       0x17 CMakeFiles/dev_hid_composite.dir/usb_descriptors.c.obj
 *fill*         0x10007a61        0x3 
 .rodata.__compound_literal.0
                0x10007a64        0x2 CMakeFiles/dev_hid_composite.dir/usb_descriptors.c.obj
 *fill*         0x10007a66        0x2 
 .rodata.desc_configuration
                0x10007a68       0x22 CMakeFiles/dev_hid_composite.dir/usb_descriptors.c.obj
                0x10007a68                desc_configuration
 *fill*         0x10007a8a        0x2 
 .rodata.desc_hid_report
                0x10007a8c       0xef CMakeFiles/dev_hid_composite.dir/usb_descriptors.c.obj
                0x10007a8c                desc_hid_report
 *fill*         0x10007b7b        0x1 
 .rodata.desc_device
                0x10007b7c       0x12 CMakeFiles/dev_hid_composite.dir/usb_descriptors.c.obj
                0x10007b7c                desc_device
 .rodata.spin_lock_claim_unused.str1.4
                0x10007b8e       0x1b CMakeFiles/dev_hid_composite.dir/Users/nikhilnayak/Downloads/pico/pico-sdk/src/rp2_common/hardware_sync/sync.c.obj
 .rodata.resolve_branch.str1.4
                0x10007b8e       0x65 CMakeFiles/dev_hid_composite.dir/Users/nikhilnayak/Downloads/pico/pico-sdk/src/rp2_common/hardware_irq/irq.c.obj
 .rodata.make_branch.str1.4
                0x10007b8e       0x30 CMakeFiles/dev_hid_composite.dir/Users/nikhilnayak/Downloads/pico/pico-sdk/src/rp2_common/hardware_irq/irq.c.obj
 .rodata.insert_branch_and_link.str1.4
                0x10007b8e       0x10 CMakeFiles/dev_hid_composite.dir/Users/nikhilnayak/Downloads/pico/pico-sdk/src/rp2_common/hardware_irq/irq.c.obj
 .rodata.irq_set_exclusive_handler.str1.4
                0x10007b8e       0x36 CMakeFiles/dev_hid_composite.dir/Users/nikhilnayak/Downloads/pico/pico-sdk/src/rp2_common/hardware_irq/irq.c.obj
 .rodata.irq_add_shared_handler.str1.4
                0x10007b8e       0xc2 CMakeFiles/dev_hid_composite.dir/Users/nikhilnayak/Downloads/pico/pico-sdk/src/rp2_common/hardware_irq/irq.c.obj
 .rodata.irq_remove_handler.str1.4
                0x10007b8e       0x3a CMakeFiles/dev_hid_composite.dir/Users/nikhilnayak/Downloads/pico/pico-sdk/src/rp2_common/hardware_irq/irq.c.obj
 .rodata.irq_add_tail_to_free_list.str1.4
                0x10007b8e       0x3a CMakeFiles/dev_hid_composite.dir/Users/nikhilnayak/Downloads/pico/pico-sdk/src/rp2_common/hardware_irq/irq.c.obj
 *fill*         0x10007b8e        0x2 
 .rodata.__func__.0
                0x10007b90       0x1a CMakeFiles/dev_hid_composite.dir/Users/nikhilnayak/Downloads/pico/pico-sdk/src/rp2_common/hardware_irq/irq.c.obj
 *fill*         0x10007baa        0x2 
 .rodata.__func__.1
                0x10007bac       0x17 CMakeFiles/dev_hid_composite.dir/Users/nikhilnayak/Downloads/pico/pico-sdk/src/rp2_common/hardware_irq/irq.c.obj
 *fill*         0x10007bc3        0x1 
 .rodata.__func__.2
                0x10007bc4       0x13 CMakeFiles/dev_hid_composite.dir/Users/nikhilnayak/Downloads/pico/pico-sdk/src/rp2_common/hardware_irq/irq.c.obj
 *fill*         0x10007bd7        0x1 
 .rodata.__func__.3
                0x10007bd8        0xc CMakeFiles/dev_hid_composite.dir/Users/nikhilnayak/Downloads/pico/pico-sdk/src/rp2_common/hardware_irq/irq.c.obj
 .rodata.__func__.4
                0x10007be4        0xf CMakeFiles/dev_hid_composite.dir/Users/nikhilnayak/Downloads/pico/pico-sdk/src/rp2_common/hardware_irq/irq.c.obj
 *fill*         0x10007bf3        0x1 
 .rodata.__func__.5
                0x10007bf4       0x17 CMakeFiles/dev_hid_composite.dir/Users/nikhilnayak/Downloads/pico/pico-sdk/src/rp2_common/hardware_irq/irq.c.obj
 *fill*         0x10007c0b        0x1 
 .rodata.__func__.6
                0x10007c0c       0x1a CMakeFiles/dev_hid_composite.dir/Users/nikhilnayak/Downloads/pico/pico-sdk/src/rp2_common/hardware_irq/irq.c.obj
 .rodata.update_us_since_boot.str1.4
                0x10007c26       0x71 CMakeFiles/dev_hid_composite.dir/Users/nikhilnayak/Downloads/pico/pico-sdk/src/common/pico_sync/mutex.c.obj
 .rodata.str1.4
                0x10007c26       0x99 CMakeFiles/dev_hid_composite.dir/Users/nikhilnayak/Downloads/pico/pico-sdk/src/common/pico_sync/mutex.c.obj
 *fill*         0x10007c26        0x2 
 .rodata.__func__.1
                0x10007c28        0xb CMakeFiles/dev_hid_composite.dir/Users/nikhilnayak/Downloads/pico/pico-sdk/src/common/pico_sync/mutex.c.obj
 *fill*         0x10007c33        0x1 
 .rodata.__func__.3
                0x10007c34       0x18 CMakeFiles/dev_hid_composite.dir/Users/nikhilnayak/Downloads/pico/pico-sdk/src/common/pico_sync/mutex.c.obj
 .rodata.__func__.4
                0x10007c4c       0x15 CMakeFiles/dev_hid_composite.dir/Users/nikhilnayak/Downloads/pico/pico-sdk/src/common/pico_sync/mutex.c.obj
 .rodata.get_entry.str1.4
                0x10007c61       0x6b CMakeFiles/dev_hid_composite.dir/Users/nikhilnayak/Downloads/pico/pico-sdk/src/common/pico_time/time.c.obj
 .rodata.update_us_since_boot.str1.4
                0x10007c61       0x71 CMakeFiles/dev_hid_composite.dir/Users/nikhilnayak/Downloads/pico/pico-sdk/src/common/pico_time/time.c.obj
 .rodata.ph_get_node.str1.4
                0x10007c61       0x76 CMakeFiles/dev_hid_composite.dir/Users/nikhilnayak/Downloads/pico/pico-sdk/src/common/pico_time/time.c.obj
 .rodata.ph_add_child_node.str1.4
                0x10007c61       0x2e CMakeFiles/dev_hid_composite.dir/Users/nikhilnayak/Downloads/pico/pico-sdk/src/common/pico_time/time.c.obj
 .rodata.ph_insert_node.str1.4
                0x10007c61        0x3 CMakeFiles/dev_hid_composite.dir/Users/nikhilnayak/Downloads/pico/pico-sdk/src/common/pico_time/time.c.obj
 .rodata.ph_free_node.str1.4
                0x10007c61       0x38 CMakeFiles/dev_hid_composite.dir/Users/nikhilnayak/Downloads/pico/pico-sdk/src/common/pico_time/time.c.obj
 .rodata.add_alarm_under_lock.str1.4
                0x10007c61       0x28 CMakeFiles/dev_hid_composite.dir/Users/nikhilnayak/Downloads/pico/pico-sdk/src/common/pico_time/time.c.obj
 .rodata.alarm_pool_alarm_callback.str1.4
                0x10007c61       0x60 CMakeFiles/dev_hid_composite.dir/Users/nikhilnayak/Downloads/pico/pico-sdk/src/common/pico_time/time.c.obj
 .rodata.alarm_pool_get_default.str1.4
                0x10007c61       0x21 CMakeFiles/dev_hid_composite.dir/Users/nikhilnayak/Downloads/pico/pico-sdk/src/common/pico_time/time.c.obj
 .rodata.alarm_pool_cancel_alarm.str1.4
                0x10007c61       0x27 CMakeFiles/dev_hid_composite.dir/Users/nikhilnayak/Downloads/pico/pico-sdk/src/common/pico_time/time.c.obj
 *fill*         0x10007c61        0x3 
 .rodata.__func__.1
                0x10007c64       0x18 CMakeFiles/dev_hid_composite.dir/Users/nikhilnayak/Downloads/pico/pico-sdk/src/common/pico_time/time.c.obj
 .rodata.__func__.3
                0x10007c7c       0x17 CMakeFiles/dev_hid_composite.dir/Users/nikhilnayak/Downloads/pico/pico-sdk/src/common/pico_time/time.c.obj
 *fill*         0x10007c93        0x1 
 .rodata.__func__.4
                0x10007c94       0x12 CMakeFiles/dev_hid_composite.dir/Users/nikhilnayak/Downloads/pico/pico-sdk/src/common/pico_time/time.c.obj
 *fill*         0x10007ca6        0x2 
 .rodata.__func__.5
                0x10007ca8        0xd CMakeFiles/dev_hid_composite.dir/Users/nikhilnayak/Downloads/pico/pico-sdk/src/common/pico_time/time.c.obj
 *fill*         0x10007cb5        0x3 
 .rodata.__func__.6
                0x10007cb8       0x12 CMakeFiles/dev_hid_composite.dir/Users/nikhilnayak/Downloads/pico/pico-sdk/src/common/pico_time/time.c.obj
 *fill*         0x10007cca        0x2 
 .rodata.__func__.7
                0x10007ccc        0xf CMakeFiles/dev_hid_composite.dir/Users/nikhilnayak/Downloads/pico/pico-sdk/src/common/pico_time/time.c.obj
 *fill*         0x10007cdb        0x1 
 .rodata.__func__.8
                0x10007cdc        0xc CMakeFiles/dev_hid_composite.dir/Users/nikhilnayak/Downloads/pico/pico-sdk/src/common/pico_time/time.c.obj
 .rodata.__func__.9
                0x10007ce8       0x15 CMakeFiles/dev_hid_composite.dir/Users/nikhilnayak/Downloads/pico/pico-sdk/src/common/pico_time/time.c.obj
 *fill*         0x10007cfd        0x3 
 .rodata.__func__.10
                0x10007d00       0x15 CMakeFiles/dev_hid_composite.dir/Users/nikhilnayak/Downloads/pico/pico-sdk/src/common/pico_time/time.c.obj
 *fill*         0x10007d15        0x3 
 .rodata.__func__.11
                0x10007d18       0x1a CMakeFiles/dev_hid_composite.dir/Users/nikhilnayak/Downloads/pico/pico-sdk/src/common/pico_time/time.c.obj
 *fill*         0x10007d32        0x2 
 .rodata.__func__.12
                0x10007d34        0xa CMakeFiles/dev_hid_composite.dir/Users/nikhilnayak/Downloads/pico/pico-sdk/src/common/pico_time/time.c.obj
 .rodata.update_us_since_boot.str1.4
                0x10007d3e       0x71 CMakeFiles/dev_hid_composite.dir/Users/nikhilnayak/Downloads/pico/pico-sdk/src/rp2_common/hardware_timer/timer.c.obj
 .rodata.hardware_alarm_claim.str1.4
                0x10007d3e       0x22 CMakeFiles/dev_hid_composite.dir/Users/nikhilnayak/Downloads/pico/pico-sdk/src/rp2_common/hardware_timer/timer.c.obj
 .rodata.hardware_alarm_set_target.str1.4
                0x10007d3e       0x75 CMakeFiles/dev_hid_composite.dir/Users/nikhilnayak/Downloads/pico/pico-sdk/src/rp2_common/hardware_timer/timer.c.obj
 *fill*         0x10007d3e        0x2 
 .rodata.__func__.0
                0x10007d40       0x1a CMakeFiles/dev_hid_composite.dir/Users/nikhilnayak/Downloads/pico/pico-sdk/src/rp2_common/hardware_timer/timer.c.obj
 *fill*         0x10007d5a        0x2 
 .rodata.__func__.1
                0x10007d5c       0x15 CMakeFiles/dev_hid_composite.dir/Users/nikhilnayak/Downloads/pico/pico-sdk/src/rp2_common/hardware_timer/timer.c.obj
 .rodata.ph_get_node.str1.4
                0x10007d71       0x76 CMakeFiles/dev_hid_composite.dir/Users/nikhilnayak/Downloads/pico/pico-sdk/src/common/pico_util/pheap.c.obj
 .rodata.ph_add_child_node.str1.4
                0x10007d71       0x2e CMakeFiles/dev_hid_composite.dir/Users/nikhilnayak/Downloads/pico/pico-sdk/src/common/pico_util/pheap.c.obj
 .rodata.ph_remove_any_head.str1.4
                0x10007d71       0xb0 CMakeFiles/dev_hid_composite.dir/Users/nikhilnayak/Downloads/pico/pico-sdk/src/common/pico_util/pheap.c.obj
 .rodata.ph_remove_and_free_node.str1.4
                0x10007d71       0x26 CMakeFiles/dev_hid_composite.dir/Users/nikhilnayak/Downloads/pico/pico-sdk/src/common/pico_util/pheap.c.obj
 *fill*         0x10007d71        0x3 
 .rodata.__func__.0
                0x10007d74       0x18 CMakeFiles/dev_hid_composite.dir/Users/nikhilnayak/Downloads/pico/pico-sdk/src/common/pico_util/pheap.c.obj
 .rodata.__func__.1
                0x10007d8c       0x13 CMakeFiles/dev_hid_composite.dir/Users/nikhilnayak/Downloads/pico/pico-sdk/src/common/pico_util/pheap.c.obj
 *fill*         0x10007d9f        0x1 
 .rodata.__func__.2
                0x10007da0       0x12 CMakeFiles/dev_hid_composite.dir/Users/nikhilnayak/Downloads/pico/pico-sdk/src/common/pico_util/pheap.c.obj
 *fill*         0x10007db2        0x2 
 .rodata.__func__.3
                0x10007db4        0xc CMakeFiles/dev_hid_composite.dir/Users/nikhilnayak/Downloads/pico/pico-sdk/src/common/pico_util/pheap.c.obj
 .rodata.clock_configure.str1.4
                0x10007dc0       0x67 CMakeFiles/dev_hid_composite.dir/Users/nikhilnayak/Downloads/pico/pico-sdk/src/rp2_common/hardware_clocks/clocks.c.obj
 .rodata.__func__.1
                0x10007dc0       0x10 CMakeFiles/dev_hid_composite.dir/Users/nikhilnayak/Downloads/pico/pico-sdk/src/rp2_common/hardware_clocks/clocks.c.obj
 .rodata.pll_init.str1.4
                0x10007dd0      0x134 CMakeFiles/dev_hid_composite.dir/Users/nikhilnayak/Downloads/pico/pico-sdk/src/rp2_common/hardware_pll/pll.c.obj
 .rodata.__func__.0
                0x10007dd0        0x9 CMakeFiles/dev_hid_composite.dir/Users/nikhilnayak/Downloads/pico/pico-sdk/src/rp2_common/hardware_pll/pll.c.obj
 .rodata.__assert_func.str1.4
                0x10007dd9       0x43 CMakeFiles/dev_hid_composite.dir/Users/nikhilnayak/Downloads/pico/pico-sdk/src/rp2_common/pico_runtime/runtime.c.obj
 .rodata.runtime_init.str1.4
                0x10007dd9       0x71 CMakeFiles/dev_hid_composite.dir/Users/nikhilnayak/Downloads/pico/pico-sdk/src/rp2_common/pico_runtime/runtime.c.obj
 .rodata.panic.str1.4
                0x10007dd9       0x12 CMakeFiles/dev_hid_composite.dir/Users/nikhilnayak/Downloads/pico/pico-sdk/src/rp2_common/pico_runtime/runtime.c.obj
 *fill*         0x10007dd9        0x3 
 .rodata.__func__.2
                0x10007ddc        0xd CMakeFiles/dev_hid_composite.dir/Users/nikhilnayak/Downloads/pico/pico-sdk/src/rp2_common/pico_runtime/runtime.c.obj
 .rodata._ftoa.str1.4
                0x10007de9       0x15 CMakeFiles/dev_hid_composite.dir/Users/nikhilnayak/Downloads/pico/pico-sdk/src/rp2_common/pico_printf/printf.c.obj
 *fill*         0x10007de9        0x3 
 .rodata._vsnprintf
                0x10007dec      0x19c CMakeFiles/dev_hid_composite.dir/Users/nikhilnayak/Downloads/pico/pico-sdk/src/rp2_common/pico_printf/printf.c.obj
 .rodata.pow10.0
                0x10007f88       0x50 CMakeFiles/dev_hid_composite.dir/Users/nikhilnayak/Downloads/pico/pico-sdk/src/rp2_common/pico_printf/printf.c.obj
 .rodata.__aeabi_double_init.str1.4
                0x10007fd8       0xac CMakeFiles/dev_hid_composite.dir/Users/nikhilnayak/Downloads/pico/pico-sdk/src/rp2_common/pico_double/double_init_rom.c.obj
 .rodata.__func__.0
                0x10007fd8       0x14 CMakeFiles/dev_hid_composite.dir/Users/nikhilnayak/Downloads/pico/pico-sdk/src/rp2_common/pico_double/double_init_rom.c.obj
 .rodata.__aeabi_float_init.str1.4
                0x10007fec       0x8e CMakeFiles/dev_hid_composite.dir/Users/nikhilnayak/Downloads/pico/pico-sdk/src/rp2_common/pico_float/float_init_rom.c.obj
 .rodata.__func__.0
                0x10007fec       0x13 CMakeFiles/dev_hid_composite.dir/Users/nikhilnayak/Downloads/pico/pico-sdk/src/rp2_common/pico_float/float_init_rom.c.obj
 .rodata.str1.4
                0x10007fff       0x48 CMakeFiles/dev_hid_composite.dir/Users/nikhilnayak/Downloads/pico/pico-sdk/src/rp2_common/pico_standard_link/binary_info.c.obj
 *fill*         0x10007fff        0x1 
 .rodata.__bi_81
                0x10008000        0xc CMakeFiles/dev_hid_composite.dir/Users/nikhilnayak/Downloads/pico/pico-sdk/src/rp2_common/pico_standard_link/binary_info.c.obj
 .rodata.__bi_75
                0x1000800c        0xc CMakeFiles/dev_hid_composite.dir/Users/nikhilnayak/Downloads/pico/pico-sdk/src/rp2_common/pico_standard_link/binary_info.c.obj
 .rodata.__bi_44
                0x10008018        0xc CMakeFiles/dev_hid_composite.dir/Users/nikhilnayak/Downloads/pico/pico-sdk/src/rp2_common/pico_standard_link/binary_info.c.obj
 .rodata.update_us_since_boot.str1.4
                0x10008024       0x71 CMakeFiles/dev_hid_composite.dir/Users/nikhilnayak/Downloads/pico/pico-sdk/src/rp2_common/pico_stdio/stdio.c.obj
 .rodata.crlf_str.2
                0x10008024        0x2 CMakeFiles/dev_hid_composite.dir/Users/nikhilnayak/Downloads/pico/pico-sdk/src/rp2_common/pico_stdio/stdio.c.obj
 *fill*         0x10008026        0x2 
 .rodata.__func__.3
                0x10008028       0x15 CMakeFiles/dev_hid_composite.dir/Users/nikhilnayak/Downloads/pico/pico-sdk/src/rp2_common/pico_stdio/stdio.c.obj
 .rodata.str1.4
                0x1000803d       0x2c CMakeFiles/dev_hid_composite.dir/Users/nikhilnayak/Downloads/pico/pico-sdk/src/rp2_common/pico_stdio_uart/stdio_uart.c.obj
 *fill*         0x1000803d        0x3 
 .rodata.__bi_33.4
                0x10008040        0xc CMakeFiles/dev_hid_composite.dir/Users/nikhilnayak/Downloads/pico/pico-sdk/src/rp2_common/pico_stdio_uart/stdio_uart.c.obj
 .rodata.__bi_34.5
                0x1000804c        0x8 CMakeFiles/dev_hid_composite.dir/Users/nikhilnayak/Downloads/pico/pico-sdk/src/rp2_common/pico_stdio_uart/stdio_uart.c.obj
 .rodata.pico_get_unique_board_id_string.str1.4
                0x10008054       0x5d CMakeFiles/dev_hid_composite.dir/Users/nikhilnayak/Downloads/pico/pico-sdk/src/rp2_common/pico_unique_id/unique_id.c.obj
 .rodata.__func__.0
                0x10008054       0x20 CMakeFiles/dev_hid_composite.dir/Users/nikhilnayak/Downloads/pico/pico-sdk/src/rp2_common/pico_unique_id/unique_id.c.obj
 .rodata.str1.4
                0x10008074      0x16a CMakeFiles/dev_hid_composite.dir/Users/nikhilnayak/Downloads/pico/pico-sdk/src/rp2_common/hardware_flash/flash.c.obj
 .rodata.__func__.0
                0x10008074        0xd CMakeFiles/dev_hid_composite.dir/Users/nikhilnayak/Downloads/pico/pico-sdk/src/rp2_common/hardware_flash/flash.c.obj
 .rodata._hw_endpoint_alloc.str1.4
                0x10008081       0xc5 CMakeFiles/dev_hid_composite.dir/Users/nikhilnayak/Downloads/pico/pico-sdk/lib/tinyusb/src/portable/raspberrypi/rp2040/dcd_rp2040.c.obj
 .rodata.str1.4
                0x10008081       0x14 CMakeFiles/dev_hid_composite.dir/Users/nikhilnayak/Downloads/pico/pico-sdk/lib/tinyusb/src/portable/raspberrypi/rp2040/dcd_rp2040.c.obj
 .rodata.dcd_int_enable.str1.4
                0x10008081        0xc CMakeFiles/dev_hid_composite.dir/Users/nikhilnayak/Downloads/pico/pico-sdk/lib/tinyusb/src/portable/raspberrypi/rp2040/dcd_rp2040.c.obj
 *fill*         0x10008081        0x3 
 .rodata.__func__.0
                0x10008084        0xe CMakeFiles/dev_hid_composite.dir/Users/nikhilnayak/Downloads/pico/pico-sdk/lib/tinyusb/src/portable/raspberrypi/rp2040/dcd_rp2040.c.obj
 *fill*         0x10008092        0x2 
 .rodata.__func__.1
                0x10008094        0xe CMakeFiles/dev_hid_composite.dir/Users/nikhilnayak/Downloads/pico/pico-sdk/lib/tinyusb/src/portable/raspberrypi/rp2040/dcd_rp2040.c.obj
 *fill*         0x100080a2        0x2 
 .rodata.__func__.2
                0x100080a4       0x12 CMakeFiles/dev_hid_composite.dir/Users/nikhilnayak/Downloads/pico/pico-sdk/lib/tinyusb/src/portable/raspberrypi/rp2040/dcd_rp2040.c.obj
 *fill*         0x100080b6        0x2 
 .rodata.__func__.3
                0x100080b8       0x10 CMakeFiles/dev_hid_composite.dir/Users/nikhilnayak/Downloads/pico/pico-sdk/lib/tinyusb/src/portable/raspberrypi/rp2040/dcd_rp2040.c.obj
 .rodata.__func__.5
                0x100080c8        0xf CMakeFiles/dev_hid_composite.dir/Users/nikhilnayak/Downloads/pico/pico-sdk/lib/tinyusb/src/portable/raspberrypi/rp2040/dcd_rp2040.c.obj
 *fill*         0x100080d7        0x1 
 .rodata.__func__.6
                0x100080d8       0x13 CMakeFiles/dev_hid_composite.dir/Users/nikhilnayak/Downloads/pico/pico-sdk/lib/tinyusb/src/portable/raspberrypi/rp2040/dcd_rp2040.c.obj
 *fill*         0x100080eb        0x1 
 .rodata.__func__.7
                0x100080ec        0x9 CMakeFiles/dev_hid_composite.dir/Users/nikhilnayak/Downloads/pico/pico-sdk/lib/tinyusb/src/portable/raspberrypi/rp2040/dcd_rp2040.c.obj
 .rodata.str1.4
                0x100080f5       0xf7 CMakeFiles/dev_hid_composite.dir/Users/nikhilnayak/Downloads/pico/pico-sdk/lib/tinyusb/src/portable/raspberrypi/rp2040/rp2040_usb.c.obj
 *fill*         0x100080f5        0x3 
 .rodata.__func__.0
                0x100080f8        0xf CMakeFiles/dev_hid_composite.dir/Users/nikhilnayak/Downloads/pico/pico-sdk/lib/tinyusb/src/portable/raspberrypi/rp2040/rp2040_usb.c.obj
 *fill*         0x10008107        0x1 
 .rodata.process_get_descriptor
                0x10008108       0x40 CMakeFiles/dev_hid_composite.dir/Users/nikhilnayak/Downloads/pico/pico-sdk/lib/tinyusb/src/device/usbd.c.obj
 .rodata.process_control_request
                0x10008148       0x28 CMakeFiles/dev_hid_composite.dir/Users/nikhilnayak/Downloads/pico/pico-sdk/lib/tinyusb/src/device/usbd.c.obj
 .rodata.tud_task_ext
                0x10008170       0x24 CMakeFiles/dev_hid_composite.dir/Users/nikhilnayak/Downloads/pico/pico-sdk/lib/tinyusb/src/device/usbd.c.obj
 .rodata._usbd_driver
                0x10008194       0x18 CMakeFiles/dev_hid_composite.dir/Users/nikhilnayak/Downloads/pico/pico-sdk/lib/tinyusb/src/device/usbd.c.obj
 .rodata.hidd_control_xfer_cb
                0x100081ac       0x30 CMakeFiles/dev_hid_composite.dir/Users/nikhilnayak/Downloads/pico/pico-sdk/lib/tinyusb/src/class/hid/hid_device.c.obj
 .rodata.str1.4
                0x100081dc        0x4 CMakeFiles/dev_hid_composite.dir/Users/nikhilnayak/Downloads/pico/pico-sdk/lib/tinyusb/hw/bsp/rp2040/family.c.obj
 .rodata.__bi_142.0
                0x100081dc        0xc CMakeFiles/dev_hid_composite.dir/Users/nikhilnayak/Downloads/pico/pico-sdk/lib/tinyusb/hw/bsp/rp2040/family.c.obj
 .rodata.__bi_152.1
                0x100081e8        0x8 CMakeFiles/dev_hid_composite.dir/Users/nikhilnayak/Downloads/pico/pico-sdk/lib/tinyusb/hw/bsp/rp2040/family.c.obj
 .rodata.i2c_set_baudrate.str1.4
                0x100081f0       0x6d CMakeFiles/dev_hid_composite.dir/Users/nikhilnayak/Downloads/pico/pico-sdk/src/rp2_common/hardware_i2c/i2c.c.obj
 .rodata.__func__.0
                0x100081f0       0x11 CMakeFiles/dev_hid_composite.dir/Users/nikhilnayak/Downloads/pico/pico-sdk/src/rp2_common/hardware_i2c/i2c.c.obj
                0x10008260                        . = ALIGN (0x4)
 *fill*         0x10008201        0x3 
 *(SORT_BY_ALIGNMENT(SORT_BY_NAME(.flashdata*)))
                0x10008204                        . = ALIGN (0x4)

.ARM.extab
 *(.ARM.extab* .gnu.linkonce.armextab.*)
                0x10008204                        __exidx_start = .

.ARM.exidx
 *(.ARM.exidx* .gnu.linkonce.armexidx.*)
                0x10008204                        __exidx_end = .
                0x10008204                        . = ALIGN (0x4)
                0x10008204                        __binary_info_start = .

.binary_info    0x10008204       0x2c
 *(.binary_info.keep.*)
 .binary_info.keep.__bi_ptr81
                0x10008204        0x4 CMakeFiles/dev_hid_composite.dir/Users/nikhilnayak/Downloads/pico/pico-sdk/src/rp2_common/pico_standard_link/binary_info.c.obj
 .binary_info.keep.__bi_ptr75
                0x10008208        0x4 CMakeFiles/dev_hid_composite.dir/Users/nikhilnayak/Downloads/pico/pico-sdk/src/rp2_common/pico_standard_link/binary_info.c.obj
 .binary_info.keep.__bi_ptr50
                0x1000820c        0x4 CMakeFiles/dev_hid_composite.dir/Users/nikhilnayak/Downloads/pico/pico-sdk/src/rp2_common/pico_standard_link/binary_info.c.obj
 .binary_info.keep.__bi_ptr44
                0x10008210        0x4 CMakeFiles/dev_hid_composite.dir/Users/nikhilnayak/Downloads/pico/pico-sdk/src/rp2_common/pico_standard_link/binary_info.c.obj
 .binary_info.keep.__bi_ptr38
                0x10008214        0x4 CMakeFiles/dev_hid_composite.dir/Users/nikhilnayak/Downloads/pico/pico-sdk/src/rp2_common/pico_standard_link/binary_info.c.obj
 .binary_info.keep.__bi_ptr30
                0x10008218        0x4 CMakeFiles/dev_hid_composite.dir/Users/nikhilnayak/Downloads/pico/pico-sdk/src/rp2_common/pico_standard_link/binary_info.c.obj
 .binary_info.keep.__bi_ptr22
                0x1000821c        0x4 CMakeFiles/dev_hid_composite.dir/Users/nikhilnayak/Downloads/pico/pico-sdk/src/rp2_common/pico_standard_link/binary_info.c.obj
 .binary_info.keep.__bi_ptr152
                0x10008220        0x4 CMakeFiles/dev_hid_composite.dir/Users/nikhilnayak/Downloads/pico/pico-sdk/lib/tinyusb/hw/bsp/rp2040/family.c.obj
 .binary_info.keep.__bi_ptr142
                0x10008224        0x4 CMakeFiles/dev_hid_composite.dir/Users/nikhilnayak/Downloads/pico/pico-sdk/lib/tinyusb/hw/bsp/rp2040/family.c.obj
 *(.binary_info.*)
 .binary_info.__bi_ptr34
                0x10008228        0x4 CMakeFiles/dev_hid_composite.dir/Users/nikhilnayak/Downloads/pico/pico-sdk/src/rp2_common/pico_stdio_uart/stdio_uart.c.obj
 .binary_info.__bi_ptr33
                0x1000822c        0x4 CMakeFiles/dev_hid_composite.dir/Users/nikhilnayak/Downloads/pico/pico-sdk/src/rp2_common/pico_stdio_uart/stdio_uart.c.obj
                0x10008230                        __binary_info_end = .

.rel.dyn        0x10008230        0x0
 .rel.iplt      0x10008230        0x0 /Applications/ArmGNUToolchain/13.2.Rel1/arm-none-eabi/bin/../lib/gcc/arm-none-eabi/13.2.1/thumb/v6-m/nofp/crtbegin.o
                0x10008230                        . = ALIGN (0x4)

.ram_vector_table
                0x20000000       0xc0
 *(.ram_vector_table)
 .ram_vector_table
                0x20000000       0xc0 CMakeFiles/dev_hid_composite.dir/Users/nikhilnayak/Downloads/pico/pico-sdk/src/rp2_common/pico_runtime/runtime.c.obj
                0x20000000                ram_vector_table

.data           0x200000c0      0xbb8 load address 0x10008230
                0x200000c0                        __data_start__ = .
 *(vtable)
 *(.time_critical*)
 .time_critical.mutex_try_enter
                0x200000c0       0x46 CMakeFiles/dev_hid_composite.dir/Users/nikhilnayak/Downloads/pico/pico-sdk/src/common/pico_sync/mutex.c.obj
                0x200000c0                mutex_try_enter
 *fill*         0x20000106        0x2 
 .time_critical.mutex_enter_block_until
                0x20000108       0x8c CMakeFiles/dev_hid_composite.dir/Users/nikhilnayak/Downloads/pico/pico-sdk/src/common/pico_sync/mutex.c.obj
                0x20000108                mutex_enter_block_until
 .time_critical.mutex_try_enter_block_until
                0x20000194       0x34 CMakeFiles/dev_hid_composite.dir/Users/nikhilnayak/Downloads/pico/pico-sdk/src/common/pico_sync/mutex.c.obj
                0x20000194                mutex_try_enter_block_until
 .time_critical.mutex_enter_timeout_ms
                0x200001c8       0x1a CMakeFiles/dev_hid_composite.dir/Users/nikhilnayak/Downloads/pico/pico-sdk/src/common/pico_sync/mutex.c.obj
                0x200001c8                mutex_enter_timeout_ms
 *fill*         0x200001e2        0x2 
 .time_critical.mutex_exit
                0x200001e4       0x4c CMakeFiles/dev_hid_composite.dir/Users/nikhilnayak/Downloads/pico/pico-sdk/src/common/pico_sync/mutex.c.obj
                0x200001e4                mutex_exit
 .time_critical.flash_init_boot2_copyout
                0x20000230       0x30 CMakeFiles/dev_hid_composite.dir/Users/nikhilnayak/Downloads/pico/pico-sdk/src/rp2_common/hardware_flash/flash.c.obj
 .time_critical.flash_enable_xip_via_boot2
                0x20000260        0xc CMakeFiles/dev_hid_composite.dir/Users/nikhilnayak/Downloads/pico/pico-sdk/src/rp2_common/hardware_flash/flash.c.obj
 .time_critical.flash_cs_force
                0x2000026c       0x28 CMakeFiles/dev_hid_composite.dir/Users/nikhilnayak/Downloads/pico/pico-sdk/src/rp2_common/hardware_flash/flash.c.obj
 .time_critical.flash_do_cmd
                0x20000294       0xd8 CMakeFiles/dev_hid_composite.dir/Users/nikhilnayak/Downloads/pico/pico-sdk/src/rp2_common/hardware_flash/flash.c.obj
                0x20000294                flash_do_cmd
 .time_critical.reset_non_control_endpoints
                0x2000036c       0x40 CMakeFiles/dev_hid_composite.dir/Users/nikhilnayak/Downloads/pico/pico-sdk/lib/tinyusb/src/portable/raspberrypi/rp2040/dcd_rp2040.c.obj
 .time_critical.hw_handle_buff_status
                0x200003ac       0xa4 CMakeFiles/dev_hid_composite.dir/Users/nikhilnayak/Downloads/pico/pico-sdk/lib/tinyusb/src/portable/raspberrypi/rp2040/dcd_rp2040.c.obj
 .time_critical.dcd_rp2040_irq